08-01 14:14:10.056  8632  8654 I TestRunner: started: clicking_horizontal_list_button_displays_horizontal_list(com.example.dogglers.ButtonTests)
08-01 14:14:10.061  8632  8654 W Settings: Setting always_finish_activities has moved from android.provider.Settings.System to android.provider.Settings.Global, returning read-only value.
08-01 14:14:10.066   512   532 D EventSequenceValidator: Transition from INTENT_FAILED to INTENT_STARTED
08-01 14:14:10.074   512   532 D EventSequenceValidator: Transition from INTENT_STARTED to ACTIVITY_LAUNCHED
08-01 14:14:10.075   512  3138 W InputReader: Device virtio_input_multi_touch_10 is associated with display ADISPLAY_ID_NONE.
08-01 14:14:10.075   512  3138 W InputReader: Device virtio_input_multi_touch_4 is associated with display ADISPLAY_ID_NONE.
08-01 14:14:10.075   512  3138 W InputReader: Device virtio_input_multi_touch_11 is associated with display ADISPLAY_ID_NONE.
08-01 14:14:10.075   512  3138 W InputReader: Device virtio_input_multi_touch_5 is associated with display ADISPLAY_ID_NONE.
08-01 14:14:10.075   512  3138 W InputReader: Device virtio_input_multi_touch_2 is associated with display ADISPLAY_ID_NONE.
08-01 14:14:10.075   512  3138 W InputReader: Device virtio_input_multi_touch_9 is associated with display ADISPLAY_ID_NONE.
08-01 14:14:10.075   512  3138 W InputReader: Device virtio_input_multi_touch_7 is associated with display ADISPLAY_ID_NONE.
08-01 14:14:10.075   512  3138 W InputReader: Device virtio_input_multi_touch_6 is associated with display ADISPLAY_ID_NONE.
08-01 14:14:10.075   512  3138 W InputReader: Device virtio_input_multi_touch_3 is associated with display ADISPLAY_ID_NONE.
08-01 14:14:10.075   512  3138 W InputReader: Device virtio_input_multi_touch_8 is associated with display ADISPLAY_ID_NONE.
08-01 14:14:10.075   512  3138 W InputReader: Device virtio_input_multi_touch_10 is associated with display ADISPLAY_ID_NONE.
08-01 14:14:10.075   512  3138 W InputReader: Device virtio_input_multi_touch_4 is associated with display ADISPLAY_ID_NONE.
08-01 14:14:10.075   512  3138 W InputReader: Device virtio_input_multi_touch_11 is associated with display ADISPLAY_ID_NONE.
08-01 14:14:10.075   512  3138 W InputReader: Device virtio_input_multi_touch_5 is associated with display ADISPLAY_ID_NONE.
08-01 14:14:10.075   512  3138 W InputReader: Device virtio_input_multi_touch_2 is associated with display ADISPLAY_ID_NONE.
08-01 14:14:10.075   512  3138 W InputReader: Device virtio_input_multi_touch_9 is associated with display ADISPLAY_ID_NONE.
08-01 14:14:10.075   512  3138 W InputReader: Device virtio_input_multi_touch_7 is associated with display ADISPLAY_ID_NONE.
08-01 14:14:10.075   512  3138 W InputReader: Device virtio_input_multi_touch_6 is associated with display ADISPLAY_ID_NONE.
08-01 14:14:10.075   512  3138 W InputReader: Device virtio_input_multi_touch_3 is associated with display ADISPLAY_ID_NONE.
08-01 14:14:10.075   512  3138 W InputReader: Device virtio_input_multi_touch_8 is associated with display ADISPLAY_ID_NONE.
08-01 14:14:10.083  8632  8632 D LifecycleMonitor: Lifecycle status change: androidx.test.core.app.InstrumentationActivityInvoker$BootstrapActivity@7cecae9 in: PRE_ON_CREATE
08-01 14:14:10.083  8632  8632 V ActivityScenario: Activity lifecycle changed event received but ignored because the intent does not match. startActivityIntent=Intent { act=android.intent.action.MAIN cat=[android.intent.category.LAUNCHER] cmp=com.example.dogglers/.MainActivity }, activity.getIntent()=Intent { act=android.intent.action.MAIN cat=[android.intent.category.LAUNCHER] flg=0x10008000 cmp=com.example.dogglers/androidx.test.core.app.InstrumentationActivityInvoker$BootstrapActivity (has extras) }, activity=androidx.test.core.app.InstrumentationActivityInvoker$BootstrapActivity@7cecae9
08-01 14:14:10.091  8632  8632 D LifecycleMonitor: Lifecycle status change: androidx.test.core.app.InstrumentationActivityInvoker$BootstrapActivity@7cecae9 in: CREATED
08-01 14:14:10.091  8632  8632 V ActivityScenario: Activity lifecycle changed event received but ignored because the intent does not match. startActivityIntent=Intent { act=android.intent.action.MAIN cat=[android.intent.category.LAUNCHER] cmp=com.example.dogglers/.MainActivity }, activity.getIntent()=Intent { act=android.intent.action.MAIN cat=[android.intent.category.LAUNCHER] flg=0x10008000 cmp=com.example.dogglers/androidx.test.core.app.InstrumentationActivityInvoker$BootstrapActivity (has extras) }, activity=androidx.test.core.app.InstrumentationActivityInvoker$BootstrapActivity@7cecae9
08-01 14:14:10.093   311  1166 D goldfish-address-space: claimShared: Ask to claim region [0x3f57bb000 0x3f5fa4000]
08-01 14:14:10.095  8632  8632 D LifecycleMonitor: Lifecycle status change: androidx.test.core.app.InstrumentationActivityInvoker$BootstrapActivity@7cecae9 in: STARTED
08-01 14:14:10.095  8632  8632 V ActivityScenario: Activity lifecycle changed event received but ignored because the intent does not match. startActivityIntent=Intent { act=android.intent.action.MAIN cat=[android.intent.category.LAUNCHER] cmp=com.example.dogglers/.MainActivity }, activity.getIntent()=Intent { act=android.intent.action.MAIN cat=[android.intent.category.LAUNCHER] flg=0x10008000 cmp=com.example.dogglers/androidx.test.core.app.InstrumentationActivityInvoker$BootstrapActivity (has extras) }, activity=androidx.test.core.app.InstrumentationActivityInvoker$BootstrapActivity@7cecae9
08-01 14:14:10.100  8632  8632 D LifecycleMonitor: Lifecycle status change: androidx.test.core.app.InstrumentationActivityInvoker$BootstrapActivity@7cecae9 in: RESUMED
08-01 14:14:10.101  8632  8632 V ActivityScenario: Activity lifecycle changed event received but ignored because the intent does not match. startActivityIntent=Intent { act=android.intent.action.MAIN cat=[android.intent.category.LAUNCHER] cmp=com.example.dogglers/.MainActivity }, activity.getIntent()=Intent { act=android.intent.action.MAIN cat=[android.intent.category.LAUNCHER] flg=0x10008000 cmp=com.example.dogglers/androidx.test.core.app.InstrumentationActivityInvoker$BootstrapActivity (has extras) }, activity=androidx.test.core.app.InstrumentationActivityInvoker$BootstrapActivity@7cecae9
08-01 14:14:10.102  8632  8632 D LifecycleMonitor: Lifecycle status change: androidx.test.core.app.InstrumentationActivityInvoker$BootstrapActivity@7cecae9 in: PAUSED
08-01 14:14:10.103  8632  8632 V ActivityScenario: Activity lifecycle changed event received but ignored because the intent does not match. startActivityIntent=Intent { act=android.intent.action.MAIN cat=[android.intent.category.LAUNCHER] cmp=com.example.dogglers/.MainActivity }, activity.getIntent()=Intent { act=android.intent.action.MAIN cat=[android.intent.category.LAUNCHER] flg=0x10008000 cmp=com.example.dogglers/androidx.test.core.app.InstrumentationActivityInvoker$BootstrapActivity (has extras) }, activity=androidx.test.core.app.InstrumentationActivityInvoker$BootstrapActivity@7cecae9
08-01 14:14:10.103   512  3138 W InputReader: Device virtio_input_multi_touch_10 is associated with display ADISPLAY_ID_NONE.
08-01 14:14:10.103   512  3138 W InputReader: Device virtio_input_multi_touch_4 is associated with display ADISPLAY_ID_NONE.
08-01 14:14:10.103   512  3138 W InputReader: Device virtio_input_multi_touch_11 is associated with display ADISPLAY_ID_NONE.
08-01 14:14:10.103   512  3138 W InputReader: Device virtio_input_multi_touch_5 is associated with display ADISPLAY_ID_NONE.
08-01 14:14:10.103   512  3138 W InputReader: Device virtio_input_multi_touch_2 is associated with display ADISPLAY_ID_NONE.
08-01 14:14:10.103   512  3138 W InputReader: Device virtio_input_multi_touch_9 is associated with display ADISPLAY_ID_NONE.
08-01 14:14:10.103   512  3138 W InputReader: Device virtio_input_multi_touch_7 is associated with display ADISPLAY_ID_NONE.
08-01 14:14:10.103   512  3138 W InputReader: Device virtio_input_multi_touch_6 is associated with display ADISPLAY_ID_NONE.
08-01 14:14:10.103   512  3138 W InputReader: Device virtio_input_multi_touch_3 is associated with display ADISPLAY_ID_NONE.
08-01 14:14:10.104   512  3138 W InputReader: Device virtio_input_multi_touch_8 is associated with display ADISPLAY_ID_NONE.
08-01 14:14:10.104   512  3138 W InputReader: Device virtio_input_multi_touch_10 is associated with display ADISPLAY_ID_NONE.
08-01 14:14:10.104   512  3138 W InputReader: Device virtio_input_multi_touch_4 is associated with display ADISPLAY_ID_NONE.
08-01 14:14:10.104   512  3138 W InputReader: Device virtio_input_multi_touch_11 is associated with display ADISPLAY_ID_NONE.
08-01 14:14:10.104   512  3138 W InputReader: Device virtio_input_multi_touch_5 is associated with display ADISPLAY_ID_NONE.
08-01 14:14:10.104   512  3138 W InputReader: Device virtio_input_multi_touch_2 is associated with display ADISPLAY_ID_NONE.
08-01 14:14:10.104   512  3138 W InputReader: Device virtio_input_multi_touch_9 is associated with display ADISPLAY_ID_NONE.
08-01 14:14:10.104   512  3138 W InputReader: Device virtio_input_multi_touch_7 is associated with display ADISPLAY_ID_NONE.
08-01 14:14:10.104   512  3138 W InputReader: Device virtio_input_multi_touch_6 is associated with display ADISPLAY_ID_NONE.
08-01 14:14:10.104   512  3138 W InputReader: Device virtio_input_multi_touch_3 is associated with display ADISPLAY_ID_NONE.
08-01 14:14:10.104   512  3138 W InputReader: Device virtio_input_multi_touch_8 is associated with display ADISPLAY_ID_NONE.
08-01 14:14:10.130  8632  8632 D LifecycleMonitor: Lifecycle status change: com.example.dogglers.MainActivity@c73a82b in: PRE_ON_CREATE
08-01 14:14:10.131  8632  8632 V ActivityScenario: Activity lifecycle changed event received but ignored because the reported transition was not ON_CREATE while the last known transition was PRE_ON_CREATE
08-01 14:14:10.164   311  1166 D goldfish-address-space: claimShared: Ask to claim region [0x3f7486000 0x3f7c6f000]
08-01 14:14:10.178  8632  8632 D LifecycleMonitor: Lifecycle status change: com.example.dogglers.MainActivity@c73a82b in: CREATED
08-01 14:14:10.179  8632  8632 V ActivityScenario: Update currentActivityStage to CREATED, currentActivity=com.example.dogglers.MainActivity@c73a82b
08-01 14:14:10.182  8632  8632 D LifecycleMonitor: Lifecycle status change: com.example.dogglers.MainActivity@c73a82b in: STARTED
08-01 14:14:10.182  8632  8632 V ActivityScenario: Update currentActivityStage to STARTED, currentActivity=com.example.dogglers.MainActivity@c73a82b
08-01 14:14:10.183  8632  8632 D LifecycleMonitor: Lifecycle status change: com.example.dogglers.MainActivity@c73a82b in: RESUMED
08-01 14:14:10.183  8632  8632 V ActivityScenario: Update currentActivityStage to RESUMED, currentActivity=com.example.dogglers.MainActivity@c73a82b
08-01 14:14:10.190  8632  8654 W xample.doggler: Accessing hidden method Landroid/view/ViewConfiguration;->getDoubleTapMinTime()I (greylist, reflection, allowed)
08-01 14:14:10.213   311  1166 D goldfish-address-space: claimShared: Ask to claim region [0x3f5fa4000 0x3f678d000]
08-01 14:14:10.217   311  1166 D goldfish-address-space: claimShared: Ask to claim region [0x3f678d000 0x3f6f76000]
08-01 14:14:10.226   311  1166 D goldfish-address-space: claimShared: Ask to claim region [0x3f47e9000 0x3f4fd2000]
08-01 14:14:10.245   512   538 D ArtManagerInternalImpl: /data/misc/iorapd/com.example.dogglers/1/com.example.dogglers.MainActivity/compiled_traces/compiled_trace.pb doesn't exist
08-01 14:14:10.245   512   538 I ActivityTaskManager: Displayed com.example.dogglers/.MainActivity: +177ms
08-01 14:14:10.245   512   532 D EventSequenceValidator: Transition from ACTIVITY_LAUNCHED to ACTIVITY_FINISHED
08-01 14:14:10.258  8632  8632 D RootViewPicker: Root not ready - waiting: 10ms for one to appear.
08-01 14:14:10.290  1371  8271 I PBSessionCacheImpl: (REDACTED) Deleted sessionId[%d] from persistence.
08-01 14:14:10.294  8632  8632 D LifecycleMonitor: Lifecycle status change: androidx.test.core.app.InstrumentationActivityInvoker$BootstrapActivity@7cecae9 in: STOPPED
08-01 14:14:10.295  8632  8632 V ActivityScenario: Activity lifecycle changed event received but ignored because the intent does not match. startActivityIntent=Intent { act=android.intent.action.MAIN cat=[android.intent.category.LAUNCHER] cmp=com.example.dogglers/.MainActivity }, activity.getIntent()=Intent { act=android.intent.action.MAIN cat=[android.intent.category.LAUNCHER] flg=0x10008000 cmp=com.example.dogglers/androidx.test.core.app.InstrumentationActivityInvoker$BootstrapActivity (has extras) }, activity=androidx.test.core.app.InstrumentationActivityInvoker$BootstrapActivity@7cecae9
08-01 14:14:10.302  8632  8632 I ViewInteraction: Performing 'single click' action on view view.getId() is <2131230943/com.example.dogglers:id/horizontal_btn>
08-01 14:14:10.304  1371  2068 W SearchServiceCore: Abort, client detached.
08-01 14:14:10.352   512   532 D EventSequenceValidator: Transition from ACTIVITY_FINISHED to INTENT_STARTED
08-01 14:14:10.355   512  3138 I system_server: oneway function results will be dropped but finished with status OK and parcel size 4
08-01 14:14:10.355   512  3138 I system_server: oneway function results will be dropped but finished with status OK and parcel size 4
08-01 14:14:10.360   512   532 D EventSequenceValidator: Transition from INTENT_STARTED to INTENT_FAILED
08-01 14:14:10.360  8632  8632 D LifecycleMonitor: Lifecycle status change: com.example.dogglers.MainActivity@c73a82b in: PAUSED
08-01 14:14:10.361   512  3138 I system_server: oneway function results will be dropped but finished with status OK and parcel size 4
08-01 14:14:10.361  8632  8632 V ActivityScenario: Update currentActivityStage to PAUSED, currentActivity=com.example.dogglers.MainActivity@c73a82b
08-01 14:14:10.362   512  3138 W InputReader: Device virtio_input_multi_touch_10 is associated with display ADISPLAY_ID_NONE.
08-01 14:14:10.362   512  3138 W InputReader: Device virtio_input_multi_touch_4 is associated with display ADISPLAY_ID_NONE.
08-01 14:14:10.362   512  3138 W InputReader: Device virtio_input_multi_touch_11 is associated with display ADISPLAY_ID_NONE.
08-01 14:14:10.362   512  3138 W InputReader: Device virtio_input_multi_touch_5 is associated with display ADISPLAY_ID_NONE.
08-01 14:14:10.362   512  3138 W InputReader: Device virtio_input_multi_touch_2 is associated with display ADISPLAY_ID_NONE.
08-01 14:14:10.362   512  3138 W InputReader: Device virtio_input_multi_touch_9 is associated with display ADISPLAY_ID_NONE.
08-01 14:14:10.362   512  3138 W InputReader: Device virtio_input_multi_touch_7 is associated with display ADISPLAY_ID_NONE.
08-01 14:14:10.362   512  3138 W InputReader: Device virtio_input_multi_touch_6 is associated with display ADISPLAY_ID_NONE.
08-01 14:14:10.362   512  3138 W InputReader: Device virtio_input_multi_touch_3 is associated with display ADISPLAY_ID_NONE.
08-01 14:14:10.362   512  3138 W InputReader: Device virtio_input_multi_touch_8 is associated with display ADISPLAY_ID_NONE.
08-01 14:14:10.362   512  3138 W InputReader: Device virtio_input_multi_touch_10 is associated with display ADISPLAY_ID_NONE.
08-01 14:14:10.362   512  3138 W InputReader: Device virtio_input_multi_touch_4 is associated with display ADISPLAY_ID_NONE.
08-01 14:14:10.362   512  3138 W InputReader: Device virtio_input_multi_touch_11 is associated with display ADISPLAY_ID_NONE.
08-01 14:14:10.362   512  3138 W InputReader: Device virtio_input_multi_touch_5 is associated with display ADISPLAY_ID_NONE.
08-01 14:14:10.362   512  3138 W InputReader: Device virtio_input_multi_touch_2 is associated with display ADISPLAY_ID_NONE.
08-01 14:14:10.362   512  3138 W InputReader: Device virtio_input_multi_touch_9 is associated with display ADISPLAY_ID_NONE.
08-01 14:14:10.362   512  3138 W InputReader: Device virtio_input_multi_touch_7 is associated with display ADISPLAY_ID_NONE.
08-01 14:14:10.362   512  3138 W InputReader: Device virtio_input_multi_touch_6 is associated with display ADISPLAY_ID_NONE.
08-01 14:14:10.362   512  3138 W InputReader: Device virtio_input_multi_touch_3 is associated with display ADISPLAY_ID_NONE.
08-01 14:14:10.362   512  3138 W InputReader: Device virtio_input_multi_touch_8 is associated with display ADISPLAY_ID_NONE.
08-01 14:14:10.375  8632  8632 D LifecycleMonitor: Lifecycle status change: com.example.dogglers.HorizontalListActivity@7e9f43e in: PRE_ON_CREATE
08-01 14:14:10.375  8632  8632 V ActivityScenario: Activity lifecycle changed event received but ignored because the intent does not match. startActivityIntent=Intent { act=android.intent.action.MAIN cat=[android.intent.category.LAUNCHER] cmp=com.example.dogglers/.MainActivity }, activity.getIntent()=Intent { cmp=com.example.dogglers/.HorizontalListActivity }, activity=com.example.dogglers.HorizontalListActivity@7e9f43e
08-01 14:14:10.471  8632  8632 D LifecycleMonitor: Lifecycle status change: com.example.dogglers.HorizontalListActivity@7e9f43e in: CREATED
08-01 14:14:10.472  8632  8632 V ActivityScenario: Activity lifecycle changed event received but ignored because the intent does not match. startActivityIntent=Intent { act=android.intent.action.MAIN cat=[android.intent.category.LAUNCHER] cmp=com.example.dogglers/.MainActivity }, activity.getIntent()=Intent { cmp=com.example.dogglers/.HorizontalListActivity }, activity=com.example.dogglers.HorizontalListActivity@7e9f43e
08-01 14:14:10.478  8632  8632 D LifecycleMonitor: Lifecycle status change: com.example.dogglers.HorizontalListActivity@7e9f43e in: STARTED
08-01 14:14:10.478  8632  8632 V ActivityScenario: Activity lifecycle changed event received but ignored because the intent does not match. startActivityIntent=Intent { act=android.intent.action.MAIN cat=[android.intent.category.LAUNCHER] cmp=com.example.dogglers/.MainActivity }, activity.getIntent()=Intent { cmp=com.example.dogglers/.HorizontalListActivity }, activity=com.example.dogglers.HorizontalListActivity@7e9f43e
08-01 14:14:10.480  8632  8632 D LifecycleMonitor: Lifecycle status change: com.example.dogglers.HorizontalListActivity@7e9f43e in: RESUMED
08-01 14:14:10.480  8632  8632 V ActivityScenario: Activity lifecycle changed event received but ignored because the intent does not match. startActivityIntent=Intent { act=android.intent.action.MAIN cat=[android.intent.category.LAUNCHER] cmp=com.example.dogglers/.MainActivity }, activity.getIntent()=Intent { cmp=com.example.dogglers/.HorizontalListActivity }, activity=com.example.dogglers.HorizontalListActivity@7e9f43e
08-01 14:14:10.494   512  3138 I system_server: oneway function results will be dropped but finished with status OK and parcel size 4
08-01 14:14:10.544   311  1166 D goldfish-address-space: claimShared: Ask to claim region [0x3f4000000 0x3f47e9000]
08-01 14:14:10.550   311  1166 D goldfish-address-space: claimShared: Ask to claim region [0x3f7486000 0x3f7c6f000]
08-01 14:14:10.551   311  1166 D goldfish-address-space: claimShared: Ask to claim region [0x3f4fd2000 0x3f57bb000]
08-01 14:14:10.582   512   538 I ActivityTaskManager: Displayed com.example.dogglers/.HorizontalListActivity: +228ms
08-01 14:14:10.831  8632  8632 I ViewInteraction: Checking 'MatchesViewAssertion{viewMatcher=(view has effective visibility <VISIBLE> and view.getGlobalVisibleRect() to return non-empty rectangle)}' assertion on view view.getId() is <2131230945/com.example.dogglers:id/horizontal_recycler_view>
08-01 14:14:10.835   512   532 D EventSequenceValidator: Transition from INTENT_FAILED to INTENT_STARTED
08-01 14:14:10.840   512   532 D EventSequenceValidator: Transition from INTENT_STARTED to INTENT_FAILED
08-01 14:14:10.841  8632  8632 D LifecycleMonitor: Lifecycle status change: com.example.dogglers.HorizontalListActivity@7e9f43e in: PAUSED
08-01 14:14:10.842  8632  8632 V ActivityScenario: Activity lifecycle changed event received but ignored because the intent does not match. startActivityIntent=Intent { act=android.intent.action.MAIN cat=[android.intent.category.LAUNCHER] cmp=com.example.dogglers/.MainActivity }, activity.getIntent()=Intent { cmp=com.example.dogglers/.HorizontalListActivity }, activity=com.example.dogglers.HorizontalListActivity@7e9f43e
08-01 14:14:10.842   512  3855 W InputReader: Device virtio_input_multi_touch_10 is associated with display ADISPLAY_ID_NONE.
08-01 14:14:10.842   512  3855 W InputReader: Device virtio_input_multi_touch_4 is associated with display ADISPLAY_ID_NONE.
08-01 14:14:10.842   512  3855 W InputReader: Device virtio_input_multi_touch_11 is associated with display ADISPLAY_ID_NONE.
08-01 14:14:10.842   512  3855 W InputReader: Device virtio_input_multi_touch_5 is associated with display ADISPLAY_ID_NONE.
08-01 14:14:10.842   512  3855 W InputReader: Device virtio_input_multi_touch_2 is associated with display ADISPLAY_ID_NONE.
08-01 14:14:10.842   512  3855 W InputReader: Device virtio_input_multi_touch_9 is associated with display ADISPLAY_ID_NONE.
08-01 14:14:10.842   512  3855 W InputReader: Device virtio_input_multi_touch_7 is associated with display ADISPLAY_ID_NONE.
08-01 14:14:10.843   512  3855 W InputReader: Device virtio_input_multi_touch_6 is associated with display ADISPLAY_ID_NONE.
08-01 14:14:10.843   512  3855 W InputReader: Device virtio_input_multi_touch_3 is associated with display ADISPLAY_ID_NONE.
08-01 14:14:10.843   512  3855 W InputReader: Device virtio_input_multi_touch_8 is associated with display ADISPLAY_ID_NONE.
08-01 14:14:10.843   512  3855 W InputReader: Device virtio_input_multi_touch_10 is associated with display ADISPLAY_ID_NONE.
08-01 14:14:10.843   512  3855 W InputReader: Device virtio_input_multi_touch_4 is associated with display ADISPLAY_ID_NONE.
08-01 14:14:10.843   512  3855 W InputReader: Device virtio_input_multi_touch_11 is associated with display ADISPLAY_ID_NONE.
08-01 14:14:10.843   512  3855 W InputReader: Device virtio_input_multi_touch_5 is associated with display ADISPLAY_ID_NONE.
08-01 14:14:10.843   512  3855 W InputReader: Device virtio_input_multi_touch_2 is associated with display ADISPLAY_ID_NONE.
08-01 14:14:10.843   512  3855 W InputReader: Device virtio_input_multi_touch_9 is associated with display ADISPLAY_ID_NONE.
08-01 14:14:10.843   512  3855 W InputReader: Device virtio_input_multi_touch_7 is associated with display ADISPLAY_ID_NONE.
08-01 14:14:10.843   512  3855 W InputReader: Device virtio_input_multi_touch_6 is associated with display ADISPLAY_ID_NONE.
08-01 14:14:10.843   512  3855 W InputReader: Device virtio_input_multi_touch_3 is associated with display ADISPLAY_ID_NONE.
08-01 14:14:10.843   512  3855 W InputReader: Device virtio_input_multi_touch_8 is associated with display ADISPLAY_ID_NONE.
08-01 14:14:10.848  8632  8632 D LifecycleMonitor: Lifecycle status change: androidx.test.core.app.InstrumentationActivityInvoker$EmptyActivity@3730398 in: PRE_ON_CREATE
08-01 14:14:10.848  8632  8632 V ActivityScenario: Activity lifecycle changed event received but ignored because the intent does not match. startActivityIntent=Intent { act=android.intent.action.MAIN cat=[android.intent.category.LAUNCHER] cmp=com.example.dogglers/.MainActivity }, activity.getIntent()=Intent { act=android.intent.action.MAIN cat=[android.intent.category.LAUNCHER] flg=0x10000000 cmp=com.example.dogglers/androidx.test.core.app.InstrumentationActivityInvoker$EmptyActivity }, activity=androidx.test.core.app.InstrumentationActivityInvoker$EmptyActivity@3730398
08-01 14:14:10.853  8632  8632 D LifecycleMonitor: Lifecycle status change: androidx.test.core.app.InstrumentationActivityInvoker$EmptyActivity@3730398 in: CREATED
08-01 14:14:10.854  8632  8632 V ActivityScenario: Activity lifecycle changed event received but ignored because the intent does not match. startActivityIntent=Intent { act=android.intent.action.MAIN cat=[android.intent.category.LAUNCHER] cmp=com.example.dogglers/.MainActivity }, activity.getIntent()=Intent { act=android.intent.action.MAIN cat=[android.intent.category.LAUNCHER] flg=0x10000000 cmp=com.example.dogglers/androidx.test.core.app.InstrumentationActivityInvoker$EmptyActivity }, activity=androidx.test.core.app.InstrumentationActivityInvoker$EmptyActivity@3730398
08-01 14:14:10.860  8632  8632 D LifecycleMonitor: Lifecycle status change: androidx.test.core.app.InstrumentationActivityInvoker$EmptyActivity@3730398 in: STARTED
08-01 14:14:10.861  8632  8632 V ActivityScenario: Activity lifecycle changed event received but ignored because the intent does not match. startActivityIntent=Intent { act=android.intent.action.MAIN cat=[android.intent.category.LAUNCHER] cmp=com.example.dogglers/.MainActivity }, activity.getIntent()=Intent { act=android.intent.action.MAIN cat=[android.intent.category.LAUNCHER] flg=0x10000000 cmp=com.example.dogglers/androidx.test.core.app.InstrumentationActivityInvoker$EmptyActivity }, activity=androidx.test.core.app.InstrumentationActivityInvoker$EmptyActivity@3730398
08-01 14:14:10.862  8632  8632 D LifecycleMonitor: Lifecycle status change: androidx.test.core.app.InstrumentationActivityInvoker$EmptyActivity@3730398 in: RESUMED
08-01 14:14:10.862  8632  8632 V ActivityScenario: Activity lifecycle changed event received but ignored because the intent does not match. startActivityIntent=Intent { act=android.intent.action.MAIN cat=[android.intent.category.LAUNCHER] cmp=com.example.dogglers/.MainActivity }, activity.getIntent()=Intent { act=android.intent.action.MAIN cat=[android.intent.category.LAUNCHER] flg=0x10000000 cmp=com.example.dogglers/androidx.test.core.app.InstrumentationActivityInvoker$EmptyActivity }, activity=androidx.test.core.app.InstrumentationActivityInvoker$EmptyActivity@3730398
08-01 14:14:10.883   311  1166 D goldfish-address-space: claimShared: Ask to claim region [0x3f57bb000 0x3f5fa4000]
08-01 14:14:10.887   311  1166 D goldfish-address-space: claimShared: Ask to claim region [0x3f8000000 0x3f87e9000]
08-01 14:14:10.888   311  1166 D goldfish-address-space: claimShared: Ask to claim region [0x3fb108000 0x3fb8f1000]
08-01 14:14:10.905   512   538 I ActivityTaskManager: Displayed com.example.dogglers/androidx.test.core.app.InstrumentationActivityInvoker$EmptyActivity: +69ms
08-01 14:14:10.911   512   532 D EventSequenceValidator: Transition from INTENT_FAILED to INTENT_STARTED
08-01 14:14:10.914  8632  8632 D LifecycleMonitor: Lifecycle status change: com.example.dogglers.MainActivity@c73a82b in: STOPPED
08-01 14:14:10.915  8632  8632 V ActivityScenario: Update currentActivityStage to STOPPED, currentActivity=com.example.dogglers.MainActivity@c73a82b
08-01 14:14:10.915   512   532 D EventSequenceValidator: Transition from INTENT_STARTED to INTENT_FAILED
08-01 14:14:10.917  8632  8632 D LifecycleMonitor: Lifecycle status change: com.example.dogglers.MainActivity@c73a82b in: DESTROYED
08-01 14:14:10.917  8632  8632 V ActivityScenario: Update currentActivityStage to DESTROYED, currentActivity=null
08-01 14:14:10.931  8632  8632 D LifecycleMonitor: Lifecycle status change: androidx.test.core.app.InstrumentationActivityInvoker$EmptyActivity@3730398 in: PAUSED
08-01 14:14:10.931  8632  8632 V ActivityScenario: Activity lifecycle changed event received but ignored because the intent does not match. startActivityIntent=Intent { act=android.intent.action.MAIN cat=[android.intent.category.LAUNCHER] cmp=com.example.dogglers/.MainActivity }, activity.getIntent()=Intent { act=android.intent.action.MAIN cat=[android.intent.category.LAUNCHER] flg=0x10000000 cmp=com.example.dogglers/androidx.test.core.app.InstrumentationActivityInvoker$EmptyActivity }, activity=androidx.test.core.app.InstrumentationActivityInvoker$EmptyActivity@3730398
08-01 14:14:10.932   512  3138 W InputReader: Device virtio_input_multi_touch_10 is associated with display ADISPLAY_ID_NONE.
08-01 14:14:10.932   512  3138 W InputReader: Device virtio_input_multi_touch_4 is associated with display ADISPLAY_ID_NONE.
08-01 14:14:10.932   512  3138 W InputReader: Device virtio_input_multi_touch_11 is associated with display ADISPLAY_ID_NONE.
08-01 14:14:10.932   512  3138 W InputReader: Device virtio_input_multi_touch_5 is associated with display ADISPLAY_ID_NONE.
08-01 14:14:10.932   512  3138 W InputReader: Device virtio_input_multi_touch_2 is associated with display ADISPLAY_ID_NONE.
08-01 14:14:10.932   512  3138 W InputReader: Device virtio_input_multi_touch_9 is associated with display ADISPLAY_ID_NONE.
08-01 14:14:10.933   512  3138 W InputReader: Device virtio_input_multi_touch_7 is associated with display ADISPLAY_ID_NONE.
08-01 14:14:10.933   512  3138 W InputReader: Device virtio_input_multi_touch_6 is associated with display ADISPLAY_ID_NONE.
08-01 14:14:10.933   512  3138 W InputReader: Device virtio_input_multi_touch_3 is associated with display ADISPLAY_ID_NONE.
08-01 14:14:10.933   512  3138 W InputReader: Device virtio_input_multi_touch_8 is associated with display ADISPLAY_ID_NONE.
08-01 14:14:10.933   512  3138 W InputReader: Device virtio_input_multi_touch_10 is associated with display ADISPLAY_ID_NONE.
08-01 14:14:10.933   512  3138 W InputReader: Device virtio_input_multi_touch_4 is associated with display ADISPLAY_ID_NONE.
08-01 14:14:10.933   512  3138 W InputReader: Device virtio_input_multi_touch_11 is associated with display ADISPLAY_ID_NONE.
08-01 14:14:10.933   512  3138 W InputReader: Device virtio_input_multi_touch_5 is associated with display ADISPLAY_ID_NONE.
08-01 14:14:10.933   512  3138 W InputReader: Device virtio_input_multi_touch_2 is associated with display ADISPLAY_ID_NONE.
08-01 14:14:10.933   512  3138 W InputReader: Device virtio_input_multi_touch_9 is associated with display ADISPLAY_ID_NONE.
08-01 14:14:10.933   512  3138 W InputReader: Device virtio_input_multi_touch_7 is associated with display ADISPLAY_ID_NONE.
08-01 14:14:10.933   512  3138 W InputReader: Device virtio_input_multi_touch_6 is associated with display ADISPLAY_ID_NONE.
08-01 14:14:10.933   512  3138 W InputReader: Device virtio_input_multi_touch_3 is associated with display ADISPLAY_ID_NONE.
08-01 14:14:10.933   512  3138 W InputReader: Device virtio_input_multi_touch_8 is associated with display ADISPLAY_ID_NONE.
08-01 14:14:10.936  8632  8632 D LifecycleMonitor: Lifecycle status change: androidx.test.core.app.InstrumentationActivityInvoker$BootstrapActivity@7cecae9 in: DESTROYED
08-01 14:14:10.937  8632  8632 V ActivityScenario: Activity lifecycle changed event received but ignored because the intent does not match. startActivityIntent=Intent { act=android.intent.action.MAIN cat=[android.intent.category.LAUNCHER] cmp=com.example.dogglers/.MainActivity }, activity.getIntent()=Intent { act=android.intent.action.MAIN cat=[android.intent.category.LAUNCHER] flg=0x10008000 cmp=com.example.dogglers/androidx.test.core.app.InstrumentationActivityInvoker$BootstrapActivity (has extras) }, activity=androidx.test.core.app.InstrumentationActivityInvoker$BootstrapActivity@7cecae9
08-01 14:14:10.945  8632  8632 D LifecycleMonitor: Lifecycle status change: androidx.test.core.app.InstrumentationActivityInvoker$EmptyActivity@15933ae in: PRE_ON_CREATE
08-01 14:14:10.946  8632  8632 V ActivityScenario: Activity lifecycle changed event received but ignored because the intent does not match. startActivityIntent=Intent { act=android.intent.action.MAIN cat=[android.intent.category.LAUNCHER] cmp=com.example.dogglers/.MainActivity }, activity.getIntent()=Intent { act=android.intent.action.MAIN cat=[android.intent.category.LAUNCHER] flg=0x10000000 cmp=com.example.dogglers/androidx.test.core.app.InstrumentationActivityInvoker$EmptyActivity }, activity=androidx.test.core.app.InstrumentationActivityInvoker$EmptyActivity@15933ae
08-01 14:14:10.951  8632  8632 D LifecycleMonitor: Lifecycle status change: androidx.test.core.app.InstrumentationActivityInvoker$EmptyActivity@15933ae in: CREATED
08-01 14:14:10.952  8632  8632 V ActivityScenario: Activity lifecycle changed event received but ignored because the intent does not match. startActivityIntent=Intent { act=android.intent.action.MAIN cat=[android.intent.category.LAUNCHER] cmp=com.example.dogglers/.MainActivity }, activity.getIntent()=Intent { act=android.intent.action.MAIN cat=[android.intent.category.LAUNCHER] flg=0x10000000 cmp=com.example.dogglers/androidx.test.core.app.InstrumentationActivityInvoker$EmptyActivity }, activity=androidx.test.core.app.InstrumentationActivityInvoker$EmptyActivity@15933ae
08-01 14:14:10.953  8632  8632 D LifecycleMonitor: Lifecycle status change: androidx.test.core.app.InstrumentationActivityInvoker$EmptyActivity@15933ae in: STARTED
08-01 14:14:10.954  8632  8632 V ActivityScenario: Activity lifecycle changed event received but ignored because the intent does not match. startActivityIntent=Intent { act=android.intent.action.MAIN cat=[android.intent.category.LAUNCHER] cmp=com.example.dogglers/.MainActivity }, activity.getIntent()=Intent { act=android.intent.action.MAIN cat=[android.intent.category.LAUNCHER] flg=0x10000000 cmp=com.example.dogglers/androidx.test.core.app.InstrumentationActivityInvoker$EmptyActivity }, activity=androidx.test.core.app.InstrumentationActivityInvoker$EmptyActivity@15933ae
08-01 14:14:10.955  8632  8632 D LifecycleMonitor: Lifecycle status change: androidx.test.core.app.InstrumentationActivityInvoker$EmptyActivity@15933ae in: RESUMED
08-01 14:14:10.955  8632  8632 V ActivityScenario: Activity lifecycle changed event received but ignored because the intent does not match. startActivityIntent=Intent { act=android.intent.action.MAIN cat=[android.intent.category.LAUNCHER] cmp=com.example.dogglers/.MainActivity }, activity.getIntent()=Intent { act=android.intent.action.MAIN cat=[android.intent.category.LAUNCHER] flg=0x10000000 cmp=com.example.dogglers/androidx.test.core.app.InstrumentationActivityInvoker$EmptyActivity }, activity=androidx.test.core.app.InstrumentationActivityInvoker$EmptyActivity@15933ae
08-01 14:14:10.983   311  1166 D goldfish-address-space: claimShared: Ask to claim region [0x3f47e9000 0x3f4fd2000]
08-01 14:14:10.988   311  1166 D goldfish-address-space: claimShared: Ask to claim region [0x3f678d000 0x3f6f76000]
08-01 14:14:10.989   311  1166 D goldfish-address-space: claimShared: Ask to claim region [0x3f8fb0000 0x3f9799000]
08-01 14:14:10.998   512   538 I ActivityTaskManager: Displayed com.example.dogglers/androidx.test.core.app.InstrumentationActivityInvoker$EmptyActivity: +85ms
08-01 14:14:11.014   311  1166 D goldfish-address-space: claimShared: Ask to claim region [0x3f4fd2000 0x3f54e2000]
08-01 14:14:11.024  8632  8632 D LifecycleMonitor: Lifecycle status change: androidx.test.core.app.InstrumentationActivityInvoker$EmptyActivity@3730398 in: STOPPED
08-01 14:14:11.025  8632  8632 V ActivityScenario: Activity lifecycle changed event received but ignored because the intent does not match. startActivityIntent=Intent { act=android.intent.action.MAIN cat=[android.intent.category.LAUNCHER] cmp=com.example.dogglers/.MainActivity }, activity.getIntent()=Intent { act=android.intent.action.MAIN cat=[android.intent.category.LAUNCHER] flg=0x10000000 cmp=com.example.dogglers/androidx.test.core.app.InstrumentationActivityInvoker$EmptyActivity }, activity=androidx.test.core.app.InstrumentationActivityInvoker$EmptyActivity@3730398
08-01 14:14:11.026  8632  8632 D LifecycleMonitor: Lifecycle status change: androidx.test.core.app.InstrumentationActivityInvoker$EmptyActivity@3730398 in: DESTROYED
08-01 14:14:11.026  8632  8632 V ActivityScenario: Activity lifecycle changed event received but ignored because the intent does not match. startActivityIntent=Intent { act=android.intent.action.MAIN cat=[android.intent.category.LAUNCHER] cmp=com.example.dogglers/.MainActivity }, activity.getIntent()=Intent { act=android.intent.action.MAIN cat=[android.intent.category.LAUNCHER] flg=0x10000000 cmp=com.example.dogglers/androidx.test.core.app.InstrumentationActivityInvoker$EmptyActivity }, activity=androidx.test.core.app.InstrumentationActivityInvoker$EmptyActivity@3730398
08-01 14:14:11.032   512  5493 D HostConnection: HostConnection::get() New Host Connection established 0xbc002e70, tid 5493
08-01 14:14:11.035  8632  8632 D LifecycleMonitor: Lifecycle status change: androidx.test.core.app.InstrumentationActivityInvoker$EmptyActivity@15933ae in: PAUSED
08-01 14:14:11.035  8632  8632 V ActivityScenario: Activity lifecycle changed event received but ignored because the intent does not match. startActivityIntent=Intent { act=android.intent.action.MAIN cat=[android.intent.category.LAUNCHER] cmp=com.example.dogglers/.MainActivity }, activity.getIntent()=Intent { act=android.intent.action.MAIN cat=[android.intent.category.LAUNCHER] flg=0x10000000 cmp=com.example.dogglers/androidx.test.core.app.InstrumentationActivityInvoker$EmptyActivity }, activity=androidx.test.core.app.InstrumentationActivityInvoker$EmptyActivity@15933ae
08-01 14:14:11.036   512  5493 D HostConnection: HostComposition ext ANDROID_EMU_CHECKSUM_HELPER_v1 ANDROID_EMU_native_sync_v2 ANDROID_EMU_native_sync_v3 ANDROID_EMU_native_sync_v4 ANDROID_EMU_dma_v1 ANDROID_EMU_direct_mem ANDROID_EMU_host_composition_v1 ANDROID_EMU_host_composition_v2 ANDROID_EMU_vulkan ANDROID_EMU_deferred_vulkan_commands ANDROID_EMU_vulkan_null_optional_strings ANDROID_EMU_vulkan_create_resources_with_requirements ANDROID_EMU_YUV_Cache ANDROID_EMU_vulkan_ignored_handles ANDROID_EMU_has_shared_slots_host_memory_allocator ANDROID_EMU_vulkan_free_memory_sync ANDROID_EMU_vulkan_shader_float16_int8 ANDROID_EMU_vulkan_async_queue_submit ANDROID_EMU_sync_buffer_data ANDROID_EMU_read_color_buffer_dma GL_OES_vertex_array_object GL_KHR_texture_compression_astc_ldr ANDROID_EMU_host_side_tracing ANDROID_EMU_gles_max_version_2
08-01 14:14:11.036   512  3138 W InputReader: Device virtio_input_multi_touch_10 is associated with display ADISPLAY_ID_NONE.
08-01 14:14:11.036   512  3138 W InputReader: Device virtio_input_multi_touch_4 is associated with display ADISPLAY_ID_NONE.
08-01 14:14:11.036   512  3138 W InputReader: Device virtio_input_multi_touch_11 is associated with display ADISPLAY_ID_NONE.
08-01 14:14:11.036   512  3138 W InputReader: Device virtio_input_multi_touch_5 is associated with display ADISPLAY_ID_NONE.
08-01 14:14:11.036   512  3138 W InputReader: Device virtio_input_multi_touch_2 is associated with display ADISPLAY_ID_NONE.
08-01 14:14:11.036   512  3138 W InputReader: Device virtio_input_multi_touch_9 is associated with display ADISPLAY_ID_NONE.
08-01 14:14:11.036   512  3138 W InputReader: Device virtio_input_multi_touch_7 is associated with display ADISPLAY_ID_NONE.
08-01 14:14:11.036   512  3138 W InputReader: Device virtio_input_multi_touch_6 is associated with display ADISPLAY_ID_NONE.
08-01 14:14:11.036   512  3138 W InputReader: Device virtio_input_multi_touch_3 is associated with display ADISPLAY_ID_NONE.
08-01 14:14:11.036   512  3138 W InputReader: Device virtio_input_multi_touch_8 is associated with display ADISPLAY_ID_NONE.
08-01 14:14:11.037   512  3138 W InputReader: Device virtio_input_multi_touch_10 is associated with display ADISPLAY_ID_NONE.
08-01 14:14:11.037   512  3138 W InputReader: Device virtio_input_multi_touch_4 is associated with display ADISPLAY_ID_NONE.
08-01 14:14:11.037   512  3138 W InputReader: Device virtio_input_multi_touch_11 is associated with display ADISPLAY_ID_NONE.
08-01 14:14:11.037   512  3138 W InputReader: Device virtio_input_multi_touch_5 is associated with display ADISPLAY_ID_NONE.
08-01 14:14:11.037   512  3138 W InputReader: Device virtio_input_multi_touch_2 is associated with display ADISPLAY_ID_NONE.
08-01 14:14:11.037   512  3138 W InputReader: Device virtio_input_multi_touch_9 is associated with display ADISPLAY_ID_NONE.
08-01 14:14:11.037   512  3138 W InputReader: Device virtio_input_multi_touch_7 is associated with display ADISPLAY_ID_NONE.
08-01 14:14:11.037   512  3138 W InputReader: Device virtio_input_multi_touch_6 is associated with display ADISPLAY_ID_NONE.
08-01 14:14:11.037   512  3138 W InputReader: Device virtio_input_multi_touch_3 is associated with display ADISPLAY_ID_NONE.
08-01 14:14:11.037   512  3138 W InputReader: Device virtio_input_multi_touch_8 is associated with display ADISPLAY_ID_NONE.
08-01 14:14:11.037   512  5493 W OpenGLRenderer: Failed to choose config with EGL_SWAP_BEHAVIOR_PRESERVED, retrying without...
08-01 14:14:11.041  8632  8632 D LifecycleMonitor: Lifecycle status change: com.example.dogglers.HorizontalListActivity@7e9f43e in: RESUMED
08-01 14:14:11.041  8632  8632 V ActivityScenario: Activity lifecycle changed event received but ignored because the intent does not match. startActivityIntent=Intent { act=android.intent.action.MAIN cat=[android.intent.category.LAUNCHER] cmp=com.example.dogglers/.MainActivity }, activity.getIntent()=Intent { cmp=com.example.dogglers/.HorizontalListActivity }, activity=com.example.dogglers.HorizontalListActivity@7e9f43e
08-01 14:14:11.048   512  5493 D EGL_emulation: eglCreateContext: 0xbc000630: maj 2 min 0 rcv 2
08-01 14:14:11.051   311  1166 D goldfish-address-space: claimShared: Ask to claim region [0x3f7486000 0x3f7c6f000]
08-01 14:14:11.087   688   705 W System  : A resource failed to call release.
08-01 14:14:11.088   512  5493 D EGL_emulation: eglMakeCurrent: 0xbc000630: ver 2 0 (tinfo 0xba6fd1b0) (first time)
08-01 14:14:11.099   311  1166 D goldfish-address-space: claimShared: Ask to claim region [0x3f54e2000 0x3f5ccb000]
08-01 14:14:11.101   311  1166 D goldfish-address-space: claimShared: Ask to claim region [0x3f5ccb000 0x3f64b4000]
08-01 14:14:11.122   311  1166 D goldfish-address-space: claimShared: Ask to claim region [0x3f54e2000 0x3f5ccb000]
08-01 14:14:11.135   311  1166 D goldfish-address-space: claimShared: Ask to claim region [0x3f4000000 0x3f47e9000]
08-01 14:14:11.166  8632  8654 I TestRunner: finished: clicking_horizontal_list_button_displays_horizontal_list(com.example.dogglers.ButtonTests)
