08-21 11:21:52.874 32218 32235 I FacsCacheGmsModule: API connection successful!
08-21 11:21:52.876 32218  1094 I FacsCacheGmsModule: Received 'getActivityControlsSettings' request from package 'com.google.android.gms', instance id 'gmscoreinmemoryfacscache_contact_uploads', version '1'...
08-21 11:21:52.879 32218  1094 I FacsCacheGmsModule: Operation 'getActivityControlsSettings' dispatched!
08-21 11:21:52.882 32218  3761 I FacsCacheGmsModule: Executing operation 'GetActivityControlsSettingsOperation'...
08-21 11:21:52.892 32218  5097 W WakefulBroadcastReceiv.: No active wake lock id #2
08-21 11:21:52.895 32009   526 W System  : ClassLoader referenced unknown path:
08-21 11:21:52.921 32218  3761 I FacsCacheGmsModule: Operation 'GetActivityControlsSettingsOperation' successful!
08-21 11:21:52.930 32573 32573 D BoundBrokerSvc: onBind: Intent { act=com.google.android.gms.facs.internal.service.START dat=chimera-action:com.google.android.gms.facs.internal.service.START cmp=com.google.android.gms/.chimera.GmsInternalApiService }
08-21 11:21:52.930 32573 32573 D BoundBrokerSvc: Loading bound service for intent: Intent { act=com.google.android.gms.facs.internal.service.START dat=chimera-action:com.google.android.gms.facs.internal.service.START cmp=com.google.android.gms/.chimera.GmsInternalApiService }
08-21 11:21:52.942 32573   789 I FacsCacheGmsModule: Receiving API connection to internal FACS API...
08-21 11:21:52.957 32573   789 I FacsCacheGmsModule: API connection successful!
08-21 11:21:53.145 31616 32562 I system_server: oneway function results will be dropped but finished with status OK and parcel size 4
08-21 11:21:53.146 31616 32562 I chatty  : uid=1000(system) Binder:31616_E identical 1 line
08-21 11:21:53.146 31616 32562 I system_server: oneway function results will be dropped but finished with status OK and parcel size 4
08-21 11:21:53.147 31616 31629 I system_server: oneway function results will be dropped but finished with status OK and parcel size 4
08-21 11:21:53.196 31573  4753 D NuPlayerDriver: NuPlayerDriver(0xf6440a30) created, clientPid(31782)
08-21 11:21:53.287 31573  5117 D GenericSource: FileSource remote
08-21 11:21:53.332 31616 32562 I MediaFocusControl: requestAudioFocus() from uid/pid 10144/31782 clientId=android.media.AudioManager@280af7 callingPack=com.android.systemui req=3 flags=0x0 sdk=30
08-21 11:21:53.420  5004  5004 D RootViewPicker: Root not ready - waiting: 1000ms for one to appear.
08-21 11:21:53.843 31573  5116 I GenericSource: start
08-21 11:21:53.849 32218  3761 I NearbyDiscovery: FastPair: AudioEventListener check active usage=5, package=android.uid.systemui:10144 [CONTEXT service_id=49 ]
08-21 11:21:53.861 32218  3761 I NearbyDiscovery: FastPair: AudioEventListener find active playback with other usage 5 [CONTEXT service_id=49 ]
08-21 11:21:53.875 31573  5123 D CCodec  : allocate(c2.android.vorbis.decoder)
08-21 11:21:53.888   440   440 V C2Store : in init
08-21 11:21:53.889   440   440 V C2Store : loading dll
08-21 11:21:54.107 31573  5123 I CCodec  : Created component [c2.android.vorbis.decoder]
08-21 11:21:54.110 31573  5123 D CCodecConfig: read media type: audio/vorbis
08-21 11:21:54.118 31573  5123 D ReflectedParamUpdater: extent() != 1 for single value type: algo.buffers.max-count.values
08-21 11:21:54.121 31573  5123 D ReflectedParamUpdater: extent() != 1 for single value type: output.subscribed-indices.values
08-21 11:21:54.121 31573  5123 D ReflectedParamUpdater: extent() != 1 for single value type: input.buffers.allocator-ids.values
08-21 11:21:54.122 31573  5123 D ReflectedParamUpdater: extent() != 1 for single value type: output.buffers.allocator-ids.values
08-21 11:21:54.122 31573  5123 D ReflectedParamUpdater: extent() != 1 for single value type: algo.buffers.allocator-ids.values
08-21 11:21:54.123 31573  5123 D ReflectedParamUpdater: extent() != 1 for single value type: output.buffers.pool-ids.values
08-21 11:21:54.123 31573  5123 D ReflectedParamUpdater: extent() != 1 for single value type: algo.buffers.pool-ids.values
08-21 11:21:54.133 31573  5123 I CCodecConfig: query failed after returning 7 values (BAD_INDEX)
08-21 11:21:54.133 31573  5123 D CCodecConfig: c2 config diff is Dict {
08-21 11:21:54.133 31573  5123 D CCodecConfig:   c2::u32 coded.bitrate.value = 64000
08-21 11:21:54.133 31573  5123 D CCodecConfig:   c2::u32 input.buffers.max-size.value = 32768
08-21 11:21:54.133 31573  5123 D CCodecConfig:   c2::u32 input.delay.value = 0
08-21 11:21:54.133 31573  5123 D CCodecConfig:   string input.media-type.value = "audio/vorbis"
08-21 11:21:54.133 31573  5123 D CCodecConfig:   string output.media-type.value = "audio/raw"
08-21 11:21:54.133 31573  5123 D CCodecConfig:   c2::u32 raw.channel-count.value = 1
08-21 11:21:54.133 31573  5123 D CCodecConfig:   c2::u32 raw.sample-rate.value = 48000
08-21 11:21:54.133 31573  5123 D CCodecConfig: }
08-21 11:21:54.135 31573  5123 D CCodec  : [c2.android.vorbis.decoder] buffers are bound to CCodec for this session
08-21 11:21:54.136 31573  5123 D CCodecConfig: no c2 equivalents for durationUs
08-21 11:21:54.136 31573  5123 D CCodecConfig: no c2 equivalents for csd-1
08-21 11:21:54.136 31573  5123 D CCodecConfig: no c2 equivalents for channel-mask
08-21 11:21:54.136 31573  5123 D CCodecConfig: no c2 equivalents for flags
08-21 11:21:54.138 31573  5123 W Codec2Client: query -- param skipped: index = 1107298332.
08-21 11:21:54.138 31573  5123 D CCodec  : setup formats input: AMessage(what = 0x00000000) = {
08-21 11:21:54.138 31573  5123 D CCodec  :   int32_t channel-count = 1
08-21 11:21:54.138 31573  5123 D CCodec  :   int32_t max-input-size = 32768
08-21 11:21:54.138 31573  5123 D CCodec  :   string mime = "audio/vorbis"
08-21 11:21:54.138 31573  5123 D CCodec  :   int32_t sample-rate = 48000
08-21 11:21:54.138 31573  5123 D CCodec  : } and output: AMessage(what = 0x00000000) = {
08-21 11:21:54.138 31573  5123 D CCodec  :   int32_t channel-count = 1
08-21 11:21:54.138 31573  5123 D CCodec  :   string mime = "audio/raw"
08-21 11:21:54.138 31573  5123 D CCodec  :   int32_t sample-rate = 48000
08-21 11:21:54.138 31573  5123 D CCodec  :   int32_t channel-mask = 1
08-21 11:21:54.138 31573  5123 D CCodec  : }
08-21 11:21:54.140 31573  5123 I MediaCodec: MediaCodec will operate in async mode
08-21 11:21:54.142 31573  5123 W Codec2Client: query -- param skipped: index = 1342179345.
08-21 11:21:54.142 31573  5123 W Codec2Client: query -- param skipped: index = 2415921170.
08-21 11:21:54.154 31573  5123 E FMQ     : grantorIdx must be less than 3
08-21 11:21:54.154 31573  5123 E FMQ     : grantorIdx must be less than 3
08-21 11:21:54.154 31573  5123 D CCodecBufferChannel: [c2.android.vorbis.decoder#332] Created input block pool with allocatorID 16 => poolID 17 - OK (0)
08-21 11:21:54.162   440 27047 E FMQ     : grantorIdx must be less than 3
08-21 11:21:54.163   440 27047 E FMQ     : grantorIdx must be less than 3
08-21 11:21:54.165 31782 32109 D BufferPoolAccessor2.0: bufferpool2 0xf000ab38 : 0(0 size) total buffers - 0(0 size) used buffers - 1/9 (recycle/alloc) - 14/38 (fetch/transfer)
08-21 11:21:54.165 31782 32109 D BufferPoolAccessor2.0: Destruction - bufferpool2 0xf000ab38 cached: 0/0M, 0/0% in use; allocs: 9, 11% recycled; transfers: 38, 63% unfetched
08-21 11:21:54.166 31616 32116 D BufferPoolAccessor2.0: bufferpool2 0xf00170d8 : 0(0 size) total buffers - 0(0 size) used buffers - 2/9 (recycle/alloc) - 7/24 (fetch/transfer)
08-21 11:21:54.166 31616 32116 D BufferPoolAccessor2.0: Destruction - bufferpool2 0xf00170d8 cached: 0/0M, 0/0% in use; allocs: 9, 22% recycled; transfers: 24, 71% unfetched
08-21 11:21:54.166 31782 32109 D BufferPoolAccessor2.0: bufferpool2 0xf0007728 : 0(0 size) total buffers - 0(0 size) used buffers - 1/9 (recycle/alloc) - 13/36 (fetch/transfer)
08-21 11:21:54.166 31782 32109 D BufferPoolAccessor2.0: Destruction - bufferpool2 0xf0007728 cached: 0/0M, 0/0% in use; allocs: 9, 11% recycled; transfers: 36, 64% unfetched
08-21 11:21:54.166 31782 32109 D BufferPoolAccessor2.0: bufferpool2 0xf000a3c8 : 0(0 size) total buffers - 0(0 size) used buffers - 1/9 (recycle/alloc) - 8/18 (fetch/transfer)
08-21 11:21:54.166 31616 32116 D BufferPoolAccessor2.0: bufferpool2 0xf00182e8 : 0(0 size) total buffers - 0(0 size) used buffers - 1/9 (recycle/alloc) - 8/18 (fetch/transfer)
08-21 11:21:54.166 31782 32109 D BufferPoolAccessor2.0: Destruction - bufferpool2 0xf000a3c8 cached: 0/0M, 0/0% in use; allocs: 9, 11% recycled; transfers: 18, 56% unfetched
08-21 11:21:54.167 31616 32116 D BufferPoolAccessor2.0: Destruction - bufferpool2 0xf00182e8 cached: 0/0M, 0/0% in use; allocs: 9, 11% recycled; transfers: 18, 56% unfetched
08-21 11:21:54.167 31616 32116 D BufferPoolAccessor2.0: bufferpool2 0xf0022ce8 : 0(0 size) total buffers - 0(0 size) used buffers - 1/9 (recycle/alloc) - 8/26 (fetch/transfer)
08-21 11:21:54.167 31616 32116 D BufferPoolAccessor2.0: Destruction - bufferpool2 0xf0022ce8 cached: 0/0M, 0/0% in use; allocs: 9, 11% recycled; transfers: 26, 69% unfetched
08-21 11:21:54.167 31616 32116 D BufferPoolAccessor2.0: bufferpool2 0xf0023cd8 : 0(0 size) total buffers - 0(0 size) used buffers - 1/9 (recycle/alloc) - 8/24 (fetch/transfer)
08-21 11:21:54.167 31616 32116 D BufferPoolAccessor2.0: Destruction - bufferpool2 0xf0023cd8 cached: 0/0M, 0/0% in use; allocs: 9, 11% recycled; transfers: 24, 67% unfetched
08-21 11:21:54.168 31616 32116 D BufferPoolAccessor2.0: bufferpool2 0xf0023568 : 0(0 size) total buffers - 0(0 size) used buffers - 1/9 (recycle/alloc) - 8/34 (fetch/transfer)
08-21 11:21:54.168 31616 32116 D BufferPoolAccessor2.0: Destruction - bufferpool2 0xf0023568 cached: 0/0M, 0/0% in use; allocs: 9, 11% recycled; transfers: 34, 76% unfetched
08-21 11:21:54.169 31616 32116 D BufferPoolAccessor2.0: bufferpool2 0xf0017628 : 0(0 size) total buffers - 0(0 size) used buffers - 1/9 (recycle/alloc) - 8/34 (fetch/transfer)
08-21 11:21:54.169 31616 32116 D BufferPoolAccessor2.0: Destruction - bufferpool2 0xf0017628 cached: 0/0M, 0/0% in use; allocs: 9, 11% recycled; transfers: 34, 76% unfetched
08-21 11:21:54.170 31573  5123 I CCodecBufferChannel: [c2.android.vorbis.decoder#332] Created output block pool with allocatorID 16 => poolID 468 - OK
08-21 11:21:54.171 31573  5123 D CCodecBufferChannel: [c2.android.vorbis.decoder#332] Configured output block pool ids 468 => OK
08-21 11:21:54.172 31573  5123 E ion     : ioctl c0044901 failed with code -1: Inappropriate ioctl for device
08-21 11:21:54.174   440  5127 D SimpleC2Component: Using output block pool with poolID 468 => got 468 - 0
08-21 11:21:54.177 31573  5123 E FMQ     : grantorIdx must be less than 3
08-21 11:21:54.178   440 14882 E FMQ     : grantorIdx must be less than 3
08-21 11:21:54.218   440  5127 E FMQ     : grantorIdx must be less than 3
08-21 11:21:54.220 31573 31830 E FMQ     : grantorIdx must be less than 3
08-21 11:21:54.288 31662 31675 D AudioFlinger: Client defaulted notificationFrames to 12213 for frameCount 24426
08-21 11:21:54.293 31662 31675 D AF::TrackHandle: OpPlayAudio: track:55 usage:5 not muted
08-21 11:21:54.378 31616   773 I system_server: oneway function results will be dropped but finished with status OK and parcel size 4
08-21 11:21:54.382 31663 31688 E FMQ     : grantorIdx must be less than 3
08-21 11:21:54.383 31663 31688 E FMQ     : grantorIdx must be less than 3
08-21 11:21:54.407 31662 31676 E FMQ     : grantorIdx must be less than 3
08-21 11:21:54.408 31662 31676 E FMQ     : grantorIdx must be less than 3
08-21 11:21:54.430  5004  5004 D RootViewPicker: Root not ready - waiting: 1000ms for one to appear.
08-21 11:21:54.477 32218  3761 I NearbyShared: BTConnStateMgr: tryReconnectProxy called but proxy is not connected, try reconnect and wait.
08-21 11:21:54.483 32218  3761 D BluetoothA2dp: Binding service...
08-21 11:21:54.487 32218 32218 D BluetoothA2dp: Proxy object connected
08-21 11:21:54.488 32218 32218 I NearbyShared: BTConnStateMgr: onServiceConnected with profile 2.
08-21 11:21:55.581  4349  4470 E PhenotypeFlagCommitter: Retrieving snapshot for com.google.android.calendar failed
08-21 11:21:55.581  4349  4470 E PhenotypeFlagCommitter: java.util.concurrent.TimeoutException: Timed out waiting for Task
08-21 11:21:55.581  4349  4470 E PhenotypeFlagCommitter: 	at cal.ojn.a(PG:22)
08-21 11:21:55.581  4349  4470 E PhenotypeFlagCommitter: 	at cal.oea.a(PG:31)
08-21 11:21:55.581  4349  4470 E PhenotypeFlagCommitter: 	at cal.oea.a(PG:5)
08-21 11:21:55.581  4349  4470 E PhenotypeFlagCommitter: 	at cal.bde.call(Unknown Source:4)
08-21 11:21:55.581  4349  4470 E PhenotypeFlagCommitter: 	at cal.wra.b(PG:8)
08-21 11:21:55.581  4349  4470 E PhenotypeFlagCommitter: 	at cal.wqb.run(PG:12)
08-21 11:21:55.581  4349  4470 E PhenotypeFlagCommitter: 	at cal.wrb.run(PG:9)
08-21 11:21:55.581  4349  4470 E PhenotypeFlagCommitter: 	at cal.dgt.run(Unknown Source:1)
08-21 11:21:55.581  4349  4470 E PhenotypeFlagCommitter: 	at java.util.concurrent.Executors$RunnableAdapter.call(Executors.java:462)
08-21 11:21:55.581  4349  4470 E PhenotypeFlagCommitter: 	at java.util.concurrent.FutureTask.run(FutureTask.java:266)
08-21 11:21:55.581  4349  4470 E PhenotypeFlagCommitter: 	at java.util.concurrent.ScheduledThreadPoolExecutor$ScheduledFutureTask.run(ScheduledThreadPoolExecutor.java:301)
08-21 11:21:55.581  4349  4470 E PhenotypeFlagCommitter: 	at java.util.concurrent.ThreadPoolExecutor.runWorker(ThreadPoolExecutor.java:1167)
08-21 11:21:55.581  4349  4470 E PhenotypeFlagCommitter: 	at java.util.concurrent.ThreadPoolExecutor$Worker.run(ThreadPoolExecutor.java:641)
08-21 11:21:55.581  4349  4470 E PhenotypeFlagCommitter: 	at cal.dgs.run(Unknown Source:7)
08-21 11:21:55.581  4349  4470 E PhenotypeFlagCommitter: 	at java.lang.Thread.run(Thread.java:923)
08-21 11:21:55.583  5004  5004 D RootViewPicker: Root not ready - waiting: 1000ms for one to appear.
08-21 11:21:55.613 31573  5121 D AudioTrack: getTimestamp_l(15): device stall time corrected using current time 124515636413760
08-21 11:21:55.660 31663  5129 W android.hardware.audio.service.ranchu: TinyalsaSink::write:125 pcm_write was late reading frames, dropping 22131 us of audio
08-21 11:21:55.668 32218  3761 I NearbyShared: BTConnStateMgr: tryReconnectProxy called but proxy is not connected, try reconnect and wait.
08-21 11:21:55.671 31663  5129 W android.hardware.audio.service.ranchu: TinyalsaSink::write:125 pcm_write was late reading frames, dropping 22131 us of audio
08-21 11:21:55.697 31663  5129 I chatty  : uid=1041(audioserver) HwBinder:31663_ identical 2 lines
08-21 11:21:55.708 31663  5129 W android.hardware.audio.service.ranchu: TinyalsaSink::write:125 pcm_write was late reading frames, dropping 22131 us of audio
08-21 11:21:55.731  4349  4349 W GrowthKit: Failed to get phenotypeManager in PhenotypeBroadcastReceiver
08-21 11:21:55.731  4349  4349 W GrowthKit: java.lang.NullPointerException: Unable to get GrowthKit Component from host app: com.google.android.calendar
08-21 11:21:55.731  4349  4349 W GrowthKit: 	at cal.ott.a(PG:12)
08-21 11:21:55.731  4349  4349 W GrowthKit: 	at com.google.android.libraries.internal.growth.growthkit.internal.experiments.impl.PhenotypeBroadcastReceiver.onReceive(PG:3)
08-21 11:21:55.731  4349  4349 W GrowthKit: 	at android.app.ActivityThread.handleReceiver(ActivityThread.java:4032)
08-21 11:21:55.731  4349  4349 W GrowthKit: 	at android.app.ActivityThread.access$1400(ActivityThread.java:237)
08-21 11:21:55.731  4349  4349 W GrowthKit: 	at android.app.ActivityThread$H.handleMessage(ActivityThread.java:1924)
08-21 11:21:55.731  4349  4349 W GrowthKit: 	at android.os.Handler.dispatchMessage(Handler.java:106)
08-21 11:21:55.731  4349  4349 W GrowthKit: 	at android.os.Looper.loop(Looper.java:223)
08-21 11:21:55.731  4349  4349 W GrowthKit: 	at android.app.ActivityThread.main(ActivityThread.java:7656)
08-21 11:21:55.731  4349  4349 W GrowthKit: 	at java.lang.reflect.Method.invoke(Native Method)
08-21 11:21:55.731  4349  4349 W GrowthKit: 	at com.android.internal.os.RuntimeInit$MethodAndArgsCaller.run(RuntimeInit.java:592)
08-21 11:21:55.731  4349  4349 W GrowthKit: 	at com.android.internal.os.ZygoteInit.main(ZygoteInit.java:947)
08-21 11:21:55.810 32218 32235 D BluetoothHeadset: Proxy object connected
08-21 11:21:55.810 32218 32218 I NearbyShared: BTConnStateMgr: onServiceConnected with profile 1.
08-21 11:21:55.821 31662 31676 I AudioFlinger: BUFFER TIMEOUT: remove(55) from active list on thread 0xf0c82030
08-21 11:21:55.823 31616   603 I system_server: oneway function results will be dropped but finished with status OK and parcel size 4
08-21 11:21:55.844 31573  5121 W AudioTrack: restartIfDisabled(15): releaseBuffer() track 0xf0440010 disabled due to previous underrun, restarting
08-21 11:21:55.853 31616   603 I system_server: oneway function results will be dropped but finished with status OK and parcel size 4
08-21 11:21:55.957 31569 31569 I Zygote  : Process 3943 exited due to signal 9 (Killed)
08-21 11:21:55.968 31957 31957 D Telephony: isEmergencyPreferredAccount: subId=1, activeData=1
08-21 11:21:55.968 31957 31957 D Telephony: isEmergencyPreferredAccount: Device does not require preference.
08-21 11:21:55.970 31957 31957 D Telephony: isEmergencyPreferredAccount: subId=1, activeData=1
08-21 11:21:55.970 31957 31957 D Telephony: isEmergencyPreferredAccount: Device does not require preference.
08-21 11:21:56.001 31616 31647 I libprocessgroup: Successfully killed process cgroup uid 10125 pid 3943 in 229ms
08-21 11:21:56.004 31957 31957 D Telephony: isEmergencyPreferredAccount: subId=1, activeData=1
08-21 11:21:56.004 31957 31957 D Telephony: isEmergencyPreferredAccount: Device does not require preference.
08-21 11:21:56.036 31663  5129 W android.hardware.audio.service.ranchu: TinyalsaSink::write:125 pcm_write was late reading frames, dropping 22131 us of audio
08-21 11:21:56.053 31663  5129 W android.hardware.audio.service.ranchu: TinyalsaSink::write:125 pcm_write was late reading frames, dropping 22131 us of audio
08-21 11:21:56.078   483   483 E netmgr  : qemu_pipe_open_ns:62: Could not connect to the 'pipe:qemud:network' service: Invalid argument
08-21 11:21:56.078   483   483 E netmgr  : Failed to open QEMU pipe 'qemud:network': Invalid argument
08-21 11:21:56.105 31663  5129 W android.hardware.audio.service.ranchu: TinyalsaSink::write:125 pcm_write was late reading frames, dropping 22131 us of audio
08-21 11:21:56.125 31663  5129 I chatty  : uid=1041(audioserver) HwBinder:31663_ identical 1 line
08-21 11:21:56.150 31663  5129 W android.hardware.audio.service.ranchu: TinyalsaSink::write:125 pcm_write was late reading frames, dropping 22131 us of audio
08-21 11:21:56.150 31616   603 I system_server: oneway function results will be dropped but finished with status OK and parcel size 4
08-21 11:21:56.174 31663  5129 W android.hardware.audio.service.ranchu: TinyalsaSink::write:125 pcm_write was late reading frames, dropping 22131 us of audio
08-21 11:21:56.198 31663  5129 W android.hardware.audio.service.ranchu: TinyalsaSink::write:125 pcm_write was late reading frames, dropping 22131 us of audio
08-21 11:21:56.210  3504  3504 I Finsky  : [2] sff.onStartJob(4): SCH: job service start with id 9626.
08-21 11:21:56.211 31663  5129 W android.hardware.audio.service.ranchu: TinyalsaSink::write:125 pcm_write was late reading frames, dropping 22131 us of audio
08-21 11:21:56.258  3504  3577 I Finsky  : [414] rxc.accept(46): SCH: Scheduling phonesky job Id: 1-1337, CT: 1661080754993, Constraints: [{ L: 16735333, D: 59935333, C: 1, I: 1, N: 1 }]
08-21 11:21:56.259  3504  3577 I Finsky  : [414] rxc.accept(46): SCH: Scheduling phonesky job Id: 10-26, CT: 1661080754226, Constraints: [{ L: 600000, D: 86400000, C: 1, I: 1, N: 1 }]
08-21 11:21:56.259  3504  3577 I Finsky  : [414] rxc.accept(46): SCH: Scheduling phonesky job Id: 10-93, CT: 1661080754229, Constraints: [{ L: 300000, D: 86400000, C: 1, I: 1, N: 1 }]
08-21 11:21:56.259  3504  3577 I Finsky  : [414] rxc.accept(46): SCH: Scheduling phonesky job Id: 12-1, CT: 1661080901598, Constraints: [{ L: 15000, D: 86400000, C: 1, I: 1, N: 1 }]
08-21 11:21:56.260  3504  3577 I Finsky  : [414] rxc.accept(46): SCH: Scheduling phonesky job Id: 34-7, CT: 1661080790158, Constraints: [{ L: 7199688, D: 1303199688, C: 1, I: 1, N: 1 }]
08-21 11:21:56.261 31663  5129 W android.hardware.audio.service.ranchu: TinyalsaSink::write:125 pcm_write was late reading frames, dropping 22131 us of audio
08-21 11:21:56.285  3504  3575 I Finsky  : [413] ruv.apply(3): SCH: Scheduling 1 system job(s)
08-21 11:21:56.286  3504  3575 I Finsky  : [413] ruv.apply(9): SCH: Scheduling system job Id: 9681, L: 0, D: 59774041, C: false, I: false, N: 1
08-21 11:21:56.295  3504  3504 I Finsky  : [2] sff.onStartJob(4): SCH: job service start with id 9681.
08-21 11:21:56.297 31663  5129 W android.hardware.audio.service.ranchu: TinyalsaSink::write:125 pcm_write was late reading frames, dropping 22131 us of audio
08-21 11:21:56.306  3504  5131 I Finsky  : [480] sff.a(16): SCH: job service finished with id 9626.
08-21 11:21:56.318  3504  3592 I Finsky  : [428] rxc.accept(46): SCH: Scheduling phonesky job Id: 1-1337, CT: 1661080754993, Constraints: [{ L: 16735333, D: 59935333, C: 1, I: 1, N: 1 }]
08-21 11:21:56.319  3504  3592 I Finsky  : [428] rxc.accept(46): SCH: Scheduling phonesky job Id: 10-26, CT: 1661080754226, Constraints: [{ L: 600000, D: 86400000, C: 1, I: 1, N: 1 }]
08-21 11:21:56.319  3504  3592 I Finsky  : [428] rxc.accept(46): SCH: Scheduling phonesky job Id: 10-93, CT: 1661080754229, Constraints: [{ L: 300000, D: 86400000, C: 1, I: 1, N: 1 }]
08-21 11:21:56.319  3504  3592 I Finsky  : [428] rxc.accept(46): SCH: Scheduling phonesky job Id: 12-1, CT: 1661080901598, Constraints: [{ L: 15000, D: 86400000, C: 1, I: 1, N: 1 }]
08-21 11:21:56.320  3504  3592 I Finsky  : [428] rxc.accept(46): SCH: Scheduling phonesky job Id: 34-7, CT: 1661080790158, Constraints: [{ L: 7199688, D: 1303199688, C: 1, I: 1, N: 1 }]
08-21 11:21:56.321 31663  5129 W android.hardware.audio.service.ranchu: TinyalsaSink::write:125 pcm_write was late reading frames, dropping 22131 us of audio
08-21 11:21:56.335  3504  3578 I Finsky  : [415] ruv.apply(3): SCH: Scheduling 1 system job(s)
08-21 11:21:56.335  3504  3578 I Finsky  : [415] ruv.apply(9): SCH: Scheduling system job Id: 9686, L: 0, D: 59773991, C: false, I: false, N: 1
08-21 11:21:56.345 31663  5129 W android.hardware.audio.service.ranchu: TinyalsaSink::write:125 pcm_write was late reading frames, dropping 22131 us of audio
08-21 11:21:56.363 32463 32480 W System  : A resource failed to call close.
08-21 11:21:56.363 32463 32480 E DataBuffer: Internal data leak within a DataBuffer object detected!  Be sure to explicitly call release() on all DataBuffer extending objects when you are done with them. (internal object: com.google.android.gms.common.data.DataHolder@86745b7)
08-21 11:21:56.377 31663  5129 W android.hardware.audio.service.ranchu: TinyalsaSink::write:125 pcm_write was late reading frames, dropping 22131 us of audio
08-21 11:21:56.378 31662 31676 D AudioFlinger: mixer(0xf0c82030) throttle end: throttle time(157)
08-21 11:21:56.383 31663  5129 W android.hardware.audio.service.ranchu: TinyalsaSink::write:125 pcm_write was late reading frames, dropping 22131 us of audio
08-21 11:21:56.407  3504  5131 I Finsky  : [480] sff.a(16): SCH: job service finished with id 9681.
08-21 11:21:56.428 31662 31676 D AudioFlinger: mixer(0xf0c82030) throttle end: throttle time(16)
08-21 11:21:56.435 31663  5129 W android.hardware.audio.service.ranchu: TinyalsaSink::write:125 pcm_write was late reading frames, dropping 22131 us of audio
08-21 11:21:56.459 31663  5129 I chatty  : uid=1041(audioserver) HwBinder:31663_ identical 1 line
08-21 11:21:56.485 31663  5129 W android.hardware.audio.service.ranchu: TinyalsaSink::write:125 pcm_write was late reading frames, dropping 22131 us of audio
08-21 11:21:56.513  3504  3504 I Finsky  : [2] sff.onStartJob(4): SCH: job service start with id 9686.
08-21 11:21:56.518 31662 31676 D AudioFlinger: mixer(0xf0c82030) throttle end: throttle time(34)
08-21 11:21:56.557 31662 31676 D AudioFlinger: mixer(0xf0c82030) throttle end: throttle time(8)
08-21 11:21:56.562 32218  4825 W ConfiguratorPhenotypeUt: Phenotype bulk platform registration failed. [CONTEXT service_id=204 ]
08-21 11:21:56.562 32218  4825 W ConfiguratorPhenotypeUt: java.util.concurrent.TimeoutException: Timed out waiting for Task
08-21 11:21:56.562 32218  4825 W ConfiguratorPhenotypeUt: 	at bkqa.m(:com.google.android.gms@222615040@22.26.15 (150700-461192076):6)
08-21 11:21:56.562 32218  4825 W ConfiguratorPhenotypeUt: 	at bcin.f(:com.google.android.gms@222615040@22.26.15 (150700-461192076):9)
08-21 11:21:56.562 32218  4825 W ConfiguratorPhenotypeUt: 	at com.google.android.gms.platformconfigurator.PhenotypeConfigurationUpdateListener.b(:com.google.android.gms@222615040@22.26.15 (150700-461192076):3)
08-21 11:21:56.562 32218  4825 W ConfiguratorPhenotypeUt: 	at com.google.android.gms.platformconfigurator.PhenotypeConfigurationUpdateListener.c(:com.google.android.gms@222615040@22.26.15 (150700-461192076):0)
08-21 11:21:56.562 32218  4825 W ConfiguratorPhenotypeUt: 	at com.google.android.gms.platformconfigurator.PhenotypeConfigurationUpdateListener.onHandleIntent(:com.google.android.gms@222615040@22.26.15 (150700-461192076):5)
08-21 11:21:56.562 32218  4825 W ConfiguratorPhenotypeUt: 	at com.google.android.chimera.IntentOperation.onHandleIntent(:com.google.android.gms@222615040@22.26.15 (150700-461192076):2)
08-21 11:21:56.562 32218  4825 W ConfiguratorPhenotypeUt: 	at uzc.onHandleIntent(:com.google.android.gms@222615040@22.26.15 (150700-461192076):4)
08-21 11:21:56.562 32218  4825 W ConfiguratorPhenotypeUt: 	at ffs.run(:com.google.android.gms@222615040@22.26.15 (150700-461192076):3)
08-21 11:21:56.562 32218  4825 W ConfiguratorPhenotypeUt: 	at ffr.run(:com.google.android.gms@222615040@22.26.15 (150700-461192076):11)
08-21 11:21:56.562 32218  4825 W ConfiguratorPhenotypeUt: 	at cfnu.run(:com.google.android.gms@222615040@22.26.15 (150700-461192076):2)
08-21 11:21:56.562 32218  4825 W ConfiguratorPhenotypeUt: 	at java.util.concurrent.ThreadPoolExecutor.runWorker(ThreadPoolExecutor.java:1167)
08-21 11:21:56.562 32218  4825 W ConfiguratorPhenotypeUt: 	at java.util.concurrent.ThreadPoolExecutor$Worker.run(ThreadPoolExecutor.java:641)
08-21 11:21:56.562 32218  4825 W ConfiguratorPhenotypeUt: 	at java.lang.Thread.run(Thread.java:923)
08-21 11:21:56.566 32218  4825 I ExperimentPackageManage: Package com.google.android.as name not found! Using module version.
08-21 11:21:56.567 32218  4825 I ExperimentPackageManage: Package com.android.refreshratecontrol name not found! Using module version.
08-21 11:21:56.568 32218  4825 I ExperimentPackageManage: Package com.google.android.as name not found! Using module version.
08-21 11:21:56.577 32218  4825 I ExperimentPackageManage: Package com.google.oslo name not found! Using module version.
08-21 11:21:56.579 32218  4825 I ExperimentPackageManage: Package com.google.android.art name not found! Using module version.
08-21 11:21:56.580 32218  4825 I ExperimentPackageManage: Package com.google.android.art name not found! Using module version.
08-21 11:21:56.584  3504  3592 I Finsky  : [428] rxc.accept(46): SCH: Scheduling phonesky job Id: 1-1337, CT: 1661080754993, Constraints: [{ L: 16735333, D: 59935333, C: 1, I: 1, N: 1 }]
08-21 11:21:56.584  3504  3592 I Finsky  : [428] rxc.accept(46): SCH: Scheduling phonesky job Id: 10-26, CT: 1661080754226, Constraints: [{ L: 600000, D: 86400000, C: 1, I: 1, N: 1 }]
08-21 11:21:56.586  5004  5004 D RootViewPicker: Root not ready - waiting: 1000ms for one to appear.
08-21 11:21:56.585  3504  3592 I Finsky  : [428] rxc.accept(46): SCH: Scheduling phonesky job Id: 10-93, CT: 1661080754229, Constraints: [{ L: 300000, D: 86400000, C: 1, I: 1, N: 1 }]
08-21 11:21:56.602 31662 31676 D AudioFlinger: mixer(0xf0c82030) throttle end: throttle time(9)
08-21 11:21:56.603 32218  4825 I ExperimentPackageManage: Package com.android.media name not found! Using module version.
08-21 11:21:56.605 32218  4825 I ExperimentPackageManage: Package com.android.media.swcodec name not found! Using module version.
08-21 11:21:56.610 32218  4825 I ExperimentPackageManage: Package com.android.appsearch name not found! Using module version.
08-21 11:21:56.611 32218  4825 I ExperimentPackageManage: Package com.android.neuralnetworks name not found! Using module version.
08-21 11:21:56.612 32218  4825 I ExperimentPackageManage: Package com.google.android.odad name not found! Using module version.
08-21 11:21:56.614 32218  4825 I ExperimentPackageManage: Package com.android.media name not found! Using module version.
08-21 11:21:56.618 32218  4825 I ExperimentPackageManage: Package com.android.privateads.apk name not found! Using module version.
08-21 11:21:56.619 32218  4825 I ExperimentPackageManage: Package com.google.android.as.oss name not found! Using module version.
08-21 11:21:56.620 32218  4825 I ExperimentPackageManage: Package 1 name not found! Using module version.
08-21 11:21:56.624 32218  4825 W PhenotypeConfigurationU: Update for unknown DeviceConfig package com.google.android.gms.credentialsync [CONTEXT service_id=204 ]
08-21 11:21:56.624 32218  4825 W PhenotypeConfigurationU: bcis: No package exists for config package: com.google.android.gms.credentialsync
08-21 11:21:56.624 32218  4825 W PhenotypeConfigurationU: 	at com.google.android.gms.platformconfigurator.PhenotypeConfigurationUpdateListener.a(:com.google.android.gms@222615040@22.26.15 (150700-461192076):7)
08-21 11:21:56.624 32218  4825 W PhenotypeConfigurationU: 	at com.google.android.gms.platformconfigurator.PhenotypeConfigurationUpdateListener.onHandleIntent(:com.google.android.gms@222615040@22.26.15 (150700-461192076):6)
08-21 11:21:56.624 32218  4825 W PhenotypeConfigurationU: 	at com.google.android.chimera.IntentOperation.onHandleIntent(:com.google.android.gms@222615040@22.26.15 (150700-461192076):2)
08-21 11:21:56.624 32218  4825 W PhenotypeConfigurationU: 	at uzc.onHandleIntent(:com.google.android.gms@222615040@22.26.15 (150700-461192076):4)
08-21 11:21:56.624 32218  4825 W PhenotypeConfigurationU: 	at ffs.run(:com.google.android.gms@222615040@22.26.15 (150700-461192076):3)
08-21 11:21:56.624 32218  4825 W PhenotypeConfigurationU: 	at ffr.run(:com.google.android.gms@222615040@22.26.15 (150700-461192076):11)
08-21 11:21:56.624 32218  4825 W PhenotypeConfigurationU: 	at cfnu.run(:com.google.android.gms@222615040@22.26.15 (150700-461192076):2)
08-21 11:21:56.624 32218  4825 W PhenotypeConfigurationU: 	at java.util.concurrent.ThreadPoolExecutor.runWorker(ThreadPoolExecutor.java:1167)
08-21 11:21:56.624 32218  4825 W PhenotypeConfigurationU: 	at java.util.concurrent.ThreadPoolExecutor$Worker.run(ThreadPoolExecutor.java:641)
08-21 11:21:56.624 32218  4825 W PhenotypeConfigurationU: 	at java.lang.Thread.run(Thread.java:923)
08-21 11:21:56.634 32463 32476 I earchbox:searc: JIT allocated 69KB for compiled code of java.lang.Object com.google.android.apps.gsa.binaries.velvet.app.any.c()
08-21 11:21:56.635 32463 32476 I earchbox:searc: Compiler allocated 4120KB to compile java.lang.Object com.google.android.apps.gsa.binaries.velvet.app.any.c()
08-21 11:21:56.637 31663  5129 W android.hardware.audio.service.ranchu: TinyalsaSink::write:125 pcm_write was late reading frames, dropping 22131 us of audio
08-21 11:21:56.640 32218  5097 I ExperimentPackageManage: Package com.google.android.as name not found! Using module version.
08-21 11:21:56.640 32218  5097 I ExperimentPackageManage: Package com.android.refreshratecontrol name not found! Using module version.
08-21 11:21:56.641 32218  5097 I ExperimentPackageManage: Package com.google.android.as name not found! Using module version.
08-21 11:21:56.646  3504  3592 I Finsky  : [428] rxc.accept(46): SCH: Scheduling phonesky job Id: 12-1, CT: 1661080901598, Constraints: [{ L: 15000, D: 86400000, C: 1, I: 1, N: 1 }]
08-21 11:21:56.647  3504  3592 I Finsky  : [428] rxc.accept(46): SCH: Scheduling phonesky job Id: 34-7, CT: 1661080790158, Constraints: [{ L: 7199688, D: 1303199688, C: 1, I: 1, N: 1 }]
08-21 11:21:56.649 32218  5097 I ExperimentPackageManage: Package com.google.oslo name not found! Using module version.
08-21 11:21:56.651 32218  5097 I ExperimentPackageManage: Package com.google.android.art name not found! Using module version.
08-21 11:21:56.652 32218  5097 I ExperimentPackageManage: Package com.google.android.art name not found! Using module version.
08-21 11:21:56.659  3504  3578 I Finsky  : [415] ruv.apply(3): SCH: Scheduling 1 system job(s)
08-21 11:21:56.661 32218  5097 I ExperimentPackageManage: Package com.android.media name not found! Using module version.
08-21 11:21:56.663 32218  5097 I ExperimentPackageManage: Package com.android.media.swcodec name not found! Using module version.
08-21 11:21:56.667 32218  5097 I ExperimentPackageManage: Package com.android.appsearch name not found! Using module version.
08-21 11:21:56.668 32218  5097 I ExperimentPackageManage: Package com.android.neuralnetworks name not found! Using module version.
08-21 11:21:56.669 32218  5097 I ExperimentPackageManage: Package com.google.android.odad name not found! Using module version.
08-21 11:21:56.670 32218  5097 I ExperimentPackageManage: Package com.android.media name not found! Using module version.
08-21 11:21:56.674 32218  5097 I ExperimentPackageManage: Package com.android.privateads.apk name not found! Using module version.
08-21 11:21:56.675 32218  5097 I ExperimentPackageManage: Package com.google.android.as.oss name not found! Using module version.
08-21 11:21:56.676 32218  5097 I ExperimentPackageManage: Package 1 name not found! Using module version.
08-21 11:21:56.683 31662 31676 D AudioFlinger: mixer(0xf0c82030) throttle end: throttle time(34)
08-21 11:21:56.685  3504  3578 I Finsky  : [415] ruv.apply(9): SCH: Scheduling system job Id: 9691, L: 0, D: 59773667, C: false, I: false, N: 1
08-21 11:21:56.691 32218  5097 W ConfiguratorPhenotypeUt: Package com.google.android.odad name not found! Using module version. [CONTEXT service_id=204 ]
08-21 11:21:56.693 32218  5097 W ConfiguratorPhenotypeUt: Package com.google.android.as name not found! Using module version. [CONTEXT service_id=204 ]
08-21 11:21:56.696 32218  5097 W ConfiguratorPhenotypeUt: Package com.android.media.swcodec name not found! Using module version. [CONTEXT service_id=204 ]
08-21 11:21:56.697  3504  3504 I Finsky  : [2] sff.onStartJob(4): SCH: job service start with id 9691.
08-21 11:21:56.703 32218  5097 W ConfiguratorPhenotypeUt: Package com.google.android.art name not found! Using module version. [CONTEXT service_id=204 ]
08-21 11:21:56.704 32218  5097 W ConfiguratorPhenotypeUt: Package com.android.appsearch name not found! Using module version. [CONTEXT service_id=204 ]
08-21 11:21:56.711 32218  5097 W ConfiguratorPhenotypeUt: Package com.google.android.art name not found! Using module version. [CONTEXT service_id=204 ]
08-21 11:21:56.713  3504  5131 I Finsky  : [480] sff.a(16): SCH: job service finished with id 9686.
08-21 11:21:56.715  3504  3602 I Finsky  : [435] rwz.a(5): SCH: Satisfied jobs for 9691 are: 12-1
08-21 11:21:56.716 32218  5097 W ConfiguratorPhenotypeUt: Package com.android.privateads.apk name not found! Using module version. [CONTEXT service_id=204 ]
08-21 11:21:56.718 32218  5097 W ConfiguratorPhenotypeUt: Package com.google.android.as name not found! Using module version. [CONTEXT service_id=204 ]
08-21 11:21:56.721 32218  5097 W ConfiguratorPhenotypeUt: Package com.android.media name not found! Using module version. [CONTEXT service_id=204 ]
08-21 11:21:56.724 32218  5097 W ConfiguratorPhenotypeUt: Package com.google.android.as.oss name not found! Using module version. [CONTEXT service_id=204 ]
08-21 11:21:56.726 32218  5097 W ConfiguratorPhenotypeUt: Package com.google.oslo name not found! Using module version. [CONTEXT service_id=204 ]
08-21 11:21:56.739 32218  5097 W ConfiguratorPhenotypeUt: Package com.android.refreshratecontrol name not found! Using module version. [CONTEXT service_id=204 ]
08-21 11:21:56.741 32218  5097 W ConfiguratorPhenotypeUt: Package com.android.media name not found! Using module version. [CONTEXT service_id=204 ]
08-21 11:21:56.744 32218  5097 W ConfiguratorPhenotypeUt: Package com.android.neuralnetworks name not found! Using module version. [CONTEXT service_id=204 ]
08-21 11:21:56.748 32218  5097 W ConfiguratorPhenotypeUt: Package 1 name not found! Using module version. [CONTEXT service_id=204 ]
08-21 11:21:56.773 31663  5129 W android.hardware.audio.service.ranchu: TinyalsaSink::write:125 pcm_write was late reading frames, dropping 22131 us of audio
08-21 11:21:56.804 31662 31676 D AudioFlinger: mixer(0xf0c82030) throttle end: throttle time(27)
08-21 11:21:56.838 31663  5129 W android.hardware.audio.service.ranchu: TinyalsaSink::write:125 pcm_write was late reading frames, dropping 22131 us of audio
08-21 11:21:56.856 31663  5129 W android.hardware.audio.service.ranchu: TinyalsaSink::write:125 pcm_write was late reading frames, dropping 22131 us of audio
08-21 11:21:56.893  3504  5131 I Finsky  : [480] sdu.accept(53): SCH: Job 12-1 starting
08-21 11:21:56.898  3504  3504 I Finsky  : [2] ContentSyncJob.v(3): [ContentSync] job started
08-21 11:21:56.900 31662 31676 D AudioFlinger: mixer(0xf0c82030) throttle end: throttle time(19)
08-21 11:21:56.906 31663  5129 W android.hardware.audio.service.ranchu: TinyalsaSink::write:125 pcm_write was late reading frames, dropping 22131 us of audio
08-21 11:21:56.990 31662 31676 D AudioFlinger: mixer(0xf0c82030) throttle end: throttle time(26)
08-21 11:21:57.034 31662 31676 D AudioFlinger: mixer(0xf0c82030) throttle end: throttle time(10)
08-21 11:21:57.053 31663  5129 W android.hardware.audio.service.ranchu: TinyalsaSink::write:125 pcm_write was late reading frames, dropping 22131 us of audio
08-21 11:21:57.059 31663  5129 I chatty  : uid=1041(audioserver) HwBinder:31663_ identical 1 line
08-21 11:21:57.071 31663  5129 W android.hardware.audio.service.ranchu: TinyalsaSink::write:125 pcm_write was late reading frames, dropping 22131 us of audio
08-21 11:21:57.115 31662 31676 D AudioFlinger: mixer(0xf0c82030) throttle end: throttle time(22)
08-21 11:21:57.130 31663  5129 W android.hardware.audio.service.ranchu: TinyalsaSink::write:125 pcm_write was late reading frames, dropping 22131 us of audio
08-21 11:21:57.153 31663  5129 I chatty  : uid=1041(audioserver) HwBinder:31663_ identical 1 line
08-21 11:21:57.202 31663  5129 W android.hardware.audio.service.ranchu: TinyalsaSink::write:125 pcm_write was late reading frames, dropping 22131 us of audio
08-21 11:21:57.232 31662 31676 D AudioFlinger: mixer(0xf0c82030) throttle end: throttle time(35)
08-21 11:21:57.252 31663  5129 W android.hardware.audio.service.ranchu: TinyalsaSink::write:125 pcm_write was late reading frames, dropping 22131 us of audio
08-21 11:21:57.262 31663  5129 W android.hardware.audio.service.ranchu: TinyalsaSink::write:125 pcm_write was late reading frames, dropping 22131 us of audio
08-21 11:21:57.306 31662 31676 D AudioFlinger: mixer(0xf0c82030) throttle end: throttle time(27)
08-21 11:21:57.311 31663  5129 W android.hardware.audio.service.ranchu: TinyalsaSink::write:125 pcm_write was late reading frames, dropping 22131 us of audio
08-21 11:21:57.341 31573  5123 D CCodecBufferChannel: [c2.android.vorbis.decoder#332] buffers after EOS ignored (0 us)
08-21 11:21:57.354 31662 31676 D AudioFlinger: mixer(0xf0c82030) throttle end: throttle time(17)
08-21 11:21:57.375 31573  5121 D AudioTrack: stop(15): called with 82980 frames delivered
08-21 11:21:57.389 31663  5129 W android.hardware.audio.service.ranchu: TinyalsaSink::write:125 pcm_write was late reading frames, dropping 22131 us of audio
08-21 11:21:57.429 32218 32218 D BoundBrokerSvc: onUnbind: Intent { act=com.google.android.gms.nearby.exposurenotification.START dat=chimera-action:com.google.android.gms.nearby.exposurenotification.START cmp=com.google.android.gms/.chimera.PersistentApiService }
08-21 11:21:57.429 31616   603 I system_server: oneway function results will be dropped but finished with status OK and parcel size 4
08-21 11:21:57.438  3504  4848 I Finsky  : [474] jxp.run(37): Wrote 16 rows to frosting DB
08-21 11:21:57.438 31616   603 I MediaFocusControl: abandonAudioFocus() from uid/pid 10144/31782 clientId=android.media.AudioManager@280af7
08-21 11:21:57.439 31782  5113 V MediaPlayer: resetDrmState:  mDrmInfo=null mDrmProvisioningThread=null mPrepareDrmInProgress=false mActiveDrmScheme=false
08-21 11:21:57.439 31782  5113 V MediaPlayer: cleanDrmObj: mDrmObj=null mDrmSessionId=null
08-21 11:21:57.439 31573  4753 D NuPlayerDriver: reset(0xf6440a30) at state 6
08-21 11:21:57.448 31573  5123 I hw-BpHwBinder: onLastStrongRef automatically unlinking death recipients
08-21 11:21:57.448   440 14882 I hw-BpHwBinder: onLastStrongRef automatically unlinking death recipients
08-21 11:21:57.448   440 14882 V C2Store : in ~ComponentModule
08-21 11:21:57.448   440 14882 V C2Store : unloading dll
08-21 11:21:57.453 31573  5116 D NuPlayerDriver: notifyResetComplete(0xf6440a30)
08-21 11:21:57.454 31573  4753 W AMessage: failed to post message as target looper for handler 0 is gone.
08-21 11:21:57.458 31663  5129 W android.hardware.audio.service.ranchu: TinyalsaSink::write:125 pcm_write was late reading frames, dropping 22131 us of audio
08-21 11:21:57.492 31663  5129 W android.hardware.audio.service.ranchu: TinyalsaSink::write:125 pcm_write was late reading frames, dropping 22131 us of audio
08-21 11:21:57.589  5004  5004 D RootViewPicker: Root not ready - waiting: 1000ms for one to appear.
08-21 11:21:58.142  3504  3529 I android.vendin: Waiting for a blocking GC ProfileSaver
08-21 11:21:58.242  3504  3529 I android.vendin: WaitForGcToComplete blocked ProfileSaver on HeapTrim for 100.000ms
08-21 11:21:58.278  3504  5132 W Finsky  : [481] pqw.p(70): Package com.android.apex.cts.shim not installed
08-21 11:21:58.284  3504  5132 W Finsky  : [481] pqw.p(70): Package com.android.art not installed
08-21 11:21:58.292  3504  5132 W Finsky  : [481] pqw.p(70): Package com.android.i18n not installed
08-21 11:21:58.315  3504  5132 W Finsky  : [481] pqw.p(70): Package com.google.android.runtime not installed
08-21 11:21:58.321  3504  5132 W Finsky  : [481] pqw.p(70): Package com.google.android.telephony not installed
08-21 11:21:58.329  3504  5132 W Finsky  : [481] pqw.p(70): Package com.google.android.vndk.v30 not installed
08-21 11:21:58.592  5004  5004 D RootViewPicker: Root not ready - waiting: 1000ms for one to appear.
08-21 11:21:58.647  3504  5136 I Finsky  : [483] fvn.i(1): Completed 0 account content syncs with 0 successful.
08-21 11:21:58.654  3504  3504 I Finsky  : [2] ContentSyncJob.a(1): [ContentSync] Installation state replication succeeded.
08-21 11:21:58.655  3504  3504 I Finsky  : [2] sdp.r(4): SCH: jobFinished: 12-1. TimeElapsed: 1760ms.
08-21 11:21:58.701  3504  3592 I Finsky  : [428] rxc.accept(46): SCH: Scheduling phonesky job Id: 1-1337, CT: 1661080754993, Constraints: [{ L: 16735333, D: 59935333, C: 1, I: 1, N: 1 }]
08-21 11:21:58.701  3504  3592 I Finsky  : [428] rxc.accept(46): SCH: Scheduling phonesky job Id: 10-26, CT: 1661080754226, Constraints: [{ L: 600000, D: 86400000, C: 1, I: 1, N: 1 }]
08-21 11:21:58.702  3504  3592 I Finsky  : [428] rxc.accept(46): SCH: Scheduling phonesky job Id: 10-93, CT: 1661080754229, Constraints: [{ L: 300000, D: 86400000, C: 1, I: 1, N: 1 }]
08-21 11:21:58.702  3504  3592 I Finsky  : [428] rxc.accept(46): SCH: Scheduling phonesky job Id: 34-7, CT: 1661080790158, Constraints: [{ L: 7199688, D: 1303199688, C: 1, I: 1, N: 1 }]
08-21 11:21:58.713  3504  3578 I Finsky  : [415] ruv.apply(3): SCH: Scheduling 1 system job(s)
08-21 11:21:58.714  3504  3578 I Finsky  : [415] ruv.apply(9): SCH: Scheduling system job Id: 9696, L: 135515, D: 59771612, C: false, I: false, N: 1
08-21 11:21:58.766  3504  5131 I Finsky  : [480] sff.a(16): SCH: job service finished with id 9691.
08-21 11:21:59.084 32463   656 W SearchServiceCore: Abort, client detached.
08-21 11:21:59.088 32463  1086 I BgTaskExecutorImpl: (REDACTED) Starting %s background task %s.
08-21 11:21:59.584 31782 32108 D BufferPoolAccessor2.0: evictor expired: 3, evicted: 0
08-21 11:21:59.586 31616 32104 D BufferPoolAccessor2.0: evictor expired: 6, evicted: 0
08-21 11:21:59.596  5004  5004 D RootViewPicker: Root not ready - waiting: 1000ms for one to appear.
08-21 11:22:00.419 31616   603 I system_server: oneway function results will be dropped but finished with status OK and parcel size 4
08-21 11:22:00.664  5004  5026 E TestRunner: failed: side_menu_item_content(com.example.lunchtray.MenuContentTests)
08-21 11:22:00.664  5004  5026 E TestRunner: ----- begin exception -----
08-21 11:22:00.667  5004  5026 E TestRunner: androidx.test.espresso.base.RootViewPicker$RootViewWithoutFocusException: Waited for the root of the view hierarchy to have window focus and not request layout for 10 seconds. If you specified a non default root matcher, it may be picking a root that never takes focus. Root:
08-21 11:22:00.667  5004  5026 E TestRunner: Root{application-window-token=android.view.ViewRootImpl$W@b0b63ad, window-token=android.view.ViewRootImpl$W@b0b63ad, has-window-focus=false, layout-params-type=1, layout-params-string={(0,0)(fillxfill) sim={forwardNavigation} ty=BASE_APPLICATION wanim=0x10302fe
08-21 11:22:00.667  5004  5026 E TestRunner:   fl=LAYOUT_IN_SCREEN LAYOUT_INSET_DECOR SPLIT_TOUCH HARDWARE_ACCELERATED DRAWS_SYSTEM_BAR_BACKGROUNDS
08-21 11:22:00.667  5004  5026 E TestRunner:   pfl=FORCE_DRAW_STATUS_BAR_BACKGROUND FIT_INSETS_CONTROLLED
08-21 11:22:00.667  5004  5026 E TestRunner:   fitSides=}, decor-view-string=DecorView{id=-1, visibility=VISIBLE, width=1080, height=1920, has-focus=false, has-focusable=true, has-window-focus=false, is-clickable=false, is-enabled=true, is-focused=false, is-focusable=false, is-layout-requested=false, is-selected=false, layout-params={(0,0)(fillxfill) sim={forwardNavigation} ty=BASE_APPLICATION wanim=0x10302fe
08-21 11:22:00.667  5004  5026 E TestRunner:   fl=LAYOUT_IN_SCREEN LAYOUT_INSET_DECOR SPLIT_TOUCH HARDWARE_ACCELERATED DRAWS_SYSTEM_BAR_BACKGROUNDS
08-21 11:22:00.667  5004  5026 E TestRunner:   pfl=FORCE_DRAW_STATUS_BAR_BACKGROUND FIT_INSETS_CONTROLLED
08-21 11:22:00.667  5004  5026 E TestRunner:   fitSides=}, tag=null, root-is-layout-requested=false, has-input-connection=false, x=0.0, y=0.0, child-count=3}}
08-21 11:22:00.667  5004  5026 E TestRunner: 	at dalvik.system.VMStack.getThreadStackTrace(Native Method)
08-21 11:22:00.667  5004  5026 E TestRunner: 	at java.lang.Thread.getStackTrace(Thread.java:1736)
08-21 11:22:00.667  5004  5026 E TestRunner: 	at androidx.test.espresso.base.DefaultFailureHandler.getUserFriendlyError(DefaultFailureHandler.java:12)
08-21 11:22:00.667  5004  5026 E TestRunner: 	at androidx.test.espresso.base.DefaultFailureHandler.handle(DefaultFailureHandler.java:7)
08-21 11:22:00.667  5004  5026 E TestRunner: 	at androidx.test.espresso.ViewInteraction.waitForAndHandleInteractionResults(ViewInteraction.java:8)
08-21 11:22:00.667  5004  5026 E TestRunner: 	at androidx.test.espresso.ViewInteraction.check(ViewInteraction.java:12)
08-21 11:22:00.667  5004  5026 E TestRunner: 	at com.example.lunchtray.MenuContentTests.side_menu_item_content(MenuContentTests.kt:94)
08-21 11:22:00.667  5004  5026 E TestRunner: 	at java.lang.reflect.Method.invoke(Native Method)
08-21 11:22:00.667  5004  5026 E TestRunner: 	at org.junit.runners.model.FrameworkMethod$1.runReflectiveCall(FrameworkMethod.java:50)
08-21 11:22:00.667  5004  5026 E TestRunner: 	at org.junit.internal.runners.model.ReflectiveCallable.run(ReflectiveCallable.java:12)
08-21 11:22:00.667  5004  5026 E TestRunner: 	at org.junit.runners.model.FrameworkMethod.invokeExplosively(FrameworkMethod.java:47)
08-21 11:22:00.667  5004  5026 E TestRunner: 	at org.junit.internal.runners.statements.InvokeMethod.evaluate(InvokeMethod.java:17)
08-21 11:22:00.667  5004  5026 E TestRunner: 	at org.junit.runners.ParentRunner.runLeaf(ParentRunner.java:325)
08-21 11:22:00.667  5004  5026 E TestRunner: 	at org.junit.runners.BlockJUnit4ClassRunner.runChild(BlockJUnit4ClassRunner.java:78)
08-21 11:22:00.667  5004  5026 E TestRunner: 	at org.junit.runners.BlockJUnit4ClassRunner.runChild(BlockJUnit4ClassRunner.java:57)
08-21 11:22:00.667  5004  5026 E TestRunner: 	at org.junit.runners.ParentRunner$3.run(ParentRunner.java:290)
08-21 11:22:00.667  5004  5026 E TestRunner: 	at org.junit.runners.ParentRunner$1.schedule(ParentRunner.java:71)
08-21 11:22:00.667  5004  5026 E TestRunner: 	at org.junit.runners.ParentRunner.runChildren(ParentRunner.java:288)
08-21 11:22:00.667  5004  5026 E TestRunner: 	at org.junit.runners.ParentRunner.access$000(ParentRunner.java:58)
08-21 11:22:00.667  5004  5026 E TestRunner: 	at org.junit.runners.ParentRunner$2.evaluate(ParentRunner.java:268)
08-21 11:22:00.667  5004  5026 E TestRunner: 	at org.junit.runners.ParentRunner.run(ParentRunner.java:363)
08-21 11:22:00.667  5004  5026 E TestRunner: 	at androidx.test.ext.junit.runners.AndroidJUnit4.run(AndroidJUnit4.java:162)
08-21 11:22:00.667  5004  5026 E TestRunner: 	at org.junit.runners.Suite.runChild(Suite.java:128)
08-21 11:22:00.667  5004  5026 E TestRunner: 	at org.junit.runners.Suite.runChild(Suite.java:27)
08-21 11:22:00.667  5004  5026 E TestRunner: 	at org.junit.runners.ParentRunner$3.run(ParentRunner.java:290)
08-21 11:22:00.667  5004  5026 E TestRunner: 	at org.junit.runners.ParentRunner$1.schedule(ParentRunner.java:71)
08-21 11:22:00.667  5004  5026 E TestRunner: 	at org.junit.runners.ParentRunner.runChildren(ParentRunner.java:288)
08-21 11:22:00.667  5004  5026 E TestRunner: 	at org.junit.runners.ParentRunner.access$000(ParentRunner.java:58)
