08-21 11:22:01.779  5004  5026 I TestRunner: started: entree_menu_item_content(com.example.lunchtray.MenuContentTests)
08-21 11:22:01.814  5004  5026 W Settings: Setting always_finish_activities has moved from android.provider.Settings.System to android.provider.Settings.Global, returning read-only value.
08-21 11:22:01.829 31616 31634 D EventSequenceValidator: Transition from ACTIVITY_FINISHED to INTENT_STARTED
08-21 11:22:01.856 31616   787 W InputReader: Device virtio_input_multi_touch_10 is associated with display ADISPLAY_ID_NONE.
08-21 11:22:01.856 31616   787 W InputReader: Device virtio_input_multi_touch_4 is associated with display ADISPLAY_ID_NONE.
08-21 11:22:01.857 31616   787 W InputReader: Device virtio_input_multi_touch_11 is associated with display ADISPLAY_ID_NONE.
08-21 11:22:01.857 31616   787 W InputReader: Device virtio_input_multi_touch_5 is associated with display ADISPLAY_ID_NONE.
08-21 11:22:01.857 31616   787 W InputReader: Device virtio_input_multi_touch_2 is associated with display ADISPLAY_ID_NONE.
08-21 11:22:01.857 31616   787 W InputReader: Device virtio_input_multi_touch_9 is associated with display ADISPLAY_ID_NONE.
08-21 11:22:01.857 31616   787 W InputReader: Device virtio_input_multi_touch_7 is associated with display ADISPLAY_ID_NONE.
08-21 11:22:01.857 31616   787 W InputReader: Device virtio_input_multi_touch_6 is associated with display ADISPLAY_ID_NONE.
08-21 11:22:01.857 31616   787 W InputReader: Device virtio_input_multi_touch_3 is associated with display ADISPLAY_ID_NONE.
08-21 11:22:01.857 31616   787 W InputReader: Device virtio_input_multi_touch_8 is associated with display ADISPLAY_ID_NONE.
08-21 11:22:01.857 31616   787 W InputReader: Device virtio_input_multi_touch_10 is associated with display ADISPLAY_ID_NONE.
08-21 11:22:01.857 31616   787 W InputReader: Device virtio_input_multi_touch_4 is associated with display ADISPLAY_ID_NONE.
08-21 11:22:01.857 31616   787 W InputReader: Device virtio_input_multi_touch_11 is associated with display ADISPLAY_ID_NONE.
08-21 11:22:01.857 31616   787 W InputReader: Device virtio_input_multi_touch_5 is associated with display ADISPLAY_ID_NONE.
08-21 11:22:01.857 31616   787 W InputReader: Device virtio_input_multi_touch_2 is associated with display ADISPLAY_ID_NONE.
08-21 11:22:01.857 31616   787 W InputReader: Device virtio_input_multi_touch_9 is associated with display ADISPLAY_ID_NONE.
08-21 11:22:01.857 31616   787 W InputReader: Device virtio_input_multi_touch_7 is associated with display ADISPLAY_ID_NONE.
08-21 11:22:01.858 31616   787 W InputReader: Device virtio_input_multi_touch_6 is associated with display ADISPLAY_ID_NONE.
08-21 11:22:01.858 31616   787 W InputReader: Device virtio_input_multi_touch_3 is associated with display ADISPLAY_ID_NONE.
08-21 11:22:01.858 31616   787 W InputReader: Device virtio_input_multi_touch_8 is associated with display ADISPLAY_ID_NONE.
08-21 11:22:01.878  5004  5004 D LifecycleMonitor: Lifecycle status change: androidx.test.core.app.InstrumentationActivityInvoker$BootstrapActivity@57215bf in: PRE_ON_CREATE
08-21 11:22:01.879  5004  5004 V ActivityScenario: Activity lifecycle changed event received but ignored because the intent does not match. startActivityIntent=Intent { act=android.intent.action.MAIN cat=[android.intent.category.LAUNCHER] cmp=com.example.lunchtray/androidx.fragment.app.testing.FragmentScenario$EmptyFragmentActivity (has extras) }, activity.getIntent()=Intent { act=android.intent.action.MAIN cat=[android.intent.category.LAUNCHER] flg=0x10008000 cmp=com.example.lunchtray/androidx.test.core.app.InstrumentationActivityInvoker$BootstrapActivity (has extras) }, activity=androidx.test.core.app.InstrumentationActivityInvoker$BootstrapActivity@57215bf
08-21 11:22:01.879  5004  5004 V ActivityScenario: Activity lifecycle changed event received but ignored because the intent does not match. startActivityIntent=Intent { act=android.intent.action.MAIN cat=[android.intent.category.LAUNCHER] cmp=com.example.lunchtray/androidx.fragment.app.testing.FragmentScenario$EmptyFragmentActivity (has extras) }, activity.getIntent()=Intent { act=android.intent.action.MAIN cat=[android.intent.category.LAUNCHER] flg=0x10008000 cmp=com.example.lunchtray/androidx.test.core.app.InstrumentationActivityInvoker$BootstrapActivity (has extras) }, activity=androidx.test.core.app.InstrumentationActivityInvoker$BootstrapActivity@57215bf
08-21 11:22:01.890   311   346 D goldfish-address-space: claimShared: Ask to claim region [0x3e87e9000 0x3e8fd2000]
08-21 11:22:01.896 31616 31634 D EventSequenceValidator: Transition from INTENT_STARTED to ACTIVITY_LAUNCHED
08-21 11:22:01.922  5004  5004 D LifecycleMonitor: Lifecycle status change: androidx.test.core.app.InstrumentationActivityInvoker$BootstrapActivity@57215bf in: CREATED
08-21 11:22:01.923  5004  5004 V ActivityScenario: Activity lifecycle changed event received but ignored because the intent does not match. startActivityIntent=Intent { act=android.intent.action.MAIN cat=[android.intent.category.LAUNCHER] cmp=com.example.lunchtray/androidx.fragment.app.testing.FragmentScenario$EmptyFragmentActivity (has extras) }, activity.getIntent()=Intent { act=android.intent.action.MAIN cat=[android.intent.category.LAUNCHER] flg=0x10008000 cmp=com.example.lunchtray/androidx.test.core.app.InstrumentationActivityInvoker$BootstrapActivity (has extras) }, activity=androidx.test.core.app.InstrumentationActivityInvoker$BootstrapActivity@57215bf
08-21 11:22:01.924  5004  5004 V ActivityScenario: Activity lifecycle changed event received but ignored because the intent does not match. startActivityIntent=Intent { act=android.intent.action.MAIN cat=[android.intent.category.LAUNCHER] cmp=com.example.lunchtray/androidx.fragment.app.testing.FragmentScenario$EmptyFragmentActivity (has extras) }, activity.getIntent()=Intent { act=android.intent.action.MAIN cat=[android.intent.category.LAUNCHER] flg=0x10008000 cmp=com.example.lunchtray/androidx.test.core.app.InstrumentationActivityInvoker$BootstrapActivity (has extras) }, activity=androidx.test.core.app.InstrumentationActivityInvoker$BootstrapActivity@57215bf
08-21 11:22:01.930  5004  5004 D LifecycleMonitor: Lifecycle status change: androidx.test.core.app.InstrumentationActivityInvoker$BootstrapActivity@57215bf in: STARTED
08-21 11:22:01.931  5004  5004 V ActivityScenario: Activity lifecycle changed event received but ignored because the intent does not match. startActivityIntent=Intent { act=android.intent.action.MAIN cat=[android.intent.category.LAUNCHER] cmp=com.example.lunchtray/androidx.fragment.app.testing.FragmentScenario$EmptyFragmentActivity (has extras) }, activity.getIntent()=Intent { act=android.intent.action.MAIN cat=[android.intent.category.LAUNCHER] flg=0x10008000 cmp=com.example.lunchtray/androidx.test.core.app.InstrumentationActivityInvoker$BootstrapActivity (has extras) }, activity=androidx.test.core.app.InstrumentationActivityInvoker$BootstrapActivity@57215bf
08-21 11:22:01.931  5004  5004 V ActivityScenario: Activity lifecycle changed event received but ignored because the intent does not match. startActivityIntent=Intent { act=android.intent.action.MAIN cat=[android.intent.category.LAUNCHER] cmp=com.example.lunchtray/androidx.fragment.app.testing.FragmentScenario$EmptyFragmentActivity (has extras) }, activity.getIntent()=Intent { act=android.intent.action.MAIN cat=[android.intent.category.LAUNCHER] flg=0x10008000 cmp=com.example.lunchtray/androidx.test.core.app.InstrumentationActivityInvoker$BootstrapActivity (has extras) }, activity=androidx.test.core.app.InstrumentationActivityInvoker$BootstrapActivity@57215bf
08-21 11:22:01.944  5004  5004 D LifecycleMonitor: Lifecycle status change: androidx.test.core.app.InstrumentationActivityInvoker$BootstrapActivity@57215bf in: RESUMED
08-21 11:22:01.945  5004  5004 V ActivityScenario: Activity lifecycle changed event received but ignored because the intent does not match. startActivityIntent=Intent { act=android.intent.action.MAIN cat=[android.intent.category.LAUNCHER] cmp=com.example.lunchtray/androidx.fragment.app.testing.FragmentScenario$EmptyFragmentActivity (has extras) }, activity.getIntent()=Intent { act=android.intent.action.MAIN cat=[android.intent.category.LAUNCHER] flg=0x10008000 cmp=com.example.lunchtray/androidx.test.core.app.InstrumentationActivityInvoker$BootstrapActivity (has extras) }, activity=androidx.test.core.app.InstrumentationActivityInvoker$BootstrapActivity@57215bf
08-21 11:22:01.946  5004  5004 V ActivityScenario: Activity lifecycle changed event received but ignored because the intent does not match. startActivityIntent=Intent { act=android.intent.action.MAIN cat=[android.intent.category.LAUNCHER] cmp=com.example.lunchtray/androidx.fragment.app.testing.FragmentScenario$EmptyFragmentActivity (has extras) }, activity.getIntent()=Intent { act=android.intent.action.MAIN cat=[android.intent.category.LAUNCHER] flg=0x10008000 cmp=com.example.lunchtray/androidx.test.core.app.InstrumentationActivityInvoker$BootstrapActivity (has extras) }, activity=androidx.test.core.app.InstrumentationActivityInvoker$BootstrapActivity@57215bf
08-21 11:22:01.954  5004  5004 D LifecycleMonitor: Lifecycle status change: androidx.test.core.app.InstrumentationActivityInvoker$BootstrapActivity@57215bf in: PAUSED
08-21 11:22:01.955  5004  5004 V ActivityScenario: Activity lifecycle changed event received but ignored because the intent does not match. startActivityIntent=Intent { act=android.intent.action.MAIN cat=[android.intent.category.LAUNCHER] cmp=com.example.lunchtray/androidx.fragment.app.testing.FragmentScenario$EmptyFragmentActivity (has extras) }, activity.getIntent()=Intent { act=android.intent.action.MAIN cat=[android.intent.category.LAUNCHER] flg=0x10008000 cmp=com.example.lunchtray/androidx.test.core.app.InstrumentationActivityInvoker$BootstrapActivity (has extras) }, activity=androidx.test.core.app.InstrumentationActivityInvoker$BootstrapActivity@57215bf
08-21 11:22:01.955  5004  5004 V ActivityScenario: Activity lifecycle changed event received but ignored because the intent does not match. startActivityIntent=Intent { act=android.intent.action.MAIN cat=[android.intent.category.LAUNCHER] cmp=com.example.lunchtray/androidx.fragment.app.testing.FragmentScenario$EmptyFragmentActivity (has extras) }, activity.getIntent()=Intent { act=android.intent.action.MAIN cat=[android.intent.category.LAUNCHER] flg=0x10008000 cmp=com.example.lunchtray/androidx.test.core.app.InstrumentationActivityInvoker$BootstrapActivity (has extras) }, activity=androidx.test.core.app.InstrumentationActivityInvoker$BootstrapActivity@57215bf
08-21 11:22:01.959 31616   772 W InputReader: Device virtio_input_multi_touch_10 is associated with display ADISPLAY_ID_NONE.
08-21 11:22:01.959 31616   772 W InputReader: Device virtio_input_multi_touch_4 is associated with display ADISPLAY_ID_NONE.
08-21 11:22:01.959 31616   772 W InputReader: Device virtio_input_multi_touch_11 is associated with display ADISPLAY_ID_NONE.
08-21 11:22:01.959 31616   772 W InputReader: Device virtio_input_multi_touch_5 is associated with display ADISPLAY_ID_NONE.
08-21 11:22:01.959 31616   772 W InputReader: Device virtio_input_multi_touch_2 is associated with display ADISPLAY_ID_NONE.
08-21 11:22:01.959 31616   772 W InputReader: Device virtio_input_multi_touch_9 is associated with display ADISPLAY_ID_NONE.
08-21 11:22:01.960 31616   772 W InputReader: Device virtio_input_multi_touch_7 is associated with display ADISPLAY_ID_NONE.
08-21 11:22:01.960 31616   772 W InputReader: Device virtio_input_multi_touch_6 is associated with display ADISPLAY_ID_NONE.
08-21 11:22:01.960 31616   772 W InputReader: Device virtio_input_multi_touch_3 is associated with display ADISPLAY_ID_NONE.
08-21 11:22:01.960 31616   772 W InputReader: Device virtio_input_multi_touch_8 is associated with display ADISPLAY_ID_NONE.
08-21 11:22:01.960 31616   772 W InputReader: Device virtio_input_multi_touch_10 is associated with display ADISPLAY_ID_NONE.
08-21 11:22:01.960 31616   772 W InputReader: Device virtio_input_multi_touch_4 is associated with display ADISPLAY_ID_NONE.
08-21 11:22:01.960 31616   772 W InputReader: Device virtio_input_multi_touch_11 is associated with display ADISPLAY_ID_NONE.
08-21 11:22:01.960 31616   772 W InputReader: Device virtio_input_multi_touch_5 is associated with display ADISPLAY_ID_NONE.
08-21 11:22:01.960 31616   772 W InputReader: Device virtio_input_multi_touch_2 is associated with display ADISPLAY_ID_NONE.
08-21 11:22:01.960 31616   772 W InputReader: Device virtio_input_multi_touch_9 is associated with display ADISPLAY_ID_NONE.
08-21 11:22:01.960 31616   772 W InputReader: Device virtio_input_multi_touch_7 is associated with display ADISPLAY_ID_NONE.
08-21 11:22:01.960 31616   772 W InputReader: Device virtio_input_multi_touch_6 is associated with display ADISPLAY_ID_NONE.
08-21 11:22:01.960 31616   772 W InputReader: Device virtio_input_multi_touch_3 is associated with display ADISPLAY_ID_NONE.
08-21 11:22:01.960 31616   772 W InputReader: Device virtio_input_multi_touch_8 is associated with display ADISPLAY_ID_NONE.
08-21 11:22:01.978  5004  5004 D LifecycleMonitor: Lifecycle status change: androidx.fragment.app.testing.FragmentScenario$EmptyFragmentActivity@2f1f924 in: PRE_ON_CREATE
08-21 11:22:01.978  5004  5004 V ActivityScenario: Activity lifecycle changed event received but ignored because the reported transition was not ON_CREATE while the last known transition was DESTROYED
08-21 11:22:01.979  5004  5004 V ActivityScenario: Activity lifecycle changed event received but ignored because the reported transition was not ON_CREATE while the last known transition was PRE_ON_CREATE
08-21 11:22:01.993  5004  5004 D LifecycleMonitor: Lifecycle status change: androidx.fragment.app.testing.FragmentScenario$EmptyFragmentActivity@2f1f924 in: CREATED
08-21 11:22:01.993  5004  5004 V ActivityScenario: Update currentActivityStage to CREATED, currentActivity=androidx.fragment.app.testing.FragmentScenario$EmptyFragmentActivity@2f1f924
08-21 11:22:01.994  5004  5004 V ActivityScenario: Update currentActivityStage to CREATED, currentActivity=androidx.fragment.app.testing.FragmentScenario$EmptyFragmentActivity@2f1f924
08-21 11:22:02.000  5004  5004 D LifecycleMonitor: Lifecycle status change: androidx.fragment.app.testing.FragmentScenario$EmptyFragmentActivity@2f1f924 in: STARTED
08-21 11:22:02.000  5004  5004 V ActivityScenario: Update currentActivityStage to STARTED, currentActivity=androidx.fragment.app.testing.FragmentScenario$EmptyFragmentActivity@2f1f924
08-21 11:22:02.000  5004  5004 V ActivityScenario: Update currentActivityStage to STARTED, currentActivity=androidx.fragment.app.testing.FragmentScenario$EmptyFragmentActivity@2f1f924
08-21 11:22:02.003  5004  5004 D LifecycleMonitor: Lifecycle status change: androidx.fragment.app.testing.FragmentScenario$EmptyFragmentActivity@2f1f924 in: RESUMED
08-21 11:22:02.003  5004  5004 V ActivityScenario: Update currentActivityStage to RESUMED, currentActivity=androidx.fragment.app.testing.FragmentScenario$EmptyFragmentActivity@2f1f924
08-21 11:22:02.003  5004  5004 V ActivityScenario: Update currentActivityStage to RESUMED, currentActivity=androidx.fragment.app.testing.FragmentScenario$EmptyFragmentActivity@2f1f924
08-21 11:22:02.075   311   346 D goldfish-address-space: claimShared: Ask to claim region [0x3e8fd2000 0x3e97bb000]
08-21 11:22:02.083   311  1166 D goldfish-address-space: claimShared: Ask to claim region [0x3e97bb000 0x3e9fa4000]
08-21 11:22:02.111   311  1166 D goldfish-address-space: claimShared: Ask to claim region [0x3e9fa4000 0x3ea78d000]
08-21 11:22:02.123   311  1166 D goldfish-address-space: claimShared: Ask to claim region [0x3ee5d8000 0x3eedc1000]
08-21 11:22:02.193 32463  1251 I PBSessionCacheImpl: (REDACTED) Deleted sessionId[%d] from persistence.
08-21 11:22:02.236  5004  5004 D LifecycleMonitor: Lifecycle status change: androidx.test.core.app.InstrumentationActivityInvoker$BootstrapActivity@57215bf in: STOPPED
08-21 11:22:02.237  5004  5004 V ActivityScenario: Activity lifecycle changed event received but ignored because the intent does not match. startActivityIntent=Intent { act=android.intent.action.MAIN cat=[android.intent.category.LAUNCHER] cmp=com.example.lunchtray/androidx.fragment.app.testing.FragmentScenario$EmptyFragmentActivity (has extras) }, activity.getIntent()=Intent { act=android.intent.action.MAIN cat=[android.intent.category.LAUNCHER] flg=0x10008000 cmp=com.example.lunchtray/androidx.test.core.app.InstrumentationActivityInvoker$BootstrapActivity (has extras) }, activity=androidx.test.core.app.InstrumentationActivityInvoker$BootstrapActivity@57215bf
08-21 11:22:02.238  5004  5004 V ActivityScenario: Activity lifecycle changed event received but ignored because the intent does not match. startActivityIntent=Intent { act=android.intent.action.MAIN cat=[android.intent.category.LAUNCHER] cmp=com.example.lunchtray/androidx.fragment.app.testing.FragmentScenario$EmptyFragmentActivity (has extras) }, activity.getIntent()=Intent { act=android.intent.action.MAIN cat=[android.intent.category.LAUNCHER] flg=0x10008000 cmp=com.example.lunchtray/androidx.test.core.app.InstrumentationActivityInvoker$BootstrapActivity (has extras) }, activity=androidx.test.core.app.InstrumentationActivityInvoker$BootstrapActivity@57215bf
08-21 11:22:02.251 31616 31634 D EventSequenceValidator: Transition from ACTIVITY_LAUNCHED to ACTIVITY_FINISHED
08-21 11:22:02.274 32463   656 W SearchServiceCore: Abort, client detached.
08-21 11:22:02.276 32463   656 I chatty  : uid=10109(com.google.android.googlequicksearchbox) EventBus0 identical 3 lines
08-21 11:22:02.277 32463   656 W SearchServiceCore: Abort, client detached.
08-21 11:22:02.338 31616 31644 D ArtManagerInternalImpl: /data/misc/iorapd/com.example.lunchtray/1/androidx.fragment.app.testing.FragmentScenario$EmptyFragmentActivity/compiled_traces/compiled_trace.pb doesn't exist
08-21 11:22:02.342 31616 31644 I ActivityTaskManager: Displayed com.example.lunchtray/androidx.fragment.app.testing.FragmentScenario$EmptyFragmentActivity: +383ms
08-21 11:22:02.348  5004  5004 D RootViewPicker: Root not ready - waiting: 10ms for one to appear.
08-21 11:22:02.362  5004  5004 D RootViewPicker: Root not ready - waiting: 25ms for one to appear.
08-21 11:22:02.391  5004  5004 D RootViewPicker: Root not ready - waiting: 50ms for one to appear.
08-21 11:22:02.445  5004  5004 D RootViewPicker: Root not ready - waiting: 100ms for one to appear.
08-21 11:22:02.549  5004  5004 D RootViewPicker: Root not ready - waiting: 200ms for one to appear.
08-21 11:22:02.592 31573  5126 D BufferPoolAccessor2.0: bufferpool2 0xf2b02228 : 0(0 size) total buffers - 0(0 size) used buffers - 91/102 (recycle/alloc) - 21/198 (fetch/transfer)
08-21 11:22:02.592 31573  5126 D BufferPoolAccessor2.0: evictor expired: 1, evicted: 1
08-21 11:22:02.608   440   821 D BufferPoolAccessor2.0: bufferpool2 0xf2b45a78 : 0(0 size) total buffers - 0(0 size) used buffers - 91/97 (recycle/alloc) - 8/96 (fetch/transfer)
08-21 11:22:02.608   440   821 D BufferPoolAccessor2.0: evictor expired: 1, evicted: 1
08-21 11:22:02.751 32218  5097 W ConfiguratorPhenotypeUt: Phenotype bulk platform registration failed. [CONTEXT service_id=204 ]
08-21 11:22:02.751 32218  5097 W ConfiguratorPhenotypeUt: java.util.concurrent.TimeoutException: Timed out waiting for Task
08-21 11:22:02.751 32218  5097 W ConfiguratorPhenotypeUt: 	at bkqa.m(:com.google.android.gms@222615040@22.26.15 (150700-461192076):6)
08-21 11:22:02.751 32218  5097 W ConfiguratorPhenotypeUt: 	at bcin.f(:com.google.android.gms@222615040@22.26.15 (150700-461192076):9)
08-21 11:22:02.751 32218  5097 W ConfiguratorPhenotypeUt: 	at com.google.android.gms.platformconfigurator.PhenotypeConfigurationUpdateListener.b(:com.google.android.gms@222615040@22.26.15 (150700-461192076):3)
08-21 11:22:02.751 32218  5097 W ConfiguratorPhenotypeUt: 	at com.google.android.gms.platformconfigurator.PhenotypeConfigurationUpdateListener.c(:com.google.android.gms@222615040@22.26.15 (150700-461192076):0)
08-21 11:22:02.751 32218  5097 W ConfiguratorPhenotypeUt: 	at com.google.android.gms.platformconfigurator.PhenotypeConfigurationUpdateListener.onHandleIntent(:com.google.android.gms@222615040@22.26.15 (150700-461192076):5)
08-21 11:22:02.751 32218  5097 W ConfiguratorPhenotypeUt: 	at com.google.android.chimera.IntentOperation.onHandleIntent(:com.google.android.gms@222615040@22.26.15 (150700-461192076):2)
08-21 11:22:02.751 32218  5097 W ConfiguratorPhenotypeUt: 	at uzc.onHandleIntent(:com.google.android.gms@222615040@22.26.15 (150700-461192076):4)
08-21 11:22:02.751 32218  5097 W ConfiguratorPhenotypeUt: 	at ffs.run(:com.google.android.gms@222615040@22.26.15 (150700-461192076):3)
08-21 11:22:02.751 32218  5097 W ConfiguratorPhenotypeUt: 	at ffr.run(:com.google.android.gms@222615040@22.26.15 (150700-461192076):11)
08-21 11:22:02.751 32218  5097 W ConfiguratorPhenotypeUt: 	at cfnu.run(:com.google.android.gms@222615040@22.26.15 (150700-461192076):2)
08-21 11:22:02.751 32218  5097 W ConfiguratorPhenotypeUt: 	at java.util.concurrent.ThreadPoolExecutor.runWorker(ThreadPoolExecutor.java:1167)
08-21 11:22:02.751 32218  5097 W ConfiguratorPhenotypeUt: 	at java.util.concurrent.ThreadPoolExecutor$Worker.run(ThreadPoolExecutor.java:641)
08-21 11:22:02.751 32218  5097 W ConfiguratorPhenotypeUt: 	at java.lang.Thread.run(Thread.java:923)
08-21 11:22:02.751  5004  5004 D RootViewPicker: Root not ready - waiting: 400ms for one to appear.
08-21 11:22:02.754 32218  5097 I ExperimentPackageManage: Package com.google.android.as name not found! Using module version.
08-21 11:22:02.755 32218  5097 I ExperimentPackageManage: Package com.android.refreshratecontrol name not found! Using module version.
08-21 11:22:02.757 32218  5097 I ExperimentPackageManage: Package com.google.android.as name not found! Using module version.
08-21 11:22:02.764 32218  5097 I ExperimentPackageManage: Package com.google.oslo name not found! Using module version.
08-21 11:22:02.767 32218  5097 I ExperimentPackageManage: Package com.google.android.art name not found! Using module version.
08-21 11:22:02.768 32218  5097 I ExperimentPackageManage: Package com.google.android.art name not found! Using module version.
08-21 11:22:02.775 32218  5097 I ExperimentPackageManage: Package com.android.media name not found! Using module version.
08-21 11:22:02.776 32218  5097 I ExperimentPackageManage: Package com.android.media.swcodec name not found! Using module version.
08-21 11:22:02.778 32218  5097 I ExperimentPackageManage: Package com.android.appsearch name not found! Using module version.
08-21 11:22:02.779 32218  5097 I ExperimentPackageManage: Package com.android.neuralnetworks name not found! Using module version.
08-21 11:22:02.780 32218  5097 I ExperimentPackageManage: Package com.google.android.odad name not found! Using module version.
08-21 11:22:02.782 32218  5097 I ExperimentPackageManage: Package com.android.media name not found! Using module version.
08-21 11:22:02.786 32218  5097 I ExperimentPackageManage: Package com.android.privateads.apk name not found! Using module version.
08-21 11:22:02.788 32218  5097 I ExperimentPackageManage: Package com.google.android.as.oss name not found! Using module version.
08-21 11:22:02.790 32218  5097 I ExperimentPackageManage: Package 1 name not found! Using module version.
08-21 11:22:02.791 32218  5097 W PhenotypeConfigurationU: Update for unknown DeviceConfig package com.google.android.gms.netrec [CONTEXT service_id=204 ]
08-21 11:22:02.791 32218  5097 W PhenotypeConfigurationU: bcis: No package exists for config package: com.google.android.gms.netrec
08-21 11:22:02.791 32218  5097 W PhenotypeConfigurationU: 	at com.google.android.gms.platformconfigurator.PhenotypeConfigurationUpdateListener.a(:com.google.android.gms@222615040@22.26.15 (150700-461192076):7)
08-21 11:22:02.791 32218  5097 W PhenotypeConfigurationU: 	at com.google.android.gms.platformconfigurator.PhenotypeConfigurationUpdateListener.onHandleIntent(:com.google.android.gms@222615040@22.26.15 (150700-461192076):6)
08-21 11:22:02.791 32218  5097 W PhenotypeConfigurationU: 	at com.google.android.chimera.IntentOperation.onHandleIntent(:com.google.android.gms@222615040@22.26.15 (150700-461192076):2)
08-21 11:22:02.791 32218  5097 W PhenotypeConfigurationU: 	at uzc.onHandleIntent(:com.google.android.gms@222615040@22.26.15 (150700-461192076):4)
08-21 11:22:02.791 32218  5097 W PhenotypeConfigurationU: 	at ffs.run(:com.google.android.gms@222615040@22.26.15 (150700-461192076):3)
08-21 11:22:02.791 32218  5097 W PhenotypeConfigurationU: 	at ffr.run(:com.google.android.gms@222615040@22.26.15 (150700-461192076):11)
08-21 11:22:02.791 32218  5097 W PhenotypeConfigurationU: 	at cfnu.run(:com.google.android.gms@222615040@22.26.15 (150700-461192076):2)
08-21 11:22:02.791 32218  5097 W PhenotypeConfigurationU: 	at java.util.concurrent.ThreadPoolExecutor.runWorker(ThreadPoolExecutor.java:1167)
08-21 11:22:02.791 32218  5097 W PhenotypeConfigurationU: 	at java.util.concurrent.ThreadPoolExecutor$Worker.run(ThreadPoolExecutor.java:641)
08-21 11:22:02.791 32218  5097 W PhenotypeConfigurationU: 	at java.lang.Thread.run(Thread.java:923)
08-21 11:22:02.807 32218  5143 I ExperimentPackageManage: Package com.google.android.as name not found! Using module version.
08-21 11:22:02.809 32218  5143 I ExperimentPackageManage: Package com.android.refreshratecontrol name not found! Using module version.
08-21 11:22:02.809 32218  5143 I ExperimentPackageManage: Package com.google.android.as name not found! Using module version.
08-21 11:22:02.811 32218  5143 I ExperimentPackageManage: Package com.google.oslo name not found! Using module version.
08-21 11:22:02.812 32218  5143 I ExperimentPackageManage: Package com.google.android.art name not found! Using module version.
08-21 11:22:02.814 32218  5143 I ExperimentPackageManage: Package com.google.android.art name not found! Using module version.
08-21 11:22:02.815 32218  5143 I ExperimentPackageManage: Package com.android.media name not found! Using module version.
08-21 11:22:02.816 32218  5143 I ExperimentPackageManage: Package com.android.media.swcodec name not found! Using module version.
08-21 11:22:02.818 32218  5143 I ExperimentPackageManage: Package com.android.appsearch name not found! Using module version.
08-21 11:22:02.820 32218  5143 I ExperimentPackageManage: Package com.android.neuralnetworks name not found! Using module version.
08-21 11:22:02.821 32218  5143 I ExperimentPackageManage: Package com.google.android.odad name not found! Using module version.
08-21 11:22:02.823 32218  5143 I ExperimentPackageManage: Package com.android.media name not found! Using module version.
08-21 11:22:02.824 32218  5143 I ExperimentPackageManage: Package com.android.privateads.apk name not found! Using module version.
08-21 11:22:02.826 32218  5143 I ExperimentPackageManage: Package com.google.android.as.oss name not found! Using module version.
08-21 11:22:02.827 32218  5143 I ExperimentPackageManage: Package 1 name not found! Using module version.
08-21 11:22:02.831 32218  5143 W ConfiguratorPhenotypeUt: Package com.google.android.odad name not found! Using module version. [CONTEXT service_id=204 ]
08-21 11:22:02.833 32218  5143 W ConfiguratorPhenotypeUt: Package com.google.android.as name not found! Using module version. [CONTEXT service_id=204 ]
08-21 11:22:02.836 32218  5143 W ConfiguratorPhenotypeUt: Package com.android.media.swcodec name not found! Using module version. [CONTEXT service_id=204 ]
08-21 11:22:02.839 32218  5143 W ConfiguratorPhenotypeUt: Package com.google.android.art name not found! Using module version. [CONTEXT service_id=204 ]
08-21 11:22:02.841 32218  5143 W ConfiguratorPhenotypeUt: Package com.android.appsearch name not found! Using module version. [CONTEXT service_id=204 ]
08-21 11:22:02.843 32218  5143 W ConfiguratorPhenotypeUt: Package com.google.android.art name not found! Using module version. [CONTEXT service_id=204 ]
08-21 11:22:02.846 32218  5143 W ConfiguratorPhenotypeUt: Package com.android.privateads.apk name not found! Using module version. [CONTEXT service_id=204 ]
08-21 11:22:02.848 32218  5143 W ConfiguratorPhenotypeUt: Package com.google.android.as name not found! Using module version. [CONTEXT service_id=204 ]
08-21 11:22:02.850 32218  5143 W ConfiguratorPhenotypeUt: Package com.android.media name not found! Using module version. [CONTEXT service_id=204 ]
08-21 11:22:02.852 32218  5143 W ConfiguratorPhenotypeUt: Package com.google.android.as.oss name not found! Using module version. [CONTEXT service_id=204 ]
08-21 11:22:02.853 32218  5143 W ConfiguratorPhenotypeUt: Package com.google.oslo name not found! Using module version. [CONTEXT service_id=204 ]
08-21 11:22:02.857 32218  5143 W ConfiguratorPhenotypeUt: Package com.android.refreshratecontrol name not found! Using module version. [CONTEXT service_id=204 ]
08-21 11:22:02.859 32218  5143 W ConfiguratorPhenotypeUt: Package com.android.media name not found! Using module version. [CONTEXT service_id=204 ]
08-21 11:22:02.862 32218  5143 W ConfiguratorPhenotypeUt: Package com.android.neuralnetworks name not found! Using module version. [CONTEXT service_id=204 ]
08-21 11:22:02.864 32218  5143 W ConfiguratorPhenotypeUt: Package 1 name not found! Using module version. [CONTEXT service_id=204 ]
08-21 11:22:03.155  5004  5004 D RootViewPicker: Root not ready - waiting: 800ms for one to appear.
08-21 11:22:03.595   487   487 E wifi_forwarder: qemu_pipe_open_ns:62: Could not connect to the 'pipe:qemud:wififorward' service: Invalid argument
08-21 11:22:03.595   487   487 E wifi_forwarder: RemoteConnection failed to initialize: RemoteConnection failed to open pipe
08-21 11:22:04.171  5004  5004 D RootViewPicker: Root not ready - waiting: 1000ms for one to appear.
08-21 11:22:05.114 32573 32573 D BoundBrokerSvc: onUnbind: Intent { act=com.google.android.gms.languageprofile.service.START pkg=com.google.android.gms }
08-21 11:22:05.175  5004  5004 D RootViewPicker: Root not ready - waiting: 1000ms for one to appear.
08-21 11:22:06.136 31616 31627 W System  : A resource failed to call release.
08-21 11:22:06.142 31616 31627 I chatty  : uid=1000(system) FinalizerDaemon identical 1 line
08-21 11:22:06.142 31616 31627 W System  : A resource failed to call release.
08-21 11:22:06.178  5004  5004 D RootViewPicker: Root not ready - waiting: 1000ms for one to appear.
08-21 11:22:07.182  5004  5004 D RootViewPicker: Root not ready - waiting: 1000ms for one to appear.
08-21 11:22:07.766 31569 31569 I Zygote  : Process 4504 exited due to signal 9 (Killed)
08-21 11:22:07.800 31616 31647 I libprocessgroup: Successfully killed process cgroup uid 10063 pid 4504 in 44ms
08-21 11:22:07.936 32573 32573 D BoundBrokerSvc: onUnbind: Intent { act=com.google.android.mobstore.service.START dat=chimera-action:com.google.android.mobstore.service.START cmp=com.google.android.gms/.chimera.GmsBoundBrokerService }
08-21 11:22:07.966 32573 32573 D BoundBrokerSvc: onUnbind: Intent { act=com.google.android.gms.facs.internal.service.START dat=chimera-action:com.google.android.gms.facs.internal.service.START cmp=com.google.android.gms/.chimera.GmsInternalApiService }
08-21 11:22:08.186  5004  5004 D RootViewPicker: Root not ready - waiting: 1000ms for one to appear.
08-21 11:22:08.867 32218  5143 W ConfiguratorPhenotypeUt: Phenotype bulk platform registration failed. [CONTEXT service_id=204 ]
08-21 11:22:08.867 32218  5143 W ConfiguratorPhenotypeUt: java.util.concurrent.TimeoutException: Timed out waiting for Task
08-21 11:22:08.867 32218  5143 W ConfiguratorPhenotypeUt: 	at bkqa.m(:com.google.android.gms@222615040@22.26.15 (150700-461192076):6)
08-21 11:22:08.867 32218  5143 W ConfiguratorPhenotypeUt: 	at bcin.f(:com.google.android.gms@222615040@22.26.15 (150700-461192076):9)
08-21 11:22:08.867 32218  5143 W ConfiguratorPhenotypeUt: 	at com.google.android.gms.platformconfigurator.PhenotypeConfigurationUpdateListener.b(:com.google.android.gms@222615040@22.26.15 (150700-461192076):3)
08-21 11:22:08.867 32218  5143 W ConfiguratorPhenotypeUt: 	at com.google.android.gms.platformconfigurator.PhenotypeConfigurationUpdateListener.c(:com.google.android.gms@222615040@22.26.15 (150700-461192076):0)
08-21 11:22:08.867 32218  5143 W ConfiguratorPhenotypeUt: 	at com.google.android.gms.platformconfigurator.PhenotypeConfigurationUpdateListener.onHandleIntent(:com.google.android.gms@222615040@22.26.15 (150700-461192076):5)
08-21 11:22:08.867 32218  5143 W ConfiguratorPhenotypeUt: 	at com.google.android.chimera.IntentOperation.onHandleIntent(:com.google.android.gms@222615040@22.26.15 (150700-461192076):2)
08-21 11:22:08.867 32218  5143 W ConfiguratorPhenotypeUt: 	at uzc.onHandleIntent(:com.google.android.gms@222615040@22.26.15 (150700-461192076):4)
08-21 11:22:08.867 32218  5143 W ConfiguratorPhenotypeUt: 	at ffs.run(:com.google.android.gms@222615040@22.26.15 (150700-461192076):3)
08-21 11:22:08.867 32218  5143 W ConfiguratorPhenotypeUt: 	at ffr.run(:com.google.android.gms@222615040@22.26.15 (150700-461192076):11)
08-21 11:22:08.867 32218  5143 W ConfiguratorPhenotypeUt: 	at cfnu.run(:com.google.android.gms@222615040@22.26.15 (150700-461192076):2)
08-21 11:22:08.867 32218  5143 W ConfiguratorPhenotypeUt: 	at java.util.concurrent.ThreadPoolExecutor.runWorker(ThreadPoolExecutor.java:1167)
08-21 11:22:08.867 32218  5143 W ConfiguratorPhenotypeUt: 	at java.util.concurrent.ThreadPoolExecutor$Worker.run(ThreadPoolExecutor.java:641)
08-21 11:22:08.867 32218  5143 W ConfiguratorPhenotypeUt: 	at java.lang.Thread.run(Thread.java:923)
08-21 11:22:08.869 32218  5143 I ExperimentPackageManage: Package com.google.android.as name not found! Using module version.
08-21 11:22:08.870 32218  5143 I ExperimentPackageManage: Package com.android.refreshratecontrol name not found! Using module version.
08-21 11:22:08.872 32218  5143 I ExperimentPackageManage: Package com.google.android.as name not found! Using module version.
08-21 11:22:08.873 32218  5143 I ExperimentPackageManage: Package com.google.oslo name not found! Using module version.
08-21 11:22:08.874 32218  5143 I ExperimentPackageManage: Package com.google.android.art name not found! Using module version.
08-21 11:22:08.876 32218  5143 I ExperimentPackageManage: Package com.google.android.art name not found! Using module version.
08-21 11:22:08.877 32218  5143 I ExperimentPackageManage: Package com.android.media name not found! Using module version.
08-21 11:22:08.879 32218  5143 I ExperimentPackageManage: Package com.android.media.swcodec name not found! Using module version.
08-21 11:22:08.880 32218  5143 I ExperimentPackageManage: Package com.android.appsearch name not found! Using module version.
08-21 11:22:08.881 32218  5143 I ExperimentPackageManage: Package com.android.neuralnetworks name not found! Using module version.
08-21 11:22:08.882 32218  5143 I ExperimentPackageManage: Package com.google.android.odad name not found! Using module version.
08-21 11:22:08.883 32218  5143 I ExperimentPackageManage: Package com.android.media name not found! Using module version.
08-21 11:22:08.885 32218  5143 I ExperimentPackageManage: Package com.android.privateads.apk name not found! Using module version.
08-21 11:22:08.886 32218  5143 I ExperimentPackageManage: Package com.google.android.as.oss name not found! Using module version.
08-21 11:22:08.887 32218  5143 I ExperimentPackageManage: Package 1 name not found! Using module version.
08-21 11:22:08.888 32218  5143 W PhenotypeConfigurationU: Update for unknown DeviceConfig package com.google.android.libraries.spot#com.google.android.gms [CONTEXT service_id=204 ]
08-21 11:22:08.888 32218  5143 W PhenotypeConfigurationU: bcis: No package exists for config package: com.google.android.libraries.spot#com.google.android.gms
08-21 11:22:08.888 32218  5143 W PhenotypeConfigurationU: 	at com.google.android.gms.platformconfigurator.PhenotypeConfigurationUpdateListener.a(:com.google.android.gms@222615040@22.26.15 (150700-461192076):7)
08-21 11:22:08.888 32218  5143 W PhenotypeConfigurationU: 	at com.google.android.gms.platformconfigurator.PhenotypeConfigurationUpdateListener.onHandleIntent(:com.google.android.gms@222615040@22.26.15 (150700-461192076):6)
08-21 11:22:08.888 32218  5143 W PhenotypeConfigurationU: 	at com.google.android.chimera.IntentOperation.onHandleIntent(:com.google.android.gms@222615040@22.26.15 (150700-461192076):2)
08-21 11:22:08.888 32218  5143 W PhenotypeConfigurationU: 	at uzc.onHandleIntent(:com.google.android.gms@222615040@22.26.15 (150700-461192076):4)
08-21 11:22:08.888 32218  5143 W PhenotypeConfigurationU: 	at ffs.run(:com.google.android.gms@222615040@22.26.15 (150700-461192076):3)
08-21 11:22:08.888 32218  5143 W PhenotypeConfigurationU: 	at ffr.run(:com.google.android.gms@222615040@22.26.15 (150700-461192076):11)
08-21 11:22:08.888 32218  5143 W PhenotypeConfigurationU: 	at cfnu.run(:com.google.android.gms@222615040@22.26.15 (150700-461192076):2)
08-21 11:22:08.888 32218  5143 W PhenotypeConfigurationU: 	at java.util.concurrent.ThreadPoolExecutor.runWorker(ThreadPoolExecutor.java:1167)
08-21 11:22:08.888 32218  5143 W PhenotypeConfigurationU: 	at java.util.concurrent.ThreadPoolExecutor$Worker.run(ThreadPoolExecutor.java:641)
08-21 11:22:08.888 32218  5143 W PhenotypeConfigurationU: 	at java.lang.Thread.run(Thread.java:923)
08-21 11:22:08.899 32218  5149 I ExperimentPackageManage: Package com.google.android.as name not found! Using module version.
08-21 11:22:08.900 32218  5149 I ExperimentPackageManage: Package com.android.refreshratecontrol name not found! Using module version.
08-21 11:22:08.902 32218  5149 I ExperimentPackageManage: Package com.google.android.as name not found! Using module version.
08-21 11:22:08.903 32218  5149 I ExperimentPackageManage: Package com.google.oslo name not found! Using module version.
08-21 11:22:08.904 32218  5149 I ExperimentPackageManage: Package com.google.android.art name not found! Using module version.
08-21 11:22:08.905 32218  5149 I ExperimentPackageManage: Package com.google.android.art name not found! Using module version.
08-21 11:22:08.906 32218  5149 I ExperimentPackageManage: Package com.android.media name not found! Using module version.
08-21 11:22:08.907 32218  5149 I ExperimentPackageManage: Package com.android.media.swcodec name not found! Using module version.
08-21 11:22:08.908 32218  5149 I ExperimentPackageManage: Package com.android.appsearch name not found! Using module version.
08-21 11:22:08.911 32218  5149 I ExperimentPackageManage: Package com.android.neuralnetworks name not found! Using module version.
08-21 11:22:08.912 32218  5149 I ExperimentPackageManage: Package com.google.android.odad name not found! Using module version.
08-21 11:22:08.913 32218  5149 I ExperimentPackageManage: Package com.android.media name not found! Using module version.
08-21 11:22:08.914 32218  5149 I ExperimentPackageManage: Package com.android.privateads.apk name not found! Using module version.
08-21 11:22:08.915 32218  5149 I ExperimentPackageManage: Package com.google.android.as.oss name not found! Using module version.
08-21 11:22:08.916 32218  5149 I ExperimentPackageManage: Package 1 name not found! Using module version.
08-21 11:22:08.920 32218  5149 W ConfiguratorPhenotypeUt: Package com.google.android.odad name not found! Using module version. [CONTEXT service_id=204 ]
08-21 11:22:08.923 32218  5149 W ConfiguratorPhenotypeUt: Package com.google.android.as name not found! Using module version. [CONTEXT service_id=204 ]
08-21 11:22:08.925 32218  5149 W ConfiguratorPhenotypeUt: Package com.android.media.swcodec name not found! Using module version. [CONTEXT service_id=204 ]
08-21 11:22:08.928 32218  5149 W ConfiguratorPhenotypeUt: Package com.google.android.art name not found! Using module version. [CONTEXT service_id=204 ]
08-21 11:22:08.929 32218  5149 W ConfiguratorPhenotypeUt: Package com.android.appsearch name not found! Using module version. [CONTEXT service_id=204 ]
08-21 11:22:08.931 32218  5149 W ConfiguratorPhenotypeUt: Package com.google.android.art name not found! Using module version. [CONTEXT service_id=204 ]
08-21 11:22:08.934 32218  5149 W ConfiguratorPhenotypeUt: Package com.android.privateads.apk name not found! Using module version. [CONTEXT service_id=204 ]
08-21 11:22:08.936 32218  5149 W ConfiguratorPhenotypeUt: Package com.google.android.as name not found! Using module version. [CONTEXT service_id=204 ]
08-21 11:22:08.938 32218  5149 W ConfiguratorPhenotypeUt: Package com.android.media name not found! Using module version. [CONTEXT service_id=204 ]
08-21 11:22:08.941 32218  5149 W ConfiguratorPhenotypeUt: Package com.google.android.as.oss name not found! Using module version. [CONTEXT service_id=204 ]
08-21 11:22:08.943 32218  5149 W ConfiguratorPhenotypeUt: Package com.google.oslo name not found! Using module version. [CONTEXT service_id=204 ]
08-21 11:22:08.947 32218  5149 W ConfiguratorPhenotypeUt: Package com.android.refreshratecontrol name not found! Using module version. [CONTEXT service_id=204 ]
08-21 11:22:08.950 32218  5149 W ConfiguratorPhenotypeUt: Package com.android.media name not found! Using module version. [CONTEXT service_id=204 ]
08-21 11:22:08.953 32218  5149 W ConfiguratorPhenotypeUt: Package com.android.neuralnetworks name not found! Using module version. [CONTEXT service_id=204 ]
08-21 11:22:08.956 32218  5149 W ConfiguratorPhenotypeUt: Package 1 name not found! Using module version. [CONTEXT service_id=204 ]
08-21 11:22:09.190  5004  5004 D RootViewPicker: Root not ready - waiting: 1000ms for one to appear.
08-21 11:22:11.196  5004  5004 I chatty  : uid=10172(com.example.lunchtray) identical 2 lines
08-21 11:22:12.200  5004  5004 D RootViewPicker: Root not ready - waiting: 1000ms for one to appear.
08-21 11:22:13.230  5004  5026 E TestRunner: failed: entree_menu_item_content(com.example.lunchtray.MenuContentTests)
08-21 11:22:13.230  5004  5026 E TestRunner: ----- begin exception -----
08-21 11:22:13.233  5004  5026 E TestRunner: androidx.test.espresso.base.RootViewPicker$RootViewWithoutFocusException: Waited for the root of the view hierarchy to have window focus and not request layout for 10 seconds. If you specified a non default root matcher, it may be picking a root that never takes focus. Root:
08-21 11:22:13.233  5004  5026 E TestRunner: Root{application-window-token=android.view.ViewRootImpl$W@35769e4, window-token=android.view.ViewRootImpl$W@35769e4, has-window-focus=false, layout-params-type=1, layout-params-string={(0,0)(fillxfill) sim={forwardNavigation} ty=BASE_APPLICATION wanim=0x10302fe
08-21 11:22:13.233  5004  5026 E TestRunner:   fl=LAYOUT_IN_SCREEN LAYOUT_INSET_DECOR SPLIT_TOUCH HARDWARE_ACCELERATED DRAWS_SYSTEM_BAR_BACKGROUNDS
08-21 11:22:13.233  5004  5026 E TestRunner:   pfl=FORCE_DRAW_STATUS_BAR_BACKGROUND FIT_INSETS_CONTROLLED
08-21 11:22:13.233  5004  5026 E TestRunner:   fitSides=}, decor-view-string=DecorView{id=-1, visibility=VISIBLE, width=1080, height=1920, has-focus=false, has-focusable=true, has-window-focus=false, is-clickable=false, is-enabled=true, is-focused=false, is-focusable=false, is-layout-requested=false, is-selected=false, layout-params={(0,0)(fillxfill) sim={forwardNavigation} ty=BASE_APPLICATION wanim=0x10302fe
08-21 11:22:13.233  5004  5026 E TestRunner:   fl=LAYOUT_IN_SCREEN LAYOUT_INSET_DECOR SPLIT_TOUCH HARDWARE_ACCELERATED DRAWS_SYSTEM_BAR_BACKGROUNDS
08-21 11:22:13.233  5004  5026 E TestRunner:   pfl=FORCE_DRAW_STATUS_BAR_BACKGROUND FIT_INSETS_CONTROLLED
08-21 11:22:13.233  5004  5026 E TestRunner:   fitSides=}, tag=null, root-is-layout-requested=false, has-input-connection=false, x=0.0, y=0.0, child-count=3}}
08-21 11:22:13.233  5004  5026 E TestRunner: 	at dalvik.system.VMStack.getThreadStackTrace(Native Method)
08-21 11:22:13.233  5004  5026 E TestRunner: 	at java.lang.Thread.getStackTrace(Thread.java:1736)
08-21 11:22:13.233  5004  5026 E TestRunner: 	at androidx.test.espresso.base.DefaultFailureHandler.getUserFriendlyError(DefaultFailureHandler.java:12)
08-21 11:22:13.233  5004  5026 E TestRunner: 	at androidx.test.espresso.base.DefaultFailureHandler.handle(DefaultFailureHandler.java:7)
08-21 11:22:13.233  5004  5026 E TestRunner: 	at androidx.test.espresso.ViewInteraction.waitForAndHandleInteractionResults(ViewInteraction.java:8)
08-21 11:22:13.233  5004  5026 E TestRunner: 	at androidx.test.espresso.ViewInteraction.check(ViewInteraction.java:12)
08-21 11:22:13.233  5004  5026 E TestRunner: 	at com.example.lunchtray.MenuContentTests.entree_menu_item_content(MenuContentTests.kt:49)
08-21 11:22:13.233  5004  5026 E TestRunner: 	at java.lang.reflect.Method.invoke(Native Method)
08-21 11:22:13.233  5004  5026 E TestRunner: 	at org.junit.runners.model.FrameworkMethod$1.runReflectiveCall(FrameworkMethod.java:50)
08-21 11:22:13.233  5004  5026 E TestRunner: 	at org.junit.internal.runners.model.ReflectiveCallable.run(ReflectiveCallable.java:12)
08-21 11:22:13.233  5004  5026 E TestRunner: 	at org.junit.runners.model.FrameworkMethod.invokeExplosively(FrameworkMethod.java:47)
08-21 11:22:13.233  5004  5026 E TestRunner: 	at org.junit.internal.runners.statements.InvokeMethod.evaluate(InvokeMethod.java:17)
08-21 11:22:13.233  5004  5026 E TestRunner: 	at org.junit.runners.ParentRunner.runLeaf(ParentRunner.java:325)
08-21 11:22:13.233  5004  5026 E TestRunner: 	at org.junit.runners.BlockJUnit4ClassRunner.runChild(BlockJUnit4ClassRunner.java:78)
08-21 11:22:13.233  5004  5026 E TestRunner: 	at org.junit.runners.BlockJUnit4ClassRunner.runChild(BlockJUnit4ClassRunner.java:57)
08-21 11:22:13.233  5004  5026 E TestRunner: 	at org.junit.runners.ParentRunner$3.run(ParentRunner.java:290)
08-21 11:22:13.233  5004  5026 E TestRunner: 	at org.junit.runners.ParentRunner$1.schedule(ParentRunner.java:71)
08-21 11:22:13.233  5004  5026 E TestRunner: 	at org.junit.runners.ParentRunner.runChildren(ParentRunner.java:288)
08-21 11:22:13.233  5004  5026 E TestRunner: 	at org.junit.runners.ParentRunner.access$000(ParentRunner.java:58)
08-21 11:22:13.233  5004  5026 E TestRunner: 	at org.junit.runners.ParentRunner$2.evaluate(ParentRunner.java:268)
08-21 11:22:13.233  5004  5026 E TestRunner: 	at org.junit.runners.ParentRunner.run(ParentRunner.java:363)
08-21 11:22:13.233  5004  5026 E TestRunner: 	at androidx.test.ext.junit.runners.AndroidJUnit4.run(AndroidJUnit4.java:162)
08-21 11:22:13.233  5004  5026 E TestRunner: 	at org.junit.runners.Suite.runChild(Suite.java:128)
08-21 11:22:13.233  5004  5026 E TestRunner: 	at org.junit.runners.Suite.runChild(Suite.java:27)
08-21 11:22:13.233  5004  5026 E TestRunner: 	at org.junit.runners.ParentRunner$3.run(ParentRunner.java:290)
08-21 11:22:13.233  5004  5026 E TestRunner: 	at org.junit.runners.ParentRunner$1.schedule(ParentRunner.java:71)
08-21 11:22:13.233  5004  5026 E TestRunner: 	at org.junit.runners.ParentRunner.runChildren(ParentRunner.java:288)
08-21 11:22:13.233  5004  5026 E TestRunner: 	at org.junit.runners.ParentRunner.access$000(ParentRunner.java:58)
08-21 11:22:13.233  5004  5026 E TestRunner: 	at org.junit.runners.ParentRunner$2.evaluate(ParentRunner.java:268)
08-21 11:22:13.233  5004  5026 E TestRunner: 	at org.junit.runners.ParentRunner.run(ParentRunner.java:363)
08-21 11:22:13.233  5004  5026 E TestRunner: 	at org.junit.runner.JUnitCore.run(JUnitCore.java:137)
08-21 11:22:13.233  5004  5026 E TestRunner: 	at org.junit.runner.JUnitCore.run(JUnitCore.java:115)
08-21 11:22:13.233  5004  5026 E TestRunner: 	at androidx.test.internal.runner.TestExecutor.execute(TestExecutor.java:56)
08-21 11:22:13.233  5004  5026 E TestRunner: 	at androidx.test.runner.AndroidJUnitRunner.onStart(AndroidJUnitRunner.java:444)
08-21 11:22:13.233  5004  5026 E TestRunner: 	at android.app.Instrumentation$InstrumentationThread.run(Instrumentation.java:2205)
08-21 11:22:13.234  5004  5026 E TestRunner: ----- end exception -----
08-21 11:22:13.237  5004  5026 I TestRunner: finished: entree_menu_item_content(com.example.lunchtray.MenuContentTests)
