08-21 11:21:47.218  5004  5026 I TestRunner: started: side_menu_item_content(com.example.lunchtray.MenuContentTests)
08-21 11:21:47.243  5030  5030 I droid.apps.map: The ClassLoaderContext is a special shared library.
08-21 11:21:47.243  5030  5030 D nativeloader: classloader namespace configured for unbundled product apk. library_path=/product/app/Maps/lib/x86:/product/app/Maps/Maps.apk!/lib/x86:/product/lib:/system/product/lib
08-21 11:21:47.263  5030  5030 D NetworkSecurityConfig: No Network Security Config specified, using platform default
08-21 11:21:47.263  5030  5030 D NetworkSecurityConfig: No Network Security Config specified, using platform default
08-21 11:21:47.266  5004  5026 W Settings: Setting always_finish_activities has moved from android.provider.Settings.System to android.provider.Settings.Global, returning read-only value.
08-21 11:21:47.308 31616 31634 D EventSequenceValidator: Transition from ACTIVITY_FINISHED to INTENT_STARTED
08-21 11:21:47.494 31616   782 W InputReader: Device virtio_input_multi_touch_10 is associated with display ADISPLAY_ID_NONE.
08-21 11:21:47.494 31616   782 W InputReader: Device virtio_input_multi_touch_4 is associated with display ADISPLAY_ID_NONE.
08-21 11:21:47.494 31616   782 W InputReader: Device virtio_input_multi_touch_11 is associated with display ADISPLAY_ID_NONE.
08-21 11:21:47.494 31616   782 W InputReader: Device virtio_input_multi_touch_5 is associated with display ADISPLAY_ID_NONE.
08-21 11:21:47.494 31616   782 W InputReader: Device virtio_input_multi_touch_2 is associated with display ADISPLAY_ID_NONE.
08-21 11:21:47.494 31616   782 W InputReader: Device virtio_input_multi_touch_9 is associated with display ADISPLAY_ID_NONE.
08-21 11:21:47.495 31616   782 W InputReader: Device virtio_input_multi_touch_7 is associated with display ADISPLAY_ID_NONE.
08-21 11:21:47.495 31616   782 W InputReader: Device virtio_input_multi_touch_6 is associated with display ADISPLAY_ID_NONE.
08-21 11:21:47.495 31616   782 W InputReader: Device virtio_input_multi_touch_3 is associated with display ADISPLAY_ID_NONE.
08-21 11:21:47.495 31616   782 W InputReader: Device virtio_input_multi_touch_8 is associated with display ADISPLAY_ID_NONE.
08-21 11:21:47.495 31616   782 W InputReader: Device virtio_input_multi_touch_10 is associated with display ADISPLAY_ID_NONE.
08-21 11:21:47.496 31616   782 W InputReader: Device virtio_input_multi_touch_4 is associated with display ADISPLAY_ID_NONE.
08-21 11:21:47.496 31616   782 W InputReader: Device virtio_input_multi_touch_11 is associated with display ADISPLAY_ID_NONE.
08-21 11:21:47.496 31616   782 W InputReader: Device virtio_input_multi_touch_5 is associated with display ADISPLAY_ID_NONE.
08-21 11:21:47.496 31616   782 W InputReader: Device virtio_input_multi_touch_2 is associated with display ADISPLAY_ID_NONE.
08-21 11:21:47.496 31616   782 W InputReader: Device virtio_input_multi_touch_9 is associated with display ADISPLAY_ID_NONE.
08-21 11:21:47.496 31616   782 W InputReader: Device virtio_input_multi_touch_7 is associated with display ADISPLAY_ID_NONE.
08-21 11:21:47.496 31616   782 W InputReader: Device virtio_input_multi_touch_6 is associated with display ADISPLAY_ID_NONE.
08-21 11:21:47.496 31616   782 W InputReader: Device virtio_input_multi_touch_3 is associated with display ADISPLAY_ID_NONE.
08-21 11:21:47.496 31616   782 W InputReader: Device virtio_input_multi_touch_8 is associated with display ADISPLAY_ID_NONE.
08-21 11:21:47.518 31616 31634 D EventSequenceValidator: Transition from INTENT_STARTED to ACTIVITY_LAUNCHED
08-21 11:21:47.603  5004  5004 D LifecycleMonitor: Lifecycle status change: androidx.test.core.app.InstrumentationActivityInvoker$BootstrapActivity@36b3c3 in: PRE_ON_CREATE
08-21 11:21:47.605  5004  5004 V ActivityScenario: Activity lifecycle changed event received but ignored because the intent does not match. startActivityIntent=Intent { act=android.intent.action.MAIN cat=[android.intent.category.LAUNCHER] cmp=com.example.lunchtray/androidx.fragment.app.testing.FragmentScenario$EmptyFragmentActivity (has extras) }, activity.getIntent()=Intent { act=android.intent.action.MAIN cat=[android.intent.category.LAUNCHER] flg=0x10008000 cmp=com.example.lunchtray/androidx.test.core.app.InstrumentationActivityInvoker$BootstrapActivity (has extras) }, activity=androidx.test.core.app.InstrumentationActivityInvoker$BootstrapActivity@36b3c3
08-21 11:21:47.622   311   346 D goldfish-address-space: claimShared: Ask to claim region [0x3ec634000 0x3ece1d000]
08-21 11:21:47.639  5004  5053 D libEGL  : loaded /vendor/lib/egl/libEGL_emulation.so
08-21 11:21:47.651  5004  5053 D libEGL  : loaded /vendor/lib/egl/libGLESv1_CM_emulation.so
08-21 11:21:47.685  5004  5053 D libEGL  : loaded /vendor/lib/egl/libGLESv2_emulation.so
08-21 11:21:47.689  5004  5004 D LifecycleMonitor: Lifecycle status change: androidx.test.core.app.InstrumentationActivityInvoker$BootstrapActivity@36b3c3 in: CREATED
08-21 11:21:47.691   174   174 I hwservicemanager: getTransport: Cannot find entry android.hardware.graphics.allocator@4.0::IAllocator/default in either framework or device manifest.
08-21 11:21:47.695  5004  5004 V ActivityScenario: Activity lifecycle changed event received but ignored because the intent does not match. startActivityIntent=Intent { act=android.intent.action.MAIN cat=[android.intent.category.LAUNCHER] cmp=com.example.lunchtray/androidx.fragment.app.testing.FragmentScenario$EmptyFragmentActivity (has extras) }, activity.getIntent()=Intent { act=android.intent.action.MAIN cat=[android.intent.category.LAUNCHER] flg=0x10008000 cmp=com.example.lunchtray/androidx.test.core.app.InstrumentationActivityInvoker$BootstrapActivity (has extras) }, activity=androidx.test.core.app.InstrumentationActivityInvoker$BootstrapActivity@36b3c3
08-21 11:21:47.700 31616   776 W Gralloc4: allocator 3.x is not supported
08-21 11:21:47.704  5004  5004 D LifecycleMonitor: Lifecycle status change: androidx.test.core.app.InstrumentationActivityInvoker$BootstrapActivity@36b3c3 in: STARTED
08-21 11:21:47.705  5004  5004 V ActivityScenario: Activity lifecycle changed event received but ignored because the intent does not match. startActivityIntent=Intent { act=android.intent.action.MAIN cat=[android.intent.category.LAUNCHER] cmp=com.example.lunchtray/androidx.fragment.app.testing.FragmentScenario$EmptyFragmentActivity (has extras) }, activity.getIntent()=Intent { act=android.intent.action.MAIN cat=[android.intent.category.LAUNCHER] flg=0x10008000 cmp=com.example.lunchtray/androidx.test.core.app.InstrumentationActivityInvoker$BootstrapActivity (has extras) }, activity=androidx.test.core.app.InstrumentationActivityInvoker$BootstrapActivity@36b3c3
08-21 11:21:47.710   311   346 D goldfish-address-space: claimShared: Ask to claim region [0x3eb290000 0x3eb48b000]
08-21 11:21:47.747  5004  5004 D LifecycleMonitor: Lifecycle status change: androidx.test.core.app.InstrumentationActivityInvoker$BootstrapActivity@36b3c3 in: RESUMED
08-21 11:21:47.747  5004  5004 V ActivityScenario: Activity lifecycle changed event received but ignored because the intent does not match. startActivityIntent=Intent { act=android.intent.action.MAIN cat=[android.intent.category.LAUNCHER] cmp=com.example.lunchtray/androidx.fragment.app.testing.FragmentScenario$EmptyFragmentActivity (has extras) }, activity.getIntent()=Intent { act=android.intent.action.MAIN cat=[android.intent.category.LAUNCHER] flg=0x10008000 cmp=com.example.lunchtray/androidx.test.core.app.InstrumentationActivityInvoker$BootstrapActivity (has extras) }, activity=androidx.test.core.app.InstrumentationActivityInvoker$BootstrapActivity@36b3c3
08-21 11:21:47.751 31616  5055 D HostConnection: HostConnection::get() New Host Connection established 0xb93c20e0, tid 5055
08-21 11:21:47.767  5004  5004 D LifecycleMonitor: Lifecycle status change: androidx.test.core.app.InstrumentationActivityInvoker$BootstrapActivity@36b3c3 in: PAUSED
08-21 11:21:47.768 31616  5055 D HostConnection: HostComposition ext ANDROID_EMU_CHECKSUM_HELPER_v1 ANDROID_EMU_native_sync_v2 ANDROID_EMU_native_sync_v3 ANDROID_EMU_native_sync_v4 ANDROID_EMU_dma_v1 ANDROID_EMU_direct_mem ANDROID_EMU_host_composition_v1 ANDROID_EMU_host_composition_v2 ANDROID_EMU_vulkan ANDROID_EMU_deferred_vulkan_commands ANDROID_EMU_vulkan_null_optional_strings ANDROID_EMU_vulkan_create_resources_with_requirements ANDROID_EMU_YUV_Cache ANDROID_EMU_vulkan_ignored_handles ANDROID_EMU_has_shared_slots_host_memory_allocator ANDROID_EMU_vulkan_free_memory_sync ANDROID_EMU_vulkan_shader_float16_int8 ANDROID_EMU_vulkan_async_queue_submit ANDROID_EMU_sync_buffer_data ANDROID_EMU_read_color_buffer_dma GL_OES_vertex_array_object GL_KHR_texture_compression_astc_ldr ANDROID_EMU_host_side_tracing ANDROID_EMU_gles_max_version_2
08-21 11:21:47.768  5004  5004 V ActivityScenario: Activity lifecycle changed event received but ignored because the intent does not match. startActivityIntent=Intent { act=android.intent.action.MAIN cat=[android.intent.category.LAUNCHER] cmp=com.example.lunchtray/androidx.fragment.app.testing.FragmentScenario$EmptyFragmentActivity (has extras) }, activity.getIntent()=Intent { act=android.intent.action.MAIN cat=[android.intent.category.LAUNCHER] flg=0x10008000 cmp=com.example.lunchtray/androidx.test.core.app.InstrumentationActivityInvoker$BootstrapActivity (has extras) }, activity=androidx.test.core.app.InstrumentationActivityInvoker$BootstrapActivity@36b3c3
08-21 11:21:47.769 31616  5055 W OpenGLRenderer: Failed to choose config with EGL_SWAP_BEHAVIOR_PRESERVED, retrying without...
08-21 11:21:47.772 31616   773 W InputReader: Device virtio_input_multi_touch_10 is associated with display ADISPLAY_ID_NONE.
08-21 11:21:47.772 31616   773 W InputReader: Device virtio_input_multi_touch_4 is associated with display ADISPLAY_ID_NONE.
08-21 11:21:47.772 31616   773 W InputReader: Device virtio_input_multi_touch_11 is associated with display ADISPLAY_ID_NONE.
08-21 11:21:47.772 31616   773 W InputReader: Device virtio_input_multi_touch_5 is associated with display ADISPLAY_ID_NONE.
08-21 11:21:47.772 31616   773 W InputReader: Device virtio_input_multi_touch_2 is associated with display ADISPLAY_ID_NONE.
08-21 11:21:47.772 31616   773 W InputReader: Device virtio_input_multi_touch_9 is associated with display ADISPLAY_ID_NONE.
08-21 11:21:47.772 31616   773 W InputReader: Device virtio_input_multi_touch_7 is associated with display ADISPLAY_ID_NONE.
08-21 11:21:47.772 31616   773 W InputReader: Device virtio_input_multi_touch_6 is associated with display ADISPLAY_ID_NONE.
08-21 11:21:47.772 31616   773 W InputReader: Device virtio_input_multi_touch_3 is associated with display ADISPLAY_ID_NONE.
08-21 11:21:47.772 31616   773 W InputReader: Device virtio_input_multi_touch_8 is associated with display ADISPLAY_ID_NONE.
08-21 11:21:47.773 31616   773 W InputReader: Device virtio_input_multi_touch_10 is associated with display ADISPLAY_ID_NONE.
08-21 11:21:47.773 31616   773 W InputReader: Device virtio_input_multi_touch_4 is associated with display ADISPLAY_ID_NONE.
08-21 11:21:47.773 31616   773 W InputReader: Device virtio_input_multi_touch_11 is associated with display ADISPLAY_ID_NONE.
08-21 11:21:47.773 31616   773 W InputReader: Device virtio_input_multi_touch_5 is associated with display ADISPLAY_ID_NONE.
08-21 11:21:47.774 31616   773 W InputReader: Device virtio_input_multi_touch_2 is associated with display ADISPLAY_ID_NONE.
08-21 11:21:47.774 31616   773 W InputReader: Device virtio_input_multi_touch_9 is associated with display ADISPLAY_ID_NONE.
08-21 11:21:47.774 31616   773 W InputReader: Device virtio_input_multi_touch_7 is associated with display ADISPLAY_ID_NONE.
08-21 11:21:47.774 31616   773 W InputReader: Device virtio_input_multi_touch_6 is associated with display ADISPLAY_ID_NONE.
08-21 11:21:47.774 31616   773 W InputReader: Device virtio_input_multi_touch_3 is associated with display ADISPLAY_ID_NONE.
08-21 11:21:47.774 31616   773 W InputReader: Device virtio_input_multi_touch_8 is associated with display ADISPLAY_ID_NONE.
08-21 11:21:47.791 31616  5055 D EGL_emulation: eglCreateContext: 0xb93c22a0: maj 2 min 0 rcv 2
08-21 11:21:47.877   311   346 D goldfish-address-space: claimShared: Ask to claim region [0x3ece1d000 0x3ed606000]
08-21 11:21:47.892 31616  5055 D EGL_emulation: eglMakeCurrent: 0xb93c22a0: ver 2 0 (tinfo 0xb95e6910) (first time)
08-21 11:21:47.897 31616   776 D HostConnection: HostConnection::get() New Host Connection established 0xf02fbe30, tid 776
08-21 11:21:47.910 31616   776 D HostConnection: HostComposition ext ANDROID_EMU_CHECKSUM_HELPER_v1 ANDROID_EMU_native_sync_v2 ANDROID_EMU_native_sync_v3 ANDROID_EMU_native_sync_v4 ANDROID_EMU_dma_v1 ANDROID_EMU_direct_mem ANDROID_EMU_host_composition_v1 ANDROID_EMU_host_composition_v2 ANDROID_EMU_vulkan ANDROID_EMU_deferred_vulkan_commands ANDROID_EMU_vulkan_null_optional_strings ANDROID_EMU_vulkan_create_resources_with_requirements ANDROID_EMU_YUV_Cache ANDROID_EMU_vulkan_ignored_handles ANDROID_EMU_has_shared_slots_host_memory_allocator ANDROID_EMU_vulkan_free_memory_sync ANDROID_EMU_vulkan_shader_float16_int8 ANDROID_EMU_vulkan_async_queue_submit ANDROID_EMU_sync_buffer_data ANDROID_EMU_read_color_buffer_dma GL_OES_vertex_array_object GL_KHR_texture_compression_astc_ldr ANDROID_EMU_host_side_tracing ANDROID_EMU_gles_max_version_2
08-21 11:21:48.047  5004  5004 W ample.lunchtra: Verification of boolean androidx.fragment.app.FragmentManager.generateOpsForPendingActions(java.util.ArrayList, java.util.ArrayList) took 106.328ms (761.79 bytecodes/s) (2040B approximate peak alloc)
08-21 11:21:48.095   311   346 D goldfish-address-space: claimShared: Ask to claim region [0x3ea78d000 0x3ea988000]
08-21 11:21:48.096  5004  5004 D LifecycleMonitor: Lifecycle status change: androidx.fragment.app.testing.FragmentScenario$EmptyFragmentActivity@e797aed in: PRE_ON_CREATE
08-21 11:21:48.097  5004  5004 V ActivityScenario: Activity lifecycle changed event received but ignored because the reported transition was not ON_CREATE while the last known transition was PRE_ON_CREATE
08-21 11:21:48.110 31616 32505 D HostConnection: HostConnection::get() New Host Connection established 0xf02fbf80, tid 32505
08-21 11:21:48.130 31616 32505 D HostConnection: HostComposition ext ANDROID_EMU_CHECKSUM_HELPER_v1 ANDROID_EMU_native_sync_v2 ANDROID_EMU_native_sync_v3 ANDROID_EMU_native_sync_v4 ANDROID_EMU_dma_v1 ANDROID_EMU_direct_mem ANDROID_EMU_host_composition_v1 ANDROID_EMU_host_composition_v2 ANDROID_EMU_vulkan ANDROID_EMU_deferred_vulkan_commands ANDROID_EMU_vulkan_null_optional_strings ANDROID_EMU_vulkan_create_resources_with_requirements ANDROID_EMU_YUV_Cache ANDROID_EMU_vulkan_ignored_handles ANDROID_EMU_has_shared_slots_host_memory_allocator ANDROID_EMU_vulkan_free_memory_sync ANDROID_EMU_vulkan_shader_float16_int8 ANDROID_EMU_vulkan_async_queue_submit ANDROID_EMU_sync_buffer_data ANDROID_EMU_read_color_buffer_dma GL_OES_vertex_array_object GL_KHR_texture_compression_astc_ldr ANDROID_EMU_host_side_tracing ANDROID_EMU_gles_max_version_2
08-21 11:21:48.279  5004  5004 D LifecycleMonitor: Lifecycle status change: androidx.fragment.app.testing.FragmentScenario$EmptyFragmentActivity@e797aed in: CREATED
08-21 11:21:48.279  5004  5004 V ActivityScenario: Update currentActivityStage to CREATED, currentActivity=androidx.fragment.app.testing.FragmentScenario$EmptyFragmentActivity@e797aed
08-21 11:21:48.287  5004  5004 D LifecycleMonitor: Lifecycle status change: androidx.fragment.app.testing.FragmentScenario$EmptyFragmentActivity@e797aed in: STARTED
08-21 11:21:48.289  5004  5004 V ActivityScenario: Update currentActivityStage to STARTED, currentActivity=androidx.fragment.app.testing.FragmentScenario$EmptyFragmentActivity@e797aed
08-21 11:21:48.294  5004  5004 D LifecycleMonitor: Lifecycle status change: androidx.fragment.app.testing.FragmentScenario$EmptyFragmentActivity@e797aed in: RESUMED
08-21 11:21:48.294  5004  5004 V ActivityScenario: Update currentActivityStage to RESUMED, currentActivity=androidx.fragment.app.testing.FragmentScenario$EmptyFragmentActivity@e797aed
08-21 11:21:48.377  5004  5050 D HostConnection: HostConnection::get() New Host Connection established 0xf02e1100, tid 5050
08-21 11:21:48.389  5004  5050 D HostConnection: HostComposition ext ANDROID_EMU_CHECKSUM_HELPER_v1 ANDROID_EMU_native_sync_v2 ANDROID_EMU_native_sync_v3 ANDROID_EMU_native_sync_v4 ANDROID_EMU_dma_v1 ANDROID_EMU_direct_mem ANDROID_EMU_host_composition_v1 ANDROID_EMU_host_composition_v2 ANDROID_EMU_vulkan ANDROID_EMU_deferred_vulkan_commands ANDROID_EMU_vulkan_null_optional_strings ANDROID_EMU_vulkan_create_resources_with_requirements ANDROID_EMU_YUV_Cache ANDROID_EMU_vulkan_ignored_handles ANDROID_EMU_has_shared_slots_host_memory_allocator ANDROID_EMU_vulkan_free_memory_sync ANDROID_EMU_vulkan_shader_float16_int8 ANDROID_EMU_vulkan_async_queue_submit ANDROID_EMU_sync_buffer_data ANDROID_EMU_read_color_buffer_dma GL_OES_vertex_array_object GL_KHR_texture_compression_astc_ldr ANDROID_EMU_host_side_tracing ANDROID_EMU_gles_max_version_2
08-21 11:21:48.394   174   174 I hwservicemanager: getTransport: Cannot find entry android.hardware.configstore@1.0::ISurfaceFlingerConfigs/default in either framework or device manifest.
08-21 11:21:48.395  5004  5050 W OpenGLRenderer: Failed to choose config with EGL_SWAP_BEHAVIOR_PRESERVED, retrying without...
08-21 11:21:48.411 32218  1277 I FontLog : Received query Noto Color Emoji Compat, URI content://com.google.android.gms.fonts [CONTEXT service_id=132 ]
08-21 11:21:48.415 32218  1277 I FontLog : Query [emojicompat-emoji-font] resolved to {Noto Color Emoji Compat, wdth 100.0, wght 400, ital 0.0, bestEffort false} [CONTEXT service_id=132 ]
08-21 11:21:48.420  5004  5050 D EGL_emulation: eglCreateContext: 0xf02e0ed0: maj 2 min 0 rcv 2
08-21 11:21:48.484  5004  5050 D EGL_emulation: eglMakeCurrent: 0xf02e0ed0: ver 2 0 (tinfo 0xf06242d0) (first time)
08-21 11:21:48.501 32218  1277 I FontLog : Fetch {Noto Color Emoji Compat, wdth 100.0, wght 400, ital 0.0, bestEffort false} end status Status{statusCode=SUCCESS, resolution=null} [CONTEXT service_id=132 ]
08-21 11:21:48.504   311   346 D goldfish-address-space: claimShared: Ask to claim region [0x3e87e9000 0x3e8fd2000]
08-21 11:21:48.510   174   174 I hwservicemanager: getTransport: Cannot find entry android.hardware.graphics.mapper@4.0::IMapper/default in either framework or device manifest.
08-21 11:21:48.510  5004  5050 I Gralloc4: mapper 4.x is not supported
08-21 11:21:48.513  5004  5050 D HostConnection: createUnique: call
08-21 11:21:48.514  5004  5050 D HostConnection: HostConnection::get() New Host Connection established 0xf02ded90, tid 5050
08-21 11:21:48.515  5004  5050 D goldfish-address-space: allocate: Ask for block of size 0x100
08-21 11:21:48.515  5004  5050 D goldfish-address-space: allocate: ioctl allocate returned offset 0x3e7ffe000 size 0x2000
08-21 11:21:48.643 32218  1277 I FontLog : Pulling font file for id = 10, cache size = 7 [CONTEXT service_id=132 ]
08-21 11:21:48.644  5004  5050 D HostConnection: HostComposition ext ANDROID_EMU_CHECKSUM_HELPER_v1 ANDROID_EMU_native_sync_v2 ANDROID_EMU_native_sync_v3 ANDROID_EMU_native_sync_v4 ANDROID_EMU_dma_v1 ANDROID_EMU_direct_mem ANDROID_EMU_host_composition_v1 ANDROID_EMU_host_composition_v2 ANDROID_EMU_vulkan ANDROID_EMU_deferred_vulkan_commands ANDROID_EMU_vulkan_null_optional_strings ANDROID_EMU_vulkan_create_resources_with_requirements ANDROID_EMU_YUV_Cache ANDROID_EMU_vulkan_ignored_handles ANDROID_EMU_has_shared_slots_host_memory_allocator ANDROID_EMU_vulkan_free_memory_sync ANDROID_EMU_vulkan_shader_float16_int8 ANDROID_EMU_vulkan_async_queue_submit ANDROID_EMU_sync_buffer_data ANDROID_EMU_read_color_buffer_dma GL_OES_vertex_array_object GL_KHR_texture_compression_astc_ldr ANDROID_EMU_host_side_tracing ANDROID_EMU_gles_max_version_2
08-21 11:21:48.652   311   346 D goldfish-address-space: claimShared: Ask to claim region [0x3e8fd2000 0x3e97bb000]
08-21 11:21:48.658   311  1166 D goldfish-address-space: claimShared: Ask to claim region [0x3ed606000 0x3eddef000]
08-21 11:21:48.696 32218  1277 I FontLog : Pulling font file for id = 10, cache size = 7 [CONTEXT service_id=132 ]
08-21 11:21:48.846 31616 31634 D EventSequenceValidator: Transition from ACTIVITY_LAUNCHED to ACTIVITY_FINISHED
08-21 11:21:48.898 31616 31644 D ArtManagerInternalImpl: /data/misc/iorapd/com.example.lunchtray/1/androidx.fragment.app.testing.FragmentScenario$EmptyFragmentActivity/compiled_traces/compiled_trace.pb doesn't exist
08-21 11:21:48.914 31616 31644 I ActivityTaskManager: Displayed com.example.lunchtray/androidx.fragment.app.testing.FragmentScenario$EmptyFragmentActivity: +1s502ms
08-21 11:21:49.085 32463   570 I PBSessionCacheImpl: (REDACTED) Deleted sessionId[%d] from persistence.
08-21 11:21:49.101 32751   747 E PhenotypeFlagCommitter: Retrieving snapshot for com.google.android.libraries.internal.growth.growthkit#com.google.android.apps.messaging failed
08-21 11:21:49.101 32751   747 E PhenotypeFlagCommitter: java.util.concurrent.TimeoutException: Timed out waiting for Task
08-21 11:21:49.101 32751   747 E PhenotypeFlagCommitter: 	at vck.a(PG:20)
08-21 11:21:49.101 32751   747 E PhenotypeFlagCommitter: 	at uwd.a(PG:21)
08-21 11:21:49.101 32751   747 E PhenotypeFlagCommitter: 	at uwd.a(PG:11)
08-21 11:21:49.101 32751   747 E PhenotypeFlagCommitter: 	at ablf.a(PG:25)
08-21 11:21:49.101 32751   747 E PhenotypeFlagCommitter: 	at zpl.run(Unknown Source:1)
08-21 11:21:49.101 32751   747 E PhenotypeFlagCommitter: 	at aeua.run(PG:2)
08-21 11:21:49.101 32751   747 E PhenotypeFlagCommitter: 	at java.util.concurrent.ThreadPoolExecutor.runWorker(ThreadPoolExecutor.java:1167)
08-21 11:21:49.101 32751   747 E PhenotypeFlagCommitter: 	at java.util.concurrent.ThreadPoolExecutor$Worker.run(ThreadPoolExecutor.java:641)
08-21 11:21:49.101 32751   747 E PhenotypeFlagCommitter: 	at aesr.run(Unknown Source:4)
08-21 11:21:49.101 32751   747 E PhenotypeFlagCommitter: 	at java.lang.Thread.run(Thread.java:923)
08-21 11:21:49.180 32463   656 W SearchServiceCore: Abort, client detached.
08-21 11:21:49.187 32463   656 I chatty  : uid=10109(com.google.android.googlequicksearchbox) EventBus0 identical 3 lines
08-21 11:21:49.187 32463   656 W SearchServiceCore: Abort, client detached.
08-21 11:21:49.270 32218 32231 I .gms.persisten: Background young concurrent copying GC freed 148672(9764KB) AllocSpace objects, 10(248KB) LOS objects, 33% free, 18MB/27MB, paused 866us total 917.477ms
08-21 11:21:49.324  5030  5061 D libEGL  : loaded /vendor/lib/egl/libEGL_emulation.so
08-21 11:21:49.328  5030  5061 D libEGL  : loaded /vendor/lib/egl/libGLESv1_CM_emulation.so
08-21 11:21:49.336  5030  5061 D libEGL  : loaded /vendor/lib/egl/libGLESv2_emulation.so
08-21 11:21:49.429  5004  5004 D LifecycleMonitor: Lifecycle status change: androidx.test.core.app.InstrumentationActivityInvoker$BootstrapActivity@36b3c3 in: STOPPED
08-21 11:21:49.430  5004  5004 V ActivityScenario: Activity lifecycle changed event received but ignored because the intent does not match. startActivityIntent=Intent { act=android.intent.action.MAIN cat=[android.intent.category.LAUNCHER] cmp=com.example.lunchtray/androidx.fragment.app.testing.FragmentScenario$EmptyFragmentActivity (has extras) }, activity.getIntent()=Intent { act=android.intent.action.MAIN cat=[android.intent.category.LAUNCHER] flg=0x10008000 cmp=com.example.lunchtray/androidx.test.core.app.InstrumentationActivityInvoker$BootstrapActivity (has extras) }, activity=androidx.test.core.app.InstrumentationActivityInvoker$BootstrapActivity@36b3c3
08-21 11:21:49.456  5030  5061 D HostConnection: HostConnection::get() New Host Connection established 0xf02e0300, tid 5061
08-21 11:21:49.492  5030  5061 D HostConnection: HostComposition ext ANDROID_EMU_CHECKSUM_HELPER_v1 ANDROID_EMU_native_sync_v2 ANDROID_EMU_native_sync_v3 ANDROID_EMU_native_sync_v4 ANDROID_EMU_dma_v1 ANDROID_EMU_direct_mem ANDROID_EMU_host_composition_v1 ANDROID_EMU_host_composition_v2 ANDROID_EMU_vulkan ANDROID_EMU_deferred_vulkan_commands ANDROID_EMU_vulkan_null_optional_strings ANDROID_EMU_vulkan_create_resources_with_requirements ANDROID_EMU_YUV_Cache ANDROID_EMU_vulkan_ignored_handles ANDROID_EMU_has_shared_slots_host_memory_allocator ANDROID_EMU_vulkan_free_memory_sync ANDROID_EMU_vulkan_shader_float16_int8 ANDROID_EMU_vulkan_async_queue_submit ANDROID_EMU_sync_buffer_data ANDROID_EMU_read_color_buffer_dma GL_OES_vertex_array_object GL_KHR_texture_compression_astc_ldr ANDROID_EMU_host_side_tracing ANDROID_EMU_gles_max_version_2
08-21 11:21:49.501   174   174 I hwservicemanager: getTransport: Cannot find entry android.hardware.configstore@1.0::ISurfaceFlingerConfigs/default in either framework or device manifest.
08-21 11:21:49.538  5030  5061 D EGL_emulation: eglCreateContext: 0xf02e1640: maj 2 min 0 rcv 2
08-21 11:21:49.557  5004  5026 D EventInjectionStrategy: Creating injection strategy with input manager.
08-21 11:21:49.562  5004  5026 W ample.lunchtra: Accessing hidden method Landroid/hardware/input/InputManager;->getInstance()Landroid/hardware/input/InputManager; (greylist, reflection, allowed)
08-21 11:21:49.565  5004  5026 W ample.lunchtra: Accessing hidden method Landroid/hardware/input/InputManager;->injectInputEvent(Landroid/view/InputEvent;I)Z (greylist, reflection, allowed)
08-21 11:21:49.565  5004  5026 W ample.lunchtra: Accessing hidden field Landroid/hardware/input/InputManager;->INJECT_INPUT_EVENT_MODE_WAIT_FOR_FINISH:I (greylist, reflection, allowed)
08-21 11:21:49.615  5030  5061 D EGL_emulation: eglMakeCurrent: 0xf02e1640: ver 2 0 (tinfo 0xf06311b0) (first time)
08-21 11:21:49.618  5030  5060 I TetheringManager: registerTetheringEventCallback:com.google.android.apps.maps
08-21 11:21:49.695 32573   869 I PeopleChimeraService: onService. callbacks = anrf@2003fd4, request = com.google.android.gms.common.internal.GetServiceRequest@f85f57d
08-21 11:21:49.780  5004  5004 W ample.lunchtra: Accessing hidden method Landroid/os/MessageQueue;->next()Landroid/os/Message; (greylist, reflection, allowed)
08-21 11:21:49.780  5004  5004 W ample.lunchtra: Accessing hidden field Landroid/os/MessageQueue;->mMessages:Landroid/os/Message; (greylist, reflection, allowed)
08-21 11:21:49.780  5004  5004 W ample.lunchtra: Accessing hidden method Landroid/os/Message;->recycleUnchecked()V (greylist, reflection, allowed)
08-21 11:21:49.788 32218  4789 W NetworkScheduler: The Firebase Job Dispatcher and GmsTaskScheduler are deprecated for apps targeting API 30 or newer. Application com.google.android.apps.maps has targetSdkVersion 30. Please migrate to the WorkManager or JobScheduler. [CONTEXT service_id=218 ]
08-21 11:21:49.792 32218  4789 W NetworkScheduler: Running in whitelist mode. Ignoring task: com.google.android.apps.maps/com.google.android.apps.gmm.shared.cache.glide.GlideDiskCacheExpirationService{u=0 tag="glide.cache.periodic" trigger=window{period=86400s,flex=900s,earliest=82079s,latest=86399s} requirements=[NET_CONNECTED] attributes=[PERSISTED,RECURRING] scheduled=0s last_run=N/A exec_window_multiplier=1.0000 jid=N/A status=UNKNOWN retries=0 client_lib=MANCHEGO_GCM-202210000} [CONTEXT service_id=218 ]
08-21 11:21:49.793  5004  5004 W ample.lunchtra: Accessing hidden method Landroid/view/WindowManagerGlobal;->getInstance()Landroid/view/WindowManagerGlobal; (greylist, reflection, allowed)
08-21 11:21:49.793  5004  5004 W ample.lunchtra: Accessing hidden field Landroid/view/WindowManagerGlobal;->mViews:Ljava/util/ArrayList; (greylist, reflection, allowed)
08-21 11:21:49.793  5004  5004 W ample.lunchtra: Accessing hidden field Landroid/view/WindowManagerGlobal;->mParams:Ljava/util/ArrayList; (greylist, reflection, allowed)
08-21 11:21:49.806  5004  5004 D RootViewPicker: Root not ready - waiting: 10ms for one to appear.
08-21 11:21:49.812 31569 31569 I Zygote  : Process 3885 exited due to signal 9 (Killed)
08-21 11:21:49.814 31616 31647 I libprocessgroup: Successfully killed process cgroup uid 10119 pid 3885 in 45ms
08-21 11:21:49.819  5004  5004 D RootViewPicker: Root not ready - waiting: 25ms for one to appear.
08-21 11:21:49.829 31764 31764 V AvrcpMediaPlayerList: onActiveSessionsChanged: number of controllers: 0
08-21 11:21:49.843 31957 31957 D Telephony: isEmergencyPreferredAccount: subId=1, activeData=1
08-21 11:21:49.843 31957 31957 D Telephony: isEmergencyPreferredAccount: Device does not require preference.
08-21 11:21:49.846  5004  5004 D RootViewPicker: Root not ready - waiting: 50ms for one to appear.
08-21 11:21:49.899  5004  5004 D RootViewPicker: Root not ready - waiting: 100ms for one to appear.
08-21 11:21:49.939 32573  1699 I PeopleChimeraService: onService. callbacks = anrf@a94f8c3, request = com.google.android.gms.common.internal.GetServiceRequest@f0b8540
08-21 11:21:49.974 32218  2492 W NetworkScheduler: The Firebase Job Dispatcher and GmsTaskScheduler are deprecated for apps targeting API 30 or newer. Application com.google.android.apps.maps has targetSdkVersion 30. Please migrate to the WorkManager or JobScheduler. [CONTEXT service_id=218 ]
08-21 11:21:49.975 32218  2492 W NetworkScheduler: Running in whitelist mode. Ignoring task: com.google.android.apps.maps/com.google.android.apps.gmm.offline.update.OfflineAutoUpdateMaintenanceGcmService{u=0 tag="default-tag" trigger=window{period=86400s,flex=1800s,earliest=82079s,latest=86399s} requirements=[NET_ANY,CHARGING] attributes=[PERSISTED,RECURRING] scheduled=0s last_run=N/A exec_window_multiplier=1.0000 jid=N/A status=UNKNOWN retries=0 client_lib=MANCHEGO_GCM-202210000} [CONTEXT service_id=218 ]
08-21 11:21:49.988 32573 32573 D BoundBrokerSvc: onBind: Intent { act=com.google.android.gms.languageprofile.service.START pkg=com.google.android.gms }
08-21 11:21:49.988 32573 32573 D BoundBrokerSvc: Loading bound service for intent: Intent { act=com.google.android.gms.languageprofile.service.START pkg=com.google.android.gms }
08-21 11:21:50.003  5004  5004 D RootViewPicker: Root not ready - waiting: 200ms for one to appear.
08-21 11:21:50.023 32751  5081 I BugleNotifications: Refreshing message notifications [CONTEXT for_incoming_messages=true for_failures=false is_silent=true is_quick_reply=false is_smart_reply_update=false ]
08-21 11:21:50.098 32751  5081 W SQLiteLog: (28) double-quoted string literal: ""
08-21 11:21:50.109 32751  5081 I chatty  : uid=10118(com.google.android.apps.messaging) Blocking Thread identical 7 lines
08-21 11:21:50.109 32751  5081 W SQLiteLog: (28) double-quoted string literal: ""
08-21 11:21:50.206  5004  5004 D RootViewPicker: Root not ready - waiting: 400ms for one to appear.
08-21 11:21:50.216 32751  5081 I BugleAction: ActionSchedulerImpl: class com.google.android.apps.messaging.shared.datamodel.action.execution.DeferBackgroundWorkAction-DeferBackgroundWorkAction:124323406018 deferred since it was started from unsafe context
08-21 11:21:50.304  5030  5084 W System  : ClassLoader referenced unknown path:
08-21 11:21:50.366 32218  4825 W ConfiguratorPhenotypeUt: Phenotype bulk platform registration failed. [CONTEXT service_id=204 ]
08-21 11:21:50.366 32218  4825 W ConfiguratorPhenotypeUt: java.util.concurrent.TimeoutException: Timed out waiting for Task
08-21 11:21:50.366 32218  4825 W ConfiguratorPhenotypeUt: 	at bkqa.m(:com.google.android.gms@222615040@22.26.15 (150700-461192076):6)
08-21 11:21:50.366 32218  4825 W ConfiguratorPhenotypeUt: 	at bcin.f(:com.google.android.gms@222615040@22.26.15 (150700-461192076):9)
08-21 11:21:50.366 32218  4825 W ConfiguratorPhenotypeUt: 	at com.google.android.gms.platformconfigurator.PhenotypeConfigurationUpdateListener.b(:com.google.android.gms@222615040@22.26.15 (150700-461192076):3)
08-21 11:21:50.366 32218  4825 W ConfiguratorPhenotypeUt: 	at com.google.android.gms.platformconfigurator.PhenotypeConfigurationUpdateListener.c(:com.google.android.gms@222615040@22.26.15 (150700-461192076):0)
08-21 11:21:50.366 32218  4825 W ConfiguratorPhenotypeUt: 	at com.google.android.gms.platformconfigurator.PhenotypeConfigurationUpdateListener.onHandleIntent(:com.google.android.gms@222615040@22.26.15 (150700-461192076):5)
08-21 11:21:50.366 32218  4825 W ConfiguratorPhenotypeUt: 	at com.google.android.chimera.IntentOperation.onHandleIntent(:com.google.android.gms@222615040@22.26.15 (150700-461192076):2)
08-21 11:21:50.366 32218  4825 W ConfiguratorPhenotypeUt: 	at uzc.onHandleIntent(:com.google.android.gms@222615040@22.26.15 (150700-461192076):4)
08-21 11:21:50.366 32218  4825 W ConfiguratorPhenotypeUt: 	at ffs.run(:com.google.android.gms@222615040@22.26.15 (150700-461192076):3)
08-21 11:21:50.366 32218  4825 W ConfiguratorPhenotypeUt: 	at ffr.run(:com.google.android.gms@222615040@22.26.15 (150700-461192076):11)
08-21 11:21:50.366 32218  4825 W ConfiguratorPhenotypeUt: 	at cfnu.run(:com.google.android.gms@222615040@22.26.15 (150700-461192076):2)
08-21 11:21:50.366 32218  4825 W ConfiguratorPhenotypeUt: 	at java.util.concurrent.ThreadPoolExecutor.runWorker(ThreadPoolExecutor.java:1167)
08-21 11:21:50.366 32218  4825 W ConfiguratorPhenotypeUt: 	at java.util.concurrent.ThreadPoolExecutor$Worker.run(ThreadPoolExecutor.java:641)
08-21 11:21:50.366 32218  4825 W ConfiguratorPhenotypeUt: 	at java.lang.Thread.run(Thread.java:923)
08-21 11:21:50.371 32218  4825 I ExperimentPackageManage: Package com.google.android.as name not found! Using module version.
08-21 11:21:50.372 32218  4825 I ExperimentPackageManage: Package com.android.refreshratecontrol name not found! Using module version.
08-21 11:21:50.373 32218  4825 I ExperimentPackageManage: Package com.google.android.as name not found! Using module version.
08-21 11:21:50.378 32218  4825 I ExperimentPackageManage: Package com.google.oslo name not found! Using module version.
08-21 11:21:50.382 32218  4825 I ExperimentPackageManage: Package com.google.android.art name not found! Using module version.
08-21 11:21:50.383 32218  4825 I ExperimentPackageManage: Package com.google.android.art name not found! Using module version.
08-21 11:21:50.387 32218  4825 I ExperimentPackageManage: Package com.android.media name not found! Using module version.
08-21 11:21:50.395 32218  4825 I ExperimentPackageManage: Package com.android.media.swcodec name not found! Using module version.
08-21 11:21:50.397 32218  4825 I ExperimentPackageManage: Package com.android.appsearch name not found! Using module version.
08-21 11:21:50.399 32218  4825 I ExperimentPackageManage: Package com.android.neuralnetworks name not found! Using module version.
08-21 11:21:50.410 32218  4825 I ExperimentPackageManage: Package com.google.android.odad name not found! Using module version.
08-21 11:21:50.411 32218  4825 I ExperimentPackageManage: Package com.android.media name not found! Using module version.
08-21 11:21:50.421 32218  4825 I ExperimentPackageManage: Package com.android.privateads.apk name not found! Using module version.
08-21 11:21:50.423 32218  4825 I ExperimentPackageManage: Package com.google.android.as.oss name not found! Using module version.
08-21 11:21:50.424 32218  4825 I ExperimentPackageManage: Package 1 name not found! Using module version.
08-21 11:21:50.426 32218  4825 W PhenotypeConfigurationU: Update for unknown DeviceConfig package com.google.android.gms.time#com.google.android.gms [CONTEXT service_id=204 ]
08-21 11:21:50.426 32218  4825 W PhenotypeConfigurationU: bcis: No package exists for config package: com.google.android.gms.time#com.google.android.gms
08-21 11:21:50.426 32218  4825 W PhenotypeConfigurationU: 	at com.google.android.gms.platformconfigurator.PhenotypeConfigurationUpdateListener.a(:com.google.android.gms@222615040@22.26.15 (150700-461192076):7)
08-21 11:21:50.426 32218  4825 W PhenotypeConfigurationU: 	at com.google.android.gms.platformconfigurator.PhenotypeConfigurationUpdateListener.onHandleIntent(:com.google.android.gms@222615040@22.26.15 (150700-461192076):6)
08-21 11:21:50.426 32218  4825 W PhenotypeConfigurationU: 	at com.google.android.chimera.IntentOperation.onHandleIntent(:com.google.android.gms@222615040@22.26.15 (150700-461192076):2)
08-21 11:21:50.426 32218  4825 W PhenotypeConfigurationU: 	at uzc.onHandleIntent(:com.google.android.gms@222615040@22.26.15 (150700-461192076):4)
08-21 11:21:50.426 32218  4825 W PhenotypeConfigurationU: 	at ffs.run(:com.google.android.gms@222615040@22.26.15 (150700-461192076):3)
08-21 11:21:50.426 32218  4825 W PhenotypeConfigurationU: 	at ffr.run(:com.google.android.gms@222615040@22.26.15 (150700-461192076):11)
08-21 11:21:50.426 32218  4825 W PhenotypeConfigurationU: 	at cfnu.run(:com.google.android.gms@222615040@22.26.15 (150700-461192076):2)
08-21 11:21:50.426 32218  4825 W PhenotypeConfigurationU: 	at java.util.concurrent.ThreadPoolExecutor.runWorker(ThreadPoolExecutor.java:1167)
08-21 11:21:50.426 32218  4825 W PhenotypeConfigurationU: 	at java.util.concurrent.ThreadPoolExecutor$Worker.run(ThreadPoolExecutor.java:641)
08-21 11:21:50.426 32218  4825 W PhenotypeConfigurationU: 	at java.lang.Thread.run(Thread.java:923)
08-21 11:21:50.465 32218  4825 I ExperimentPackageManage: Package com.google.android.as name not found! Using module version.
08-21 11:21:50.473 32218  4825 I ExperimentPackageManage: Package com.android.refreshratecontrol name not found! Using module version.
08-21 11:21:50.476 32218  4825 I ExperimentPackageManage: Package com.google.android.as name not found! Using module version.
08-21 11:21:50.487 32218  4825 I ExperimentPackageManage: Package com.google.oslo name not found! Using module version.
08-21 11:21:50.489 32218  4000 I NetworkScheduler.Stats: Task com.google.android.gms/com.google.android.gms.pay.gcmtask.PayGcmTaskService started execution. cause:7 exec_start_elapsed_seconds: 124510 [CONTEXT service_id=218 ]
08-21 11:21:50.490 32218  4825 I ExperimentPackageManage: Package com.google.android.art name not found! Using module version.
08-21 11:21:50.493 32218  4825 I ExperimentPackageManage: Package com.google.android.art name not found! Using module version.
08-21 11:21:50.496 32218  4825 I ExperimentPackageManage: Package com.android.media name not found! Using module version.
08-21 11:21:50.496 32218  4825 I ExperimentPackageManage: Package com.android.media.swcodec name not found! Using module version.
08-21 11:21:50.498 32218  4825 I ExperimentPackageManage: Package com.android.appsearch name not found! Using module version.
08-21 11:21:50.498 32218  4825 I ExperimentPackageManage: Package com.android.neuralnetworks name not found! Using module version.
08-21 11:21:50.499 32218  4825 I ExperimentPackageManage: Package com.google.android.odad name not found! Using module version.
08-21 11:21:50.503 32218  4825 I ExperimentPackageManage: Package com.android.media name not found! Using module version.
08-21 11:21:50.505 32218  4825 I ExperimentPackageManage: Package com.android.privateads.apk name not found! Using module version.
08-21 11:21:50.506 32218  4825 I ExperimentPackageManage: Package com.google.android.as.oss name not found! Using module version.
08-21 11:21:50.508 32218  4825 I ExperimentPackageManage: Package 1 name not found! Using module version.
08-21 11:21:50.514 32218  4825 W ConfiguratorPhenotypeUt: Package com.google.android.odad name not found! Using module version. [CONTEXT service_id=204 ]
08-21 11:21:50.517 32218  4825 W ConfiguratorPhenotypeUt: Package com.google.android.as name not found! Using module version. [CONTEXT service_id=204 ]
08-21 11:21:50.521 32218  4825 W ConfiguratorPhenotypeUt: Package com.android.media.swcodec name not found! Using module version. [CONTEXT service_id=204 ]
08-21 11:21:50.529 32218  4825 W ConfiguratorPhenotypeUt: Package com.google.android.art name not found! Using module version. [CONTEXT service_id=204 ]
08-21 11:21:50.531 32218  4825 W ConfiguratorPhenotypeUt: Package com.android.appsearch name not found! Using module version. [CONTEXT service_id=204 ]
08-21 11:21:50.534 32218  4825 W ConfiguratorPhenotypeUt: Package com.google.android.art name not found! Using module version. [CONTEXT service_id=204 ]
08-21 11:21:50.538 32218  4825 W ConfiguratorPhenotypeUt: Package com.android.privateads.apk name not found! Using module version. [CONTEXT service_id=204 ]
08-21 11:21:50.542 32218  4825 W ConfiguratorPhenotypeUt: Package com.google.android.as name not found! Using module version. [CONTEXT service_id=204 ]
08-21 11:21:50.545 32218  4825 W ConfiguratorPhenotypeUt: Package com.android.media name not found! Using module version. [CONTEXT service_id=204 ]
08-21 11:21:50.547 32218  4825 W ConfiguratorPhenotypeUt: Package com.google.android.as.oss name not found! Using module version. [CONTEXT service_id=204 ]
08-21 11:21:50.550 32218  4825 W ConfiguratorPhenotypeUt: Package com.google.oslo name not found! Using module version. [CONTEXT service_id=204 ]
08-21 11:21:50.553 32218  4825 W ConfiguratorPhenotypeUt: Package com.android.refreshratecontrol name not found! Using module version. [CONTEXT service_id=204 ]
08-21 11:21:50.555 32218  4825 W ConfiguratorPhenotypeUt: Package com.android.media name not found! Using module version. [CONTEXT service_id=204 ]
08-21 11:21:50.558 32218  4825 W ConfiguratorPhenotypeUt: Package com.android.neuralnetworks name not found! Using module version. [CONTEXT service_id=204 ]
08-21 11:21:50.560 32218  4825 W ConfiguratorPhenotypeUt: Package 1 name not found! Using module version. [CONTEXT service_id=204 ]
08-21 11:21:50.581 32218  3999 I NetworkScheduler.Stats: Task com.google.android.gms/com.google.android.gms.languageprofile.GcmTaskService started execution. cause:7 exec_start_elapsed_seconds: 124510 [CONTEXT service_id=218 ]
08-21 11:21:50.610  5004  5004 D RootViewPicker: Root not ready - waiting: 800ms for one to appear.
08-21 11:21:50.651 32218  4000 I NetworkScheduler.Stats: Task com.google.android.gms/com.google.android.gms.pay.gcmtask.PayGcmTaskService finished executing. cause:7 result: 1 elapsed_millis: 294 uptime_millis: 294 exec_start_elapsed_seconds: 124510 [CONTEXT service_id=218 ]
08-21 11:21:50.809 32218  3999 I NetworkScheduler.Stats: Task com.google.android.gms/com.google.android.gms.languageprofile.GcmTaskService finished executing. cause:7 result: 1 elapsed_millis: 329 uptime_millis: 329 exec_start_elapsed_seconds: 124510 [CONTEXT service_id=218 ]
08-21 11:21:50.841 32218  3999 I NetworkScheduler.Stats: Task com.google.android.gms/com.google.android.gms.tapandpay.gcmtask.TapAndPayGcmTaskService started execution. cause:5 exec_start_elapsed_seconds: 124510 [CONTEXT service_id=218 ]
08-21 11:21:50.841  5030  5099 I FA      : App measurement initialized, version: 66000
08-21 11:21:50.841  5030  5099 I FA      : To enable debug logging run: adb shell setprop log.tag.FA VERBOSE
08-21 11:21:50.841  5030  5099 I FA      : To enable faster debug mode event logging run:
08-21 11:21:50.841  5030  5099 I FA      :   adb shell setprop debug.firebase.analytics.app com.google.android.apps.maps
08-21 11:21:50.879 32218  4000 I TapAndPay: deviceSupportsHce has detected emulator [CONTEXT service_id=79 ]
08-21 11:21:50.892 32218  3999 I NetworkScheduler.Stats: Task com.google.android.gms/com.google.android.gms.tapandpay.gcmtask.TapAndPayGcmTaskService finished executing. cause:5 result: 1 elapsed_millis: 135 uptime_millis: 136 exec_start_elapsed_seconds: 124510 [CONTEXT service_id=218 ]
08-21 11:21:50.926 32573 32573 D BoundBrokerSvc: onBind: Intent { act=com.google.android.gms.measurement.START pkg=com.google.android.gms }
08-21 11:21:50.926 32573 32573 D BoundBrokerSvc: Loading bound service for intent: Intent { act=com.google.android.gms.measurement.START pkg=com.google.android.gms }
08-21 11:21:51.412  5004  5004 D RootViewPicker: Root not ready - waiting: 1000ms for one to appear.
08-21 11:21:51.443 32218 32231 I .gms.persisten: Background concurrent copying GC freed 293358(15MB) AllocSpace objects, 4(92KB) LOS objects, 49% free, 12MB/25MB, paused 798us total 207.550ms
08-21 11:21:52.148 31616 31627 W System  : A resource failed to call close.
08-21 11:21:52.148 31616 31627 W System  : A resource failed to call close.
08-21 11:21:52.149 31616 31627 W System  : A resource failed to call release.
08-21 11:21:52.411  4349  4429 E PhenotypeFlagCommitter: Retrieving snapshot for com.google.android.calendar failed
08-21 11:21:52.411  4349  4429 E PhenotypeFlagCommitter: java.util.concurrent.TimeoutException: Timed out waiting for Task
08-21 11:21:52.411  4349  4429 E PhenotypeFlagCommitter: 	at cal.ojn.a(PG:22)
08-21 11:21:52.411  4349  4429 E PhenotypeFlagCommitter: 	at cal.oea.a(PG:31)
08-21 11:21:52.411  4349  4429 E PhenotypeFlagCommitter: 	at cal.oea.a(PG:5)
08-21 11:21:52.411  4349  4429 E PhenotypeFlagCommitter: 	at cal.bde.call(Unknown Source:4)
08-21 11:21:52.411  4349  4429 E PhenotypeFlagCommitter: 	at cal.wra.b(PG:8)
08-21 11:21:52.411  4349  4429 E PhenotypeFlagCommitter: 	at cal.wqb.run(PG:12)
08-21 11:21:52.411  4349  4429 E PhenotypeFlagCommitter: 	at cal.wrb.run(PG:9)
08-21 11:21:52.411  4349  4429 E PhenotypeFlagCommitter: 	at cal.dgt.run(Unknown Source:1)
08-21 11:21:52.411  4349  4429 E PhenotypeFlagCommitter: 	at java.util.concurrent.Executors$RunnableAdapter.call(Executors.java:462)
08-21 11:21:52.411  4349  4429 E PhenotypeFlagCommitter: 	at java.util.concurrent.FutureTask.run(FutureTask.java:266)
08-21 11:21:52.411  4349  4429 E PhenotypeFlagCommitter: 	at java.util.concurrent.ScheduledThreadPoolExecutor$ScheduledFutureTask.run(ScheduledThreadPoolExecutor.java:301)
08-21 11:21:52.411  4349  4429 E PhenotypeFlagCommitter: 	at java.util.concurrent.ThreadPoolExecutor.runWorker(ThreadPoolExecutor.java:1167)
08-21 11:21:52.411  4349  4429 E PhenotypeFlagCommitter: 	at java.util.concurrent.ThreadPoolExecutor$Worker.run(ThreadPoolExecutor.java:641)
08-21 11:21:52.411  4349  4429 E PhenotypeFlagCommitter: 	at cal.dgs.run(Unknown Source:7)
08-21 11:21:52.411  4349  4429 E PhenotypeFlagCommitter: 	at java.lang.Thread.run(Thread.java:923)
08-21 11:21:52.418  5004  5004 D RootViewPicker: Root not ready - waiting: 1000ms for one to appear.
08-21 11:21:52.427  4349  4349 W GrowthKit: Failed to get phenotypeManager in PhenotypeBroadcastReceiver
08-21 11:21:52.427  4349  4349 W GrowthKit: java.lang.NullPointerException: Unable to get GrowthKit Component from host app: com.google.android.calendar
08-21 11:21:52.427  4349  4349 W GrowthKit: 	at cal.ott.a(PG:12)
08-21 11:21:52.427  4349  4349 W GrowthKit: 	at com.google.android.libraries.internal.growth.growthkit.internal.experiments.impl.PhenotypeBroadcastReceiver.onReceive(PG:3)
08-21 11:21:52.427  4349  4349 W GrowthKit: 	at android.app.ActivityThread.handleReceiver(ActivityThread.java:4032)
08-21 11:21:52.427  4349  4349 W GrowthKit: 	at android.app.ActivityThread.access$1400(ActivityThread.java:237)
08-21 11:21:52.427  4349  4349 W GrowthKit: 	at android.app.ActivityThread$H.handleMessage(ActivityThread.java:1924)
08-21 11:21:52.427  4349  4349 W GrowthKit: 	at android.os.Handler.dispatchMessage(Handler.java:106)
08-21 11:21:52.427  4349  4349 W GrowthKit: 	at android.os.Looper.loop(Looper.java:223)
08-21 11:21:52.427  4349  4349 W GrowthKit: 	at android.app.ActivityThread.main(ActivityThread.java:7656)
08-21 11:21:52.427  4349  4349 W GrowthKit: 	at java.lang.reflect.Method.invoke(Native Method)
08-21 11:21:52.427  4349  4349 W GrowthKit: 	at com.android.internal.os.RuntimeInit$MethodAndArgsCaller.run(RuntimeInit.java:592)
08-21 11:21:52.427  4349  4349 W GrowthKit: 	at com.android.internal.os.ZygoteInit.main(ZygoteInit.java:947)
08-21 11:21:52.438 32463 32463 I A       : (REDACTED) Refusing EXCLUSIVE task %s, it is already pending. Try again in %d seconds.
08-21 11:21:52.445  4654  4654 I PhenotypeBackgroundRecv: Skipping com.google.android.libraries.search.googleapp.user#com.google.android.googlequicksearchbox which doesn't use ProcessStable flags.
08-21 11:21:52.539 32573 32573 I GCM     : Message from 745476177629
08-21 11:21:52.621  3504  3504 E Finsky  : [2] CheckinReceiver.c(2): Receiver disabled.
08-21 11:21:52.675 32218  5097 W ChimeraUtils: Module com.google.android.gms.notifications has empty metadata display_name_string_id
08-21 11:21:52.720 32573  4903 I ContactsLoggerIntent: handleUdcSettingChanged: Udc flag is enabled [CONTEXT service_id=135 ]
08-21 11:21:52.814 32218 32235 I FacsCacheGmsModule: Receiving API connection to FACS API from package 'com.google.android.gms'...
08-21 11:21:52.817 32218  5097 W ChimeraUtils: Module com.google.android.gms.notifications has empty metadata display_name_string_id
08-21 11:21:52.818 32218  5097 I NotificationChannelHelp: Creating notification channcel: com.google.android.gms.notifications::com.google.android.gms.growth.notifications.google_guide [CONTEXT service_id=110 ]
08-21 11:21:52.830 32218  5097 W ChimeraUtils: Module com.google.android.gms.notifications has empty metadata display_name_string_id
08-21 11:21:52.835 32218  5097 W ChimeraUtils: Module com.google.android.gms.notifications has empty metadata display_name_string_id
08-21 11:21:52.842 32573 32573 D BoundBrokerSvc: onBind: Intent { act=com.google.android.mobstore.service.START dat=chimera-action:com.google.android.mobstore.service.START cmp=com.google.android.gms/.chimera.GmsBoundBrokerService }
08-21 11:21:52.842 32573 32573 D BoundBrokerSvc: Loading bound service for intent: Intent { act=com.google.android.mobstore.service.START dat=chimera-action:com.google.android.mobstore.service.START cmp=com.google.android.gms/.chimera.GmsBoundBrokerService }
08-21 11:21:52.844 32218  5097 W ChimeraUtils: Module com.google.android.gms.notifications has empty metadata display_name_string_id
08-21 11:21:52.849 32218  5097 I chatty  : uid=10108(com.google.android.gms) OW_NOTIFICATION identical 1 line
08-21 11:21:52.870 32218  5097 W ChimeraUtils: Module com.google.android.gms.notifications has empty metadata display_name_string_id
